R4 cell already complete; preserving and skipping: outputs/TRR-0002/historical-input-target-bridge/parts/historical_alpaca_affine_a1/public_base_target_cut4/a1a2_589f6e179eb4626877c2
R4 cell already complete; preserving and skipping: outputs/TRR-0002/historical-input-target-bridge/parts/historical_alpaca_affine_a1/public_base_target_cut4/a1a2_c316cdf581012bd81cfa
R4 cell already complete; preserving and skipping: outputs/TRR-0002/historical-input-target-bridge/parts/historical_alpaca_affine_a1/public_base_target_cut4/a1a2_422b282c012ff665ee2e
R4 cell already complete; preserving and skipping: outputs/TRR-0002/historical-input-target-bridge/parts/historical_alpaca_affine_a1/public_base_target_cut4/a1a2_43ea0bb737bc075531ca
R4 cell already complete; preserving and skipping: outputs/TRR-0002/historical-input-target-bridge/parts/historical_alpaca_affine_a1/public_base_target_cut4/a1a2_cb89b524f27c2d5e25eb
R4 cell already complete; preserving and skipping: outputs/TRR-0002/historical-input-target-bridge/parts/historical_alpaca_affine_a1/public_base_target_cut4/a1a2_cce5e6b5435e9b1bee34
R4 cell already complete; preserving and skipping: outputs/TRR-0002/historical-input-target-bridge/parts/historical_alpaca_affine_a1/public_base_target_cut4/a1a2_13f73c306bf8946e9a28
R4 cell already complete; preserving and skipping: outputs/TRR-0002/historical-input-target-bridge/parts/historical_alpaca_affine_a1/public_base_target_cut4/a1a2_91503c1f37fac38c4e20
R4 cell already complete; preserving and skipping: outputs/TRR-0002/historical-input-target-bridge/parts/historical_alpaca_affine_a1/public_base_target_cut4/a1a2_ae35177bb01fa67279c3
R4 cell already complete; preserving and skipping: outputs/TRR-0002/historical-input-target-bridge/parts/historical_alpaca_affine_a1/public_base_target_cut4/a1a2_a49923b51936a41a41fb
R4 cell already complete; preserving and skipping: outputs/TRR-0002/historical-input-target-bridge/parts/historical_alpaca_affine_a1/public_base_target_cut4/a1a2_d1700b9c0f2b1b32ec13
R4 cell already complete; preserving and skipping: outputs/TRR-0002/historical-input-target-bridge/parts/historical_alpaca_affine_a1/public_base_target_cut4/a1a2_6de800ba92c3d0ec0808
R4 cell already complete; preserving and skipping: outputs/TRR-0002/historical-input-target-bridge/parts/historical_alpaca_affine_a1/finance_generation300_target_cut4/a1a2_589f6e179eb4626877c2
R4 cell already complete; preserving and skipping: outputs/TRR-0002/historical-input-target-bridge/parts/historical_alpaca_affine_a1/finance_generation300_target_cut4/a1a2_c316cdf581012bd81cfa
R4 cell already complete; preserving and skipping: outputs/TRR-0002/historical-input-target-bridge/parts/historical_alpaca_affine_a1/finance_generation300_target_cut4/a1a2_422b282c012ff665ee2e
R4 cell already complete; preserving and skipping: outputs/TRR-0002/historical-input-target-bridge/parts/historical_alpaca_affine_a1/finance_generation300_target_cut4/a1a2_43ea0bb737bc075531ca
R4 cell already complete; preserving and skipping: outputs/TRR-0002/historical-input-target-bridge/parts/historical_alpaca_affine_a1/finance_generation300_target_cut4/a1a2_cb89b524f27c2d5e25eb
R4 cell already complete; preserving and skipping: outputs/TRR-0002/historical-input-target-bridge/parts/historical_alpaca_affine_a1/finance_generation300_target_cut4/a1a2_cce5e6b5435e9b1bee34
R4 cell already complete; preserving and skipping: outputs/TRR-0002/historical-input-target-bridge/parts/historical_alpaca_affine_a1/finance_generation300_target_cut4/a1a2_13f73c306bf8946e9a28
R4 cell already complete; preserving and skipping: outputs/TRR-0002/historical-input-target-bridge/parts/historical_alpaca_affine_a1/finance_generation300_target_cut4/a1a2_91503c1f37fac38c4e20
R4 cell already complete; preserving and skipping: outputs/TRR-0002/historical-input-target-bridge/parts/historical_alpaca_affine_a1/finance_generation300_target_cut4/a1a2_ae35177bb01fa67279c3
R4 cell already complete; preserving and skipping: outputs/TRR-0002/historical-input-target-bridge/parts/historical_alpaca_affine_a1/finance_generation300_target_cut4/a1a2_a49923b51936a41a41fb
R4 cell already complete; preserving and skipping: outputs/TRR-0002/historical-input-target-bridge/parts/historical_alpaca_affine_a1/finance_generation300_target_cut4/a1a2_d1700b9c0f2b1b32ec13
R4 cell already complete; preserving and skipping: outputs/TRR-0002/historical-input-target-bridge/parts/historical_alpaca_affine_a1/finance_generation300_target_cut4/a1a2_6de800ba92c3d0ec0808
R4 cell already complete; preserving and skipping: outputs/TRR-0002/historical-input-target-bridge/parts/historical_alpaca_affine_a1/vikhr_heavy_target_cut4/a1a2_589f6e179eb4626877c2
R4 cell already complete; preserving and skipping: outputs/TRR-0002/historical-input-target-bridge/parts/historical_alpaca_affine_a1/vikhr_heavy_target_cut4/a1a2_c316cdf581012bd81cfa
R4 cell already complete; preserving and skipping: outputs/TRR-0002/historical-input-target-bridge/parts/historical_alpaca_affine_a1/vikhr_heavy_target_cut4/a1a2_422b282c012ff665ee2e
R4 cell already complete; preserving and skipping: outputs/TRR-0002/historical-input-target-bridge/parts/historical_alpaca_affine_a1/vikhr_heavy_target_cut4/a1a2_43ea0bb737bc075531ca
R4 cell already complete; preserving and skipping: outputs/TRR-0002/historical-input-target-bridge/parts/historical_alpaca_affine_a1/vikhr_heavy_target_cut4/a1a2_cb89b524f27c2d5e25eb
R4 cell already complete; preserving and skipping: outputs/TRR-0002/historical-input-target-bridge/parts/historical_alpaca_affine_a1/vikhr_heavy_target_cut4/a1a2_cce5e6b5435e9b1bee34
R4 cell already complete; preserving and skipping: outputs/TRR-0002/historical-input-target-bridge/parts/historical_alpaca_affine_a1/vikhr_heavy_target_cut4/a1a2_13f73c306bf8946e9a28
R4 cell already complete; preserving and skipping: outputs/TRR-0002/historical-input-target-bridge/parts/historical_alpaca_affine_a1/vikhr_heavy_target_cut4/a1a2_91503c1f37fac38c4e20
R4 cell already complete; preserving and skipping: outputs/TRR-0002/historical-input-target-bridge/parts/historical_alpaca_affine_a1/vikhr_heavy_target_cut4/a1a2_ae35177bb01fa67279c3
R4 cell already complete; preserving and skipping: outputs/TRR-0002/historical-input-target-bridge/parts/historical_alpaca_affine_a1/vikhr_heavy_target_cut4/a1a2_a49923b51936a41a41fb
R4 cell already complete; preserving and skipping: outputs/TRR-0002/historical-input-target-bridge/parts/historical_alpaca_affine_a1/vikhr_heavy_target_cut4/a1a2_d1700b9c0f2b1b32ec13
R4 cell already complete; preserving and skipping: outputs/TRR-0002/historical-input-target-bridge/parts/historical_alpaca_affine_a1/vikhr_heavy_target_cut4/a1a2_6de800ba92c3d0ec0808
R4 cell already complete; preserving and skipping: outputs/TRR-0002/historical-input-target-bridge/parts/checkpoint_identity_a1/public_base_target_cut4/a1a2_589f6e179eb4626877c2
R4 cell already complete; preserving and skipping: outputs/TRR-0002/historical-input-target-bridge/parts/checkpoint_identity_a1/public_base_target_cut4/a1a2_43ea0bb737bc075531ca
R4 cell already complete; preserving and skipping: outputs/TRR-0002/historical-input-target-bridge/parts/checkpoint_identity_a1/public_base_target_cut4/a1a2_13f73c306bf8946e9a28
R4 cell already complete; preserving and skipping: outputs/TRR-0002/historical-input-target-bridge/parts/checkpoint_identity_a1/finance_generation300_target_cut4/a1a2_589f6e179eb4626877c2
R4 cell already complete; preserving and skipping: outputs/TRR-0002/historical-input-target-bridge/parts/checkpoint_identity_a1/finance_generation300_target_cut4/a1a2_43ea0bb737bc075531ca
R4 cell already complete; preserving and skipping: outputs/TRR-0002/historical-input-target-bridge/parts/checkpoint_identity_a1/finance_generation300_target_cut4/a1a2_13f73c306bf8946e9a28
R4 cell already complete; preserving and skipping: outputs/TRR-0002/historical-input-target-bridge/parts/checkpoint_identity_a1/vikhr_heavy_target_cut4/a1a2_589f6e179eb4626877c2
R4 cell already complete; preserving and skipping: outputs/TRR-0002/historical-input-target-bridge/parts/checkpoint_identity_a1/vikhr_heavy_target_cut4/a1a2_43ea0bb737bc075531ca
R4 cell already complete; preserving and skipping: outputs/TRR-0002/historical-input-target-bridge/parts/checkpoint_identity_a1/vikhr_heavy_target_cut4/a1a2_13f73c306bf8946e9a28
{"parts": 36, "proposer": "historical_alpaca_affine_a1", "sha256": "4df1c66cfd084c4c375514daa80e7bd40a21a77406f6127bf85235d04f938cb9", "status": "PREDICTIONS_CREATED_WITHOUT_TRUTH"}
{"parts": 9, "proposer": "checkpoint_identity_a1", "sha256": "05b7519115beadf996bc231896926d109741457e5e4bd2187ee84e3270b6c02b", "status": "PREDICTIONS_CREATED_WITHOUT_TRUTH"}
