R4 cell already complete; preserving and skipping: outputs/TRR-0002/historical-input-target-bridge/parts/historical_alpaca_affine_a1/public_base_target_cut4/a1a2_589f6e179eb4626877c2
R4 cell already complete; preserving and skipping: outputs/TRR-0002/historical-input-target-bridge/parts/historical_alpaca_affine_a1/public_base_target_cut4/a1a2_c316cdf581012bd81cfa
R4 cell already complete; preserving and skipping: outputs/TRR-0002/historical-input-target-bridge/parts/historical_alpaca_affine_a1/public_base_target_cut4/a1a2_422b282c012ff665ee2e
R4 cell already complete; preserving and skipping: outputs/TRR-0002/historical-input-target-bridge/parts/historical_alpaca_affine_a1/public_base_target_cut4/a1a2_43ea0bb737bc075531ca
R4 cell already complete; preserving and skipping: outputs/TRR-0002/historical-input-target-bridge/parts/historical_alpaca_affine_a1/public_base_target_cut4/a1a2_cb89b524f27c2d5e25eb
R4 cell already complete; preserving and skipping: outputs/TRR-0002/historical-input-target-bridge/parts/historical_alpaca_affine_a1/public_base_target_cut4/a1a2_cce5e6b5435e9b1bee34
R4 cell already complete; preserving and skipping: outputs/TRR-0002/historical-input-target-bridge/parts/historical_alpaca_affine_a1/public_base_target_cut4/a1a2_13f73c306bf8946e9a28
{"completed": 1, "condition": "public_base_target_cut4", "policy": "fast_a1_099_then_k256_direct", "proposer": "historical_alpaca_affine_a1", "seconds": 107.54632644900005, "status": "R4_PREDICTION_PROGRESS", "total": 1}
{"proposer": "historical_alpaca_affine_a1", "sha256": "2858a911d34f36806aa73555b442ae934da9ba270f4a333eef44dfc2cbd6a50b", "status": "PREDICTIONS_CREATED_WITHOUT_TRUTH"}
{"completed": 1, "condition": "public_base_target_cut4", "policy": "fast_a1_099_then_k256_centered", "proposer": "historical_alpaca_affine_a1", "seconds": 109.88358592399993, "status": "R4_PREDICTION_PROGRESS", "total": 1}
{"proposer": "historical_alpaca_affine_a1", "sha256": "24dca75c0734138b41d5d907a7d06ca8456dfadb152c122e0a5327f7994a357e", "status": "PREDICTIONS_CREATED_WITHOUT_TRUTH"}
{"completed": 1, "condition": "public_base_target_cut4", "policy": "multistage_historical_gate", "proposer": "historical_alpaca_affine_a1", "seconds": 50.99031364000007, "status": "R4_PREDICTION_PROGRESS", "total": 1}
{"proposer": "historical_alpaca_affine_a1", "sha256": "16bd24a77baad374feb7d3865ee6ca2076dfd19b6ec90d012d6dc9629634b901", "status": "PREDICTIONS_CREATED_WITHOUT_TRUTH"}
{"completed": 1, "condition": "public_base_target_cut4", "policy": "adaptive_k256_to_k512_rms_q05", "proposer": "historical_alpaca_affine_a1", "seconds": 114.64731863499992, "status": "R4_PREDICTION_PROGRESS", "total": 1}
{"proposer": "historical_alpaca_affine_a1", "sha256": "3311738f16aa6828f8ef5147128348ff349be9defca1a3519b7a242e512838f9", "status": "PREDICTIONS_CREATED_WITHOUT_TRUTH"}
{"completed": 1, "condition": "public_base_target_cut4", "policy": "historical_strict_anchor", "proposer": "historical_alpaca_affine_a1", "seconds": 47.89428247899991, "status": "R4_PREDICTION_PROGRESS", "total": 1}
{"proposer": "historical_alpaca_affine_a1", "sha256": "f72002e403fe22c96bc2bd0c98a6076d865afa6d35ead5b4756682f4bfc0d0e2", "status": "PREDICTIONS_CREATED_WITHOUT_TRUTH"}
{"completed": 1, "condition": "finance_generation300_target_cut4", "policy": "fixed_k64_direct", "proposer": "historical_alpaca_affine_a1", "seconds": 68.86448330099984, "status": "R4_PREDICTION_PROGRESS", "total": 1}
{"proposer": "historical_alpaca_affine_a1", "sha256": "4b9514a8c27f6fc8a02b70585d7ccd6f3d23d2e9066cb76d2b76bb7ca98eedc7", "status": "PREDICTIONS_CREATED_WITHOUT_TRUTH"}
{"completed": 1, "condition": "finance_generation300_target_cut4", "policy": "calibrated_k32_to_k64", "proposer": "historical_alpaca_affine_a1", "seconds": 75.2113955929999, "status": "R4_PREDICTION_PROGRESS", "total": 1}
{"proposer": "historical_alpaca_affine_a1", "sha256": "f7de74cb8929bd4b696760bcd5265d751359db2d76eea12a9e3a1160ad65abb2", "status": "PREDICTIONS_CREATED_WITHOUT_TRUTH"}
{"completed": 1, "condition": "finance_generation300_target_cut4", "policy": "fixed_k128_direct", "proposer": "historical_alpaca_affine_a1", "seconds": 104.83018922999986, "status": "R4_PREDICTION_PROGRESS", "total": 1}
{"proposer": "historical_alpaca_affine_a1", "sha256": "1ecd7cef01741789fcd0faa2840f562c9ed98e9399cfe4ce47b15c30701c9bca", "status": "PREDICTIONS_CREATED_WITHOUT_TRUTH"}
{"completed": 1, "condition": "finance_generation300_target_cut4", "policy": "fixed_k256_direct", "proposer": "historical_alpaca_affine_a1", "seconds": 183.60344545600014, "status": "R4_PREDICTION_PROGRESS", "total": 1}
{"proposer": "historical_alpaca_affine_a1", "sha256": "06414ea3be4cdb6beffda46c93ae83bf0ae44632971ed0a93aca4e9f182eee6c", "status": "PREDICTIONS_CREATED_WITHOUT_TRUTH"}
{"completed": 1, "condition": "finance_generation300_target_cut4", "policy": "fixed_k256_centered", "proposer": "historical_alpaca_affine_a1", "seconds": 182.25803134800003, "status": "R4_PREDICTION_PROGRESS", "total": 1}
{"proposer": "historical_alpaca_affine_a1", "sha256": "810dcf4b5433489ce4311b8e99b2e8ed3cbebeaf656ad24de3033ee572510334", "status": "PREDICTIONS_CREATED_WITHOUT_TRUTH"}
{"completed": 1, "condition": "finance_generation300_target_cut4", "policy": "fixed_k512_direct", "proposer": "historical_alpaca_affine_a1", "seconds": 327.409815686, "status": "R4_PREDICTION_PROGRESS", "total": 1}
{"proposer": "historical_alpaca_affine_a1", "sha256": "2228baa79a4914a1ffc5be94aa22cb0642f15206f0abe3d1b635400d0e01d07c", "status": "PREDICTIONS_CREATED_WITHOUT_TRUTH"}
{"completed": 1, "condition": "finance_generation300_target_cut4", "policy": "fixed_k512_centered", "proposer": "historical_alpaca_affine_a1", "seconds": 329.12704061199975, "status": "R4_PREDICTION_PROGRESS", "total": 1}
{"proposer": "historical_alpaca_affine_a1", "sha256": "cd6277c4706a3897d05fbd0068af56e86b271ac18def5cf94f79d9f147044be0", "status": "PREDICTIONS_CREATED_WITHOUT_TRUTH"}
{"completed": 1, "condition": "finance_generation300_target_cut4", "policy": "fast_a1_099_then_k256_direct", "proposer": "historical_alpaca_affine_a1", "seconds": 107.40499667699987, "status": "R4_PREDICTION_PROGRESS", "total": 1}
{"proposer": "historical_alpaca_affine_a1", "sha256": "bbca5acd31bfc057c0f903e28a85465fe696f30a93022528925d91571d9305e4", "status": "PREDICTIONS_CREATED_WITHOUT_TRUTH"}
{"completed": 1, "condition": "finance_generation300_target_cut4", "policy": "fast_a1_099_then_k256_centered", "proposer": "historical_alpaca_affine_a1", "seconds": 107.04387003900001, "status": "R4_PREDICTION_PROGRESS", "total": 1}
{"proposer": "historical_alpaca_affine_a1", "sha256": "59011fce71c443d5515dbc81df379e3eb18178044356dea1e867e6a4e9fc462a", "status": "PREDICTIONS_CREATED_WITHOUT_TRUTH"}
{"completed": 1, "condition": "finance_generation300_target_cut4", "policy": "multistage_historical_gate", "proposer": "historical_alpaca_affine_a1", "seconds": 50.914646577999974, "status": "R4_PREDICTION_PROGRESS", "total": 1}
{"proposer": "historical_alpaca_affine_a1", "sha256": "2fb9bad25ef0cbdf1022c8cc98042b683c97c5aaa1a4276035c0d0539d0136b6", "status": "PREDICTIONS_CREATED_WITHOUT_TRUTH"}
{"completed": 1, "condition": "finance_generation300_target_cut4", "policy": "adaptive_k256_to_k512_rms_q05", "proposer": "historical_alpaca_affine_a1", "seconds": 114.40905591699993, "status": "R4_PREDICTION_PROGRESS", "total": 1}
{"proposer": "historical_alpaca_affine_a1", "sha256": "fee1b0fae42ae5f0835bae8a263fb55acda48de6234f62367af0f06916d3ef3b", "status": "PREDICTIONS_CREATED_WITHOUT_TRUTH"}
{"completed": 1, "condition": "finance_generation300_target_cut4", "policy": "historical_strict_anchor", "proposer": "historical_alpaca_affine_a1", "seconds": 48.809014859999934, "status": "R4_PREDICTION_PROGRESS", "total": 1}
{"proposer": "historical_alpaca_affine_a1", "sha256": "71f430ee37c4f25a2b7496c7b6c95f65cfd38afb1444d84f006ff5b8d873fc51", "status": "PREDICTIONS_CREATED_WITHOUT_TRUTH"}
{"completed": 1, "condition": "vikhr_heavy_target_cut4", "policy": "fixed_k64_direct", "proposer": "historical_alpaca_affine_a1", "seconds": 69.07230307599957, "status": "R4_PREDICTION_PROGRESS", "total": 1}
{"proposer": "historical_alpaca_affine_a1", "sha256": "5178d4eb5519cc7d4d65932fc9c360de931571f3cfd411a335ffcb815c8fc2f3", "status": "PREDICTIONS_CREATED_WITHOUT_TRUTH"}
{"completed": 1, "condition": "vikhr_heavy_target_cut4", "policy": "calibrated_k32_to_k64", "proposer": "historical_alpaca_affine_a1", "seconds": 75.74465761500005, "status": "R4_PREDICTION_PROGRESS", "total": 1}
{"proposer": "historical_alpaca_affine_a1", "sha256": "1c7ad672584b70493339fa683b230d354b1f5fc0604621b824ed8993cd7bda77", "status": "PREDICTIONS_CREATED_WITHOUT_TRUTH"}
{"completed": 1, "condition": "vikhr_heavy_target_cut4", "policy": "fixed_k128_direct", "proposer": "historical_alpaca_affine_a1", "seconds": 90.31222938399969, "status": "R4_PREDICTION_PROGRESS", "total": 1}
{"proposer": "historical_alpaca_affine_a1", "sha256": "c984887880ab7283a9e34114a8b3accc622348724f9812cba1ad65ad9e2b7c4a", "status": "PREDICTIONS_CREATED_WITHOUT_TRUTH"}
{"completed": 1, "condition": "vikhr_heavy_target_cut4", "policy": "fixed_k256_direct", "proposer": "historical_alpaca_affine_a1", "seconds": 154.45020056299973, "status": "R4_PREDICTION_PROGRESS", "total": 1}
{"proposer": "historical_alpaca_affine_a1", "sha256": "28074c5fa7d53d16c42740d7b5148aaea74a2603e679683ec9e8adea3fd4b2d2", "status": "PREDICTIONS_CREATED_WITHOUT_TRUTH"}
{"completed": 1, "condition": "vikhr_heavy_target_cut4", "policy": "fixed_k256_centered", "proposer": "historical_alpaca_affine_a1", "seconds": 154.40219075899995, "status": "R4_PREDICTION_PROGRESS", "total": 1}
{"proposer": "historical_alpaca_affine_a1", "sha256": "05fb822a3bd17f9ecc38537b4243e6260ae45c208debd16f0259266138b01e67", "status": "PREDICTIONS_CREATED_WITHOUT_TRUTH"}
{"completed": 1, "condition": "vikhr_heavy_target_cut4", "policy": "fixed_k512_direct", "proposer": "historical_alpaca_affine_a1", "seconds": 277.0226274910001, "status": "R4_PREDICTION_PROGRESS", "total": 1}
{"proposer": "historical_alpaca_affine_a1", "sha256": "0f99e1cefd3f6ca8a90e2f27c4440d8036506ff6d02f277d2d5a4b93208bbf22", "status": "PREDICTIONS_CREATED_WITHOUT_TRUTH"}
{"completed": 1, "condition": "vikhr_heavy_target_cut4", "policy": "fixed_k512_centered", "proposer": "historical_alpaca_affine_a1", "seconds": 276.3659287290002, "status": "R4_PREDICTION_PROGRESS", "total": 1}
{"proposer": "historical_alpaca_affine_a1", "sha256": "4ce47ac1d88b0315eb6e58be50dab36114b7a43f98c128c2542214514a52af24", "status": "PREDICTIONS_CREATED_WITHOUT_TRUTH"}
{"completed": 1, "condition": "vikhr_heavy_target_cut4", "policy": "fast_a1_099_then_k256_direct", "proposer": "historical_alpaca_affine_a1", "seconds": 87.97890283299967, "status": "R4_PREDICTION_PROGRESS", "total": 1}
{"proposer": "historical_alpaca_affine_a1", "sha256": "f248c355b382e405eea799529b63a2d6fa38651f5b31ece552a5a5ad80e68cad", "status": "PREDICTIONS_CREATED_WITHOUT_TRUTH"}
{"completed": 1, "condition": "vikhr_heavy_target_cut4", "policy": "fast_a1_099_then_k256_centered", "proposer": "historical_alpaca_affine_a1", "seconds": 88.29432344599991, "status": "R4_PREDICTION_PROGRESS", "total": 1}
{"proposer": "historical_alpaca_affine_a1", "sha256": "aa1fb97747469763399851db008cbacf338cc4a1ff80c80b650245365b05b662", "status": "PREDICTIONS_CREATED_WITHOUT_TRUTH"}
{"completed": 1, "condition": "vikhr_heavy_target_cut4", "policy": "multistage_historical_gate", "proposer": "historical_alpaca_affine_a1", "seconds": 48.04827334899983, "status": "R4_PREDICTION_PROGRESS", "total": 1}
{"proposer": "historical_alpaca_affine_a1", "sha256": "2afb61ea1089bf14dcc76c0a6efdd5268b169cb7ef29bde68a6917d632888d66", "status": "PREDICTIONS_CREATED_WITHOUT_TRUTH"}
{"completed": 1, "condition": "vikhr_heavy_target_cut4", "policy": "adaptive_k256_to_k512_rms_q05", "proposer": "historical_alpaca_affine_a1", "seconds": 93.58777710100003, "status": "R4_PREDICTION_PROGRESS", "total": 1}
{"proposer": "historical_alpaca_affine_a1", "sha256": "632dc6b42c8185487b2e999074f173e37adc8d6dbf43b6e126a3aa37498d11b0", "status": "PREDICTIONS_CREATED_WITHOUT_TRUTH"}
{"completed": 1, "condition": "vikhr_heavy_target_cut4", "policy": "historical_strict_anchor", "proposer": "historical_alpaca_affine_a1", "seconds": 40.18761425499997, "status": "R4_PREDICTION_PROGRESS", "total": 1}
{"proposer": "historical_alpaca_affine_a1", "sha256": "7a2a2f2573e46c553932480bd09deae0e8fce4d7ed057e43404e69fa1b50ff66", "status": "PREDICTIONS_CREATED_WITHOUT_TRUTH"}
{"completed": 1, "condition": "public_base_target_cut4", "policy": "fixed_k64_direct", "proposer": "checkpoint_identity_a1", "seconds": 57.01399243099968, "status": "R4_PREDICTION_PROGRESS", "total": 1}
{"proposer": "checkpoint_identity_a1", "sha256": "356b0599da1429bf314a322f8f2e9101ab5fccbb3f6b449b1e2e0b3eb69a53c0", "status": "PREDICTIONS_CREATED_WITHOUT_TRUTH"}
{"completed": 1, "condition": "public_base_target_cut4", "policy": "fixed_k256_direct", "proposer": "checkpoint_identity_a1", "seconds": 152.02111566800068, "status": "R4_PREDICTION_PROGRESS", "total": 1}
{"proposer": "checkpoint_identity_a1", "sha256": "93e5a3af4f244224fc2eb257da3e0f0e148f44934fcb16e7d117c28eea4eb8a1", "status": "PREDICTIONS_CREATED_WITHOUT_TRUTH"}
{"completed": 1, "condition": "public_base_target_cut4", "policy": "fixed_k512_centered", "proposer": "checkpoint_identity_a1", "seconds": 275.55417993100036, "status": "R4_PREDICTION_PROGRESS", "total": 1}
{"proposer": "checkpoint_identity_a1", "sha256": "61440f8cbc70d1a3e2e99fd7a7783f0374fdb1a241ed69dcd4f007d3e60bc35e", "status": "PREDICTIONS_CREATED_WITHOUT_TRUTH"}
{"completed": 1, "condition": "finance_generation300_target_cut4", "policy": "fixed_k64_direct", "proposer": "checkpoint_identity_a1", "seconds": 57.03364752299967, "status": "R4_PREDICTION_PROGRESS", "total": 1}
{"proposer": "checkpoint_identity_a1", "sha256": "d3cd1b63e7e6043d25fea07c9702ff94eee6baba11c80ff64895d353239f2a77", "status": "PREDICTIONS_CREATED_WITHOUT_TRUTH"}
{"completed": 1, "condition": "finance_generation300_target_cut4", "policy": "fixed_k256_direct", "proposer": "checkpoint_identity_a1", "seconds": 151.8843697679995, "status": "R4_PREDICTION_PROGRESS", "total": 1}
{"proposer": "checkpoint_identity_a1", "sha256": "4887b5b10d18c5fa5f7a0eb35e78564b52026f444abe6ce32221e3a7932edccd", "status": "PREDICTIONS_CREATED_WITHOUT_TRUTH"}
{"completed": 1, "condition": "finance_generation300_target_cut4", "policy": "fixed_k512_centered", "proposer": "checkpoint_identity_a1", "seconds": 276.1737564489995, "status": "R4_PREDICTION_PROGRESS", "total": 1}
{"proposer": "checkpoint_identity_a1", "sha256": "d3165a30bfb17124d8fd194f0861a81e021ed9fd1771b676ad2a9538c8f59013", "status": "PREDICTIONS_CREATED_WITHOUT_TRUTH"}
{"completed": 1, "condition": "vikhr_heavy_target_cut4", "policy": "fixed_k64_direct", "proposer": "checkpoint_identity_a1", "seconds": 57.0279228039999, "status": "R4_PREDICTION_PROGRESS", "total": 1}
{"proposer": "checkpoint_identity_a1", "sha256": "26cbaf8a5fc4bfb6767986cab487e8895b29095a3f36e72c9a618d6a3b728117", "status": "PREDICTIONS_CREATED_WITHOUT_TRUTH"}
{"completed": 1, "condition": "vikhr_heavy_target_cut4", "policy": "fixed_k256_direct", "proposer": "checkpoint_identity_a1", "seconds": 152.10497689899967, "status": "R4_PREDICTION_PROGRESS", "total": 1}
{"proposer": "checkpoint_identity_a1", "sha256": "36cfec4639cf2adb9ce8753e1e0ea32595dde7f327abc2e12d1b9e034c4dd237", "status": "PREDICTIONS_CREATED_WITHOUT_TRUTH"}
{"completed": 1, "condition": "vikhr_heavy_target_cut4", "policy": "fixed_k512_centered", "proposer": "checkpoint_identity_a1", "seconds": 276.1023231050003, "status": "R4_PREDICTION_PROGRESS", "total": 1}
{"proposer": "checkpoint_identity_a1", "sha256": "14e9d0924784e911dcca2661a446e39ee817b103f87d38a5ba04cdf5ff4e0265", "status": "PREDICTIONS_CREATED_WITHOUT_TRUTH"}
