{
  "cells": [
    "pile__public_base",
    "pile__public_lora_2601",
    "finance__public_base",
    "finance__public_lora_2601"
  ],
  "frozen_entries": 68,
  "frozen_root": "experiments/TRR-0005/fresh_confirmation_v1/predictions_v2_contract_export",
  "method_ids": [
    "historical_alpaca_a1",
    "frozen_a1_a2_k256",
    "original__joint_full_affine",
    "original__affine_causal_h_attention128",
    "original__affine_trained_diagonal_attention128",
    "enriched__joint_full_affine",
    "enriched__affine_causal_h_attention128",
    "enriched__affine_trained_diagonal_attention128"
  ],
  "public_gate": {
    "cells": 4,
    "domains": [
      "pile",
      "finance"
    ],
    "methods": 8,
    "panel_status": "FROZEN_FRESH_CONFIRMATION_PANEL",
    "prediction_artifacts": 32,
    "task_id": "TRR-0005",
    "timing_receipts": 32,
    "truth_opened": false
  },
  "receipt": {
    "bytes": 23906,
    "path": "experiments/TRR-0005/fresh_confirmation_v1/freeze_receipt_v2.json",
    "sha256": "f0891e9fe6c3c83636c7da3864c83801928acb58121306b72506342b7293941e"
  },
  "schema": "token-reconstruction.trr0005-confirmation-freeze.v1",
  "status": "PUBLIC_MATRIX_FROZEN_NO_TRUTH_OPENED",
  "task_id": "TRR-0005",
  "truth_opened": false
}
