Enumerating objects: 43, done.
Counting objects:   2% (1/43)
Counting objects:   4% (2/43)
Counting objects:   6% (3/43)
Counting objects:   9% (4/43)
Counting objects:  11% (5/43)
Counting objects:  13% (6/43)
Counting objects:  16% (7/43)
Counting objects:  18% (8/43)
Counting objects:  20% (9/43)
Counting objects:  23% (10/43)
Counting objects:  25% (11/43)
Counting objects:  27% (12/43)
Counting objects:  30% (13/43)
Counting objects:  32% (14/43)
Counting objects:  34% (15/43)
Counting objects:  37% (16/43)
Counting objects:  39% (17/43)
Counting objects:  41% (18/43)
Counting objects:  44% (19/43)
Counting objects:  46% (20/43)
Counting objects:  48% (21/43)
Counting objects:  51% (22/43)
Counting objects:  53% (23/43)
Counting objects:  55% (24/43)
Counting objects:  58% (25/43)
Counting objects:  60% (26/43)
Counting objects:  62% (27/43)
Counting objects:  65% (28/43)
Counting objects:  67% (29/43)
Counting objects:  69% (30/43)
Counting objects:  72% (31/43)
Counting objects:  74% (32/43)
Counting objects:  76% (33/43)
Counting objects:  79% (34/43)
Counting objects:  81% (35/43)
Counting objects:  83% (36/43)
Counting objects:  86% (37/43)
Counting objects:  88% (38/43)
Counting objects:  90% (39/43)
Counting objects:  93% (40/43)
Counting objects:  95% (41/43)
Counting objects:  97% (42/43)
Counting objects: 100% (43/43)
Counting objects: 100% (43/43), done.
Delta compression using up to 2 threads
Compressing objects:   2% (1/39)
Compressing objects:   5% (2/39)
Compressing objects:   7% (3/39)
Compressing objects:  10% (4/39)
Compressing objects:  12% (5/39)
Compressing objects:  15% (6/39)
Compressing objects:  17% (7/39)
Compressing objects:  20% (8/39)
Compressing objects:  23% (9/39)
Compressing objects:  25% (10/39)
Compressing objects:  28% (11/39)
Compressing objects:  30% (12/39)
Compressing objects:  33% (13/39)
Compressing objects:  35% (14/39)
Compressing objects:  38% (15/39)
Compressing objects:  41% (16/39)
Compressing objects:  43% (17/39)
Compressing objects:  46% (18/39)
Compressing objects:  48% (19/39)
Compressing objects:  51% (20/39)
Compressing objects:  53% (21/39)
Compressing objects:  56% (22/39)
Compressing objects:  58% (23/39)
Compressing objects:  61% (24/39)
Compressing objects:  64% (25/39)
Compressing objects:  66% (26/39)
Compressing objects:  69% (27/39)
Compressing objects:  71% (28/39)
Compressing objects:  74% (29/39)
Compressing objects:  76% (30/39)
Compressing objects:  79% (31/39)
Compressing objects:  82% (32/39)
Compressing objects:  84% (33/39)
Compressing objects:  87% (34/39)
Compressing objects:  89% (35/39)
Compressing objects:  92% (36/39)
Compressing objects:  94% (37/39)
Compressing objects:  97% (38/39)
Compressing objects: 100% (39/39)
Compressing objects: 100% (39/39), done.
Writing objects:   2% (1/39)
Writing objects:   5% (2/39)
Writing objects:   7% (3/39)
Writing objects:  10% (4/39)
Writing objects:  12% (5/39)
Writing objects:  15% (6/39)
Writing objects:  15% (6/39), 984.00 KiB | 1.12 MiB/s
Writing objects:  15% (6/39), 2.45 MiB | 1.79 MiB/s  
Writing objects:  15% (6/39), 6.13 MiB | 2.56 MiB/s
Writing objects:  15% (6/39), 8.52 MiB | 2.50 MiB/s
Writing objects:  15% (6/39), 11.44 MiB | 2.59 MiB/s
Writing objects:  15% (6/39), 12.95 MiB | 2.62 MiB/s
Writing objects:  15% (6/39), 14.81 MiB | 2.32 MiB/s
Writing objects:  15% (6/39), 16.74 MiB | 2.07 MiB/s
Writing objects:  15% (6/39), 19.13 MiB | 1.97 MiB/s
Writing objects:  15% (6/39), 20.55 MiB | 1.83 MiB/s
Writing objects:  15% (6/39), 21.58 MiB | 1.69 MiB/s
Writing objects:  15% (6/39), 22.86 MiB | 1.57 MiB/s
Writing objects:  15% (6/39), 24.48 MiB | 1.39 MiB/s
Writing objects:  15% (6/39), 26.11 MiB | 1.37 MiB/s
Writing objects:  15% (6/39), 28.06 MiB | 1.52 MiB/s
Writing objects:  15% (6/39), 29.39 MiB | 1.56 MiB/s
Writing objects:  15% (6/39), 31.29 MiB | 1.68 MiB/s
Writing objects:  15% (6/39), 34.11 MiB | 1.94 MiB/s
Writing objects:  15% (6/39), 37.27 MiB | 2.22 MiB/s
Writing objects:  15% (6/39), 41.73 MiB | 2.87 MiB/s
Writing objects:  15% (6/39), 45.28 MiB | 3.33 MiB/s
Writing objects:  17% (7/39), 46.57 MiB | 3.38 MiB/s
Writing objects:  17% (7/39), 48.02 MiB | 2.84 MiB/s
Writing objects:  17% (7/39), 51.71 MiB | 2.98 MiB/s
Writing objects:  17% (7/39), 54.73 MiB | 2.87 MiB/s
Writing objects:  17% (7/39), 58.63 MiB | 2.67 MiB/s
Writing objects:  17% (7/39), 61.54 MiB | 2.76 MiB/s
Writing objects:  17% (7/39), 65.51 MiB | 3.32 MiB/s
Writing objects:  17% (7/39), 69.49 MiB | 3.62 MiB/s
Writing objects:  17% (7/39), 72.09 MiB | 3.41 MiB/s
Writing objects:  17% (7/39), 75.03 MiB | 3.33 MiB/s
Writing objects:  17% (7/39), 78.66 MiB | 3.39 MiB/s
Writing objects:  17% (7/39), 83.41 MiB | 3.36 MiB/s
Writing objects:  17% (7/39), 86.62 MiB | 3.51 MiB/s
Writing objects:  17% (7/39), 90.95 MiB | 3.82 MiB/s
Writing objects:  17% (7/39), 93.99 MiB | 3.81 MiB/s
Writing objects:  20% (8/39), 95.73 MiB | 3.76 MiB/s
Writing objects:  20% (8/39), 96.04 MiB | 2.98 MiB/s
Writing objects:  20% (8/39), 98.11 MiB | 2.92 MiB/s
Writing objects:  20% (8/39), 100.80 MiB | 2.82 MiB/s
Writing objects:  20% (8/39), 104.10 MiB | 2.61 MiB/s
Writing objects:  20% (8/39), 107.77 MiB | 2.74 MiB/s
Writing objects:  20% (8/39), 110.27 MiB | 3.14 MiB/s
Writing objects:  20% (8/39), 113.69 MiB | 3.17 MiB/s
Writing objects:  20% (8/39), 118.63 MiB | 3.54 MiB/s
Writing objects:  20% (8/39), 121.52 MiB | 3.44 MiB/s
Writing objects:  20% (8/39), 124.14 MiB | 3.34 MiB/s
Writing objects:  20% (8/39), 126.98 MiB | 3.36 MiB/s
Writing objects:  20% (8/39), 131.17 MiB | 3.33 MiB/s
Writing objects:  20% (8/39), 135.58 MiB | 3.40 MiB/s
Writing objects:  20% (8/39), 139.25 MiB | 3.61 MiB/s
Writing objects:  20% (8/39), 142.65 MiB | 3.80 MiB/s
Writing objects:  23% (9/39), 142.65 MiB | 3.80 MiB/s
Writing objects:  23% (9/39), 144.05 MiB | 3.14 MiB/s
Writing objects:  23% (9/39), 146.20 MiB | 3.19 MiB/s
Writing objects:  23% (9/39), 148.52 MiB | 2.69 MiB/s
Writing objects:  23% (9/39), 150.96 MiB | 2.52 MiB/s
Writing objects:  23% (9/39), 152.59 MiB | 2.07 MiB/s
Writing objects:  23% (9/39), 154.84 MiB | 2.37 MiB/s
Writing objects:  23% (9/39), 158.14 MiB | 2.39 MiB/s
Writing objects:  23% (9/39), 160.82 MiB | 2.40 MiB/s
Writing objects:  23% (9/39), 164.19 MiB | 2.70 MiB/s
Writing objects:  23% (9/39), 167.70 MiB | 3.11 MiB/s
Writing objects:  23% (9/39), 170.66 MiB | 3.09 MiB/s
Writing objects:  23% (9/39), 173.67 MiB | 3.12 MiB/s
Writing objects:  23% (9/39), 178.08 MiB | 3.41 MiB/s
Writing objects:  23% (9/39), 182.13 MiB | 3.56 MiB/s
Writing objects:  23% (9/39), 185.51 MiB | 3.59 MiB/s
Writing objects:  23% (9/39), 188.88 MiB | 3.70 MiB/s
Writing objects:  25% (10/39), 190.96 MiB | 3.81 MiB/s
Writing objects:  25% (10/39), 192.07 MiB | 3.18 MiB/s
Writing objects:  25% (10/39), 194.39 MiB | 3.14 MiB/s
Writing objects:  25% (10/39), 197.48 MiB | 2.96 MiB/s
Writing objects:  25% (10/39), 200.39 MiB | 2.87 MiB/s
Writing objects:  25% (10/39), 204.40 MiB | 3.00 MiB/s
Writing objects:  25% (10/39), 207.34 MiB | 3.36 MiB/s
Writing objects:  25% (10/39), 211.09 MiB | 3.35 MiB/s
Writing objects:  25% (10/39), 215.68 MiB | 3.71 MiB/s
Writing objects:  25% (10/39), 218.20 MiB | 3.52 MiB/s
Writing objects:  25% (10/39), 221.76 MiB | 3.50 MiB/s
Writing objects:  25% (10/39), 224.43 MiB | 3.40 MiB/s
Writing objects:  25% (10/39), 228.20 MiB | 3.20 MiB/s
Writing objects:  25% (10/39), 230.96 MiB | 3.11 MiB/s
Writing objects:  25% (10/39), 233.82 MiB | 3.04 MiB/s
Writing objects:  25% (10/39), 237.20 MiB | 3.12 MiB/s
Writing objects:  28% (11/39), 239.48 MiB | 3.30 MiB/s
Writing objects:  28% (11/39), 240.09 MiB | 2.75 MiB/s
Writing objects:  28% (11/39), 242.35 MiB | 2.78 MiB/s
Writing objects:  28% (11/39), 245.41 MiB | 2.85 MiB/s
Writing objects:  28% (11/39), 248.38 MiB | 2.88 MiB/s
Writing objects:  28% (11/39), 252.26 MiB | 2.98 MiB/s
Writing objects:  28% (11/39), 256.22 MiB | 3.57 MiB/s
Writing objects:  28% (11/39), 259.53 MiB | 3.45 MiB/s
Writing objects:  28% (11/39), 262.03 MiB | 3.36 MiB/s
Writing objects:  28% (11/39), 265.05 MiB | 3.26 MiB/s
Writing objects:  28% (11/39), 268.66 MiB | 3.17 MiB/s
Writing objects:  28% (11/39), 270.58 MiB | 2.70 MiB/s
Writing objects:  28% (11/39), 271.65 MiB | 2.37 MiB/s
Writing objects:  28% (11/39), 273.31 MiB | 2.17 MiB/s
Writing objects:  28% (11/39), 275.86 MiB | 1.92 MiB/s
Writing objects:  28% (11/39), 279.99 MiB | 2.27 MiB/s
Writing objects:  28% (11/39), 283.97 MiB | 2.85 MiB/s
Writing objects:  28% (11/39), 286.69 MiB | 3.13 MiB/s
Writing objects:  30% (12/39), 286.69 MiB | 3.13 MiB/s
Writing objects:  30% (12/39), 288.09 MiB | 2.73 MiB/s
Writing objects:  30% (12/39), 290.38 MiB | 2.96 MiB/s
Writing objects:  30% (12/39), 293.23 MiB | 2.84 MiB/s
Writing objects:  30% (12/39), 296.34 MiB | 2.65 MiB/s
Writing objects:  30% (12/39), 297.36 MiB | 2.18 MiB/s
Writing objects:  30% (12/39), 298.09 MiB | 2.14 MiB/s
Writing objects:  30% (12/39), 298.68 MiB | 1.42 MiB/s
Writing objects:  30% (12/39), 299.83 MiB | 1.09 MiB/s
Writing objects:  30% (12/39), 301.28 MiB | 912.00 KiB/s
Writing objects:  30% (12/39), 303.20 MiB | 1.16 MiB/s  
Writing objects:  30% (12/39), 305.14 MiB | 1.45 MiB/s
Writing objects:  30% (12/39), 307.40 MiB | 1.81 MiB/s
Writing objects:  30% (12/39), 310.98 MiB | 2.25 MiB/s
Writing objects:  30% (12/39), 313.91 MiB | 2.57 MiB/s
Writing objects:  30% (12/39), 317.30 MiB | 2.92 MiB/s
Writing objects:  30% (12/39), 321.54 MiB | 3.39 MiB/s
Writing objects:  30% (12/39), 324.73 MiB | 3.48 MiB/s
Writing objects:  30% (12/39), 328.58 MiB | 3.53 MiB/s
Writing objects:  30% (12/39), 331.40 MiB | 3.51 MiB/s
Writing objects:  30% (12/39), 334.02 MiB | 3.16 MiB/s
Writing objects:  33% (13/39), 335.18 MiB | 3.01 MiB/s
Writing objects:  33% (13/39), 336.11 MiB | 2.48 MiB/s
Writing objects:  33% (13/39), 340.79 MiB | 2.67 MiB/s
Writing objects:  33% (13/39), 343.95 MiB | 2.64 MiB/s
Writing objects:  33% (13/39), 347.43 MiB | 2.81 MiB/s
Writing objects:  33% (13/39), 349.70 MiB | 2.75 MiB/s
Writing objects:  33% (13/39), 353.11 MiB | 3.18 MiB/s
Writing objects:  33% (13/39), 356.95 MiB | 3.18 MiB/s
Writing objects:  33% (13/39), 360.08 MiB | 3.20 MiB/s
Writing objects:  33% (13/39), 365.17 MiB | 3.41 MiB/s
Writing objects:  33% (13/39), 367.52 MiB | 3.17 MiB/s
Writing objects:  33% (13/39), 371.16 MiB | 3.13 MiB/s
Writing objects:  33% (13/39), 374.12 MiB | 3.09 MiB/s
Writing objects:  33% (13/39), 377.48 MiB | 3.02 MiB/s
Writing objects:  33% (13/39), 381.59 MiB | 3.37 MiB/s
Writing objects:  33% (13/39), 383.07 MiB | 3.42 MiB/s
Writing objects:  35% (14/39), 383.07 MiB | 3.42 MiB/s
Writing objects:  35% (14/39), 384.13 MiB | 2.83 MiB/s
Writing objects:  35% (14/39), 387.90 MiB | 2.86 MiB/s
Writing objects:  35% (14/39), 391.79 MiB | 3.04 MiB/s
Writing objects:  35% (14/39), 396.63 MiB | 3.20 MiB/s
Writing objects:  35% (14/39), 399.19 MiB | 3.04 MiB/s
Writing objects:  35% (14/39), 402.26 MiB | 3.46 MiB/s
Writing objects:  35% (14/39), 405.71 MiB | 3.50 MiB/s
Writing objects:  35% (14/39), 409.09 MiB | 3.20 MiB/s
Writing objects:  35% (14/39), 412.35 MiB | 3.18 MiB/s
Writing objects:  35% (14/39), 415.64 MiB | 3.25 MiB/s
Writing objects:  35% (14/39), 418.73 MiB | 3.25 MiB/s
Writing objects:  35% (14/39), 422.87 MiB | 3.33 MiB/s
Writing objects:  35% (14/39), 426.56 MiB | 3.50 MiB/s
Writing objects:  35% (14/39), 429.22 MiB | 3.27 MiB/s
Writing objects:  38% (15/39), 430.94 MiB | 3.36 MiB/s
Writing objects:  38% (15/39), 434.33 MiB | 2.97 MiB/s
Writing objects:  38% (15/39), 437.02 MiB | 2.70 MiB/s
Writing objects:  38% (15/39), 439.86 MiB | 2.55 MiB/s
Writing objects:  38% (15/39), 443.19 MiB | 2.68 MiB/s
Writing objects:  38% (15/39), 447.05 MiB | 3.29 MiB/s
Writing objects:  38% (15/39), 451.44 MiB | 3.46 MiB/s
Writing objects:  38% (15/39), 454.66 MiB | 3.60 MiB/s
Writing objects:  38% (15/39), 459.06 MiB | 3.85 MiB/s
Writing objects:  38% (15/39), 462.95 MiB | 3.94 MiB/s
Writing objects:  38% (15/39), 465.73 MiB | 3.58 MiB/s
Writing objects:  38% (15/39), 469.05 MiB | 3.53 MiB/s
Writing objects:  38% (15/39), 471.96 MiB | 3.36 MiB/s
Writing objects:  38% (15/39), 475.27 MiB | 2.95 MiB/s
Writing objects:  38% (15/39), 478.17 MiB | 3.08 MiB/s
Writing objects:  41% (16/39), 480.04 MiB | 3.16 MiB/s
Writing objects:  41% (16/39), 480.16 MiB | 2.53 MiB/s
Writing objects:  41% (16/39), 482.40 MiB | 2.69 MiB/s
Writing objects:  41% (16/39), 485.78 MiB | 2.79 MiB/s
Writing objects:  41% (16/39), 490.98 MiB | 3.15 MiB/s
Writing objects:  41% (16/39), 493.39 MiB | 3.05 MiB/s
Writing objects:  41% (16/39), 496.38 MiB | 3.57 MiB/s
Writing objects:  41% (16/39), 498.87 MiB | 3.28 MiB/s
Writing objects:  41% (16/39), 502.67 MiB | 3.16 MiB/s
Writing objects:  41% (16/39), 505.44 MiB | 2.94 MiB/s
Writing objects:  41% (16/39), 508.91 MiB | 3.10 MiB/s
Writing objects:  41% (16/39), 511.94 MiB | 3.18 MiB/s
Writing objects:  41% (16/39), 515.24 MiB | 3.22 MiB/s
Writing objects:  41% (16/39), 517.70 MiB | 3.00 MiB/s
Writing objects:  41% (16/39), 520.91 MiB | 3.04 MiB/s
Writing objects:  41% (16/39), 523.38 MiB | 2.79 MiB/s
Writing objects:  41% (16/39), 526.98 MiB | 2.98 MiB/s
Writing objects:  43% (17/39), 526.98 MiB | 2.98 MiB/s
Writing objects:  43% (17/39), 528.17 MiB | 2.40 MiB/s
Writing objects:  43% (17/39), 530.62 MiB | 2.64 MiB/s
Writing objects:  43% (17/39), 534.08 MiB | 2.75 MiB/s
Writing objects:  43% (17/39), 536.16 MiB | 2.63 MiB/s
Writing objects:  43% (17/39), 539.27 MiB | 2.65 MiB/s
Writing objects:  43% (17/39), 542.24 MiB | 3.11 MiB/s
Writing objects:  43% (17/39), 545.33 MiB | 2.84 MiB/s
Writing objects:  43% (17/39), 548.47 MiB | 2.94 MiB/s
Writing objects:  43% (17/39), 552.01 MiB | 3.18 MiB/s
Writing objects:  43% (17/39), 554.13 MiB | 2.87 MiB/s
Writing objects:  43% (17/39), 555.98 MiB | 2.71 MiB/s
Writing objects:  43% (17/39), 558.32 MiB | 2.53 MiB/s
Writing objects:  43% (17/39), 560.47 MiB | 2.23 MiB/s
Writing objects:  43% (17/39), 564.02 MiB | 2.40 MiB/s
Writing objects:  43% (17/39), 567.49 MiB | 2.70 MiB/s
Writing objects:  43% (17/39), 572.07 MiB | 3.25 MiB/s
Writing objects:  46% (18/39), 574.61 MiB | 3.55 MiB/s
Writing objects:  46% (18/39), 576.19 MiB | 3.09 MiB/s
Writing objects:  46% (18/39), 580.01 MiB | 3.29 MiB/s
Writing objects:  46% (18/39), 583.98 MiB | 3.37 MiB/s
Writing objects:  46% (18/39), 588.19 MiB | 3.42 MiB/s
Writing objects:  46% (18/39), 591.72 MiB | 3.15 MiB/s
Writing objects:  46% (18/39), 594.74 MiB | 3.58 MiB/s
Writing objects:  46% (18/39), 596.52 MiB | 3.25 MiB/s
Writing objects:  46% (18/39), 599.18 MiB | 2.76 MiB/s
Writing objects:  46% (18/39), 601.08 MiB | 2.47 MiB/s
Writing objects:  46% (18/39), 603.66 MiB | 2.21 MiB/s
Writing objects:  46% (18/39), 607.74 MiB | 2.67 MiB/s
Writing objects:  46% (18/39), 610.64 MiB | 2.83 MiB/s
Writing objects:  46% (18/39), 614.60 MiB | 3.18 MiB/s
Writing objects:  46% (18/39), 619.13 MiB | 3.74 MiB/s
Writing objects:  46% (18/39), 622.63 MiB | 3.79 MiB/s
Writing objects:  48% (19/39), 622.63 MiB | 3.79 MiB/s
Writing objects:  48% (19/39), 624.20 MiB | 3.08 MiB/s
Writing objects:  48% (19/39), 627.84 MiB | 3.22 MiB/s
Writing objects:  48% (19/39), 631.47 MiB | 3.15 MiB/s
Writing objects:  48% (19/39), 633.99 MiB | 2.77 MiB/s
Writing objects:  48% (19/39), 637.69 MiB | 2.81 MiB/s
Writing objects:  48% (19/39), 642.09 MiB | 3.45 MiB/s
Writing objects:  48% (19/39), 644.62 MiB | 3.32 MiB/s
Writing objects:  48% (19/39), 648.47 MiB | 3.49 MiB/s
Writing objects:  48% (19/39), 652.41 MiB | 3.70 MiB/s
Writing objects:  48% (19/39), 655.70 MiB | 3.38 MiB/s
Writing objects:  48% (19/39), 657.77 MiB | 3.18 MiB/s
Writing objects:  48% (19/39), 659.31 MiB | 2.83 MiB/s
Writing objects:  48% (19/39), 660.83 MiB | 2.30 MiB/s
Writing objects:  48% (19/39), 663.33 MiB | 1.95 MiB/s
Writing objects:  48% (19/39), 666.55 MiB | 2.16 MiB/s
Writing objects:  48% (19/39), 669.67 MiB | 2.46 MiB/s
Writing objects:  51% (20/39), 671.29 MiB | 2.64 MiB/s
Writing objects:  51% (20/39), 672.21 MiB | 2.34 MiB/s
Writing objects:  51% (20/39), 675.45 MiB | 2.61 MiB/s
Writing objects:  51% (20/39), 678.71 MiB | 2.63 MiB/s
Writing objects:  51% (20/39), 682.01 MiB | 2.61 MiB/s
Writing objects:  51% (20/39), 684.95 MiB | 2.60 MiB/s
Writing objects:  51% (20/39), 687.80 MiB | 2.95 MiB/s
Writing objects:  51% (20/39), 691.77 MiB | 3.25 MiB/s
Writing objects:  51% (20/39), 696.05 MiB | 3.44 MiB/s
Writing objects:  51% (20/39), 699.09 MiB | 3.43 MiB/s
Writing objects:  51% (20/39), 702.30 MiB | 3.52 MiB/s
Writing objects:  51% (20/39), 705.78 MiB | 3.56 MiB/s
Writing objects:  51% (20/39), 708.76 MiB | 3.14 MiB/s
Writing objects:  51% (20/39), 713.05 MiB | 3.38 MiB/s
Writing objects:  51% (20/39), 716.41 MiB | 3.48 MiB/s
Writing objects:  51% (20/39), 719.23 MiB | 3.27 MiB/s
Writing objects:  53% (21/39), 719.23 MiB | 3.27 MiB/s
Writing objects:  53% (21/39), 720.23 MiB | 2.75 MiB/s
Writing objects:  53% (21/39), 724.19 MiB | 2.93 MiB/s
Writing objects:  53% (21/39), 727.36 MiB | 2.72 MiB/s
Writing objects:  53% (21/39), 730.84 MiB | 2.74 MiB/s
Writing objects:  53% (21/39), 734.16 MiB | 2.84 MiB/s
Writing objects:  53% (21/39), 737.09 MiB | 3.20 MiB/s
Writing objects:  53% (21/39), 740.95 MiB | 3.32 MiB/s
Writing objects:  53% (21/39), 744.98 MiB | 3.52 MiB/s
Writing objects:  53% (21/39), 748.61 MiB | 3.55 MiB/s
Writing objects:  53% (21/39), 751.88 MiB | 3.59 MiB/s
Writing objects:  53% (21/39), 754.91 MiB | 3.53 MiB/s
Writing objects:  53% (21/39), 757.99 MiB | 3.16 MiB/s
Writing objects:  53% (21/39), 762.18 MiB | 3.39 MiB/s
Writing objects:  53% (21/39), 766.01 MiB | 3.38 MiB/s
Writing objects:  56% (22/39), 767.27 MiB | 3.37 MiB/s
Writing objects:  56% (22/39), 768.24 MiB | 2.79 MiB/s
Writing objects:  56% (22/39), 772.13 MiB | 2.97 MiB/s
Writing objects:  56% (22/39), 775.73 MiB | 2.99 MiB/s
Writing objects:  56% (22/39), 778.38 MiB | 2.54 MiB/s
Writing objects:  56% (22/39), 781.19 MiB | 2.62 MiB/s
Writing objects:  56% (22/39), 784.64 MiB | 3.08 MiB/s
Writing objects:  56% (22/39), 789.64 MiB | 3.46 MiB/s
Writing objects:  56% (22/39), 792.91 MiB | 3.51 MiB/s
Writing objects:  56% (22/39), 795.39 MiB | 3.46 MiB/s
Writing objects:  56% (22/39), 798.41 MiB | 3.46 MiB/s
Writing objects:  56% (22/39), 803.41 MiB | 3.66 MiB/s
Writing objects:  56% (22/39), 806.90 MiB | 3.46 MiB/s
Writing objects:  56% (22/39), 810.91 MiB | 3.68 MiB/s
Writing objects:  56% (22/39), 813.70 MiB | 3.75 MiB/s
Writing objects:  58% (23/39), 815.13 MiB | 3.69 MiB/s
Writing objects:  58% (23/39), 816.26 MiB | 2.86 MiB/s
Writing objects:  58% (23/39), 818.55 MiB | 2.43 MiB/s
Writing objects:  58% (23/39), 819.82 MiB | 2.02 MiB/s
Writing objects:  58% (23/39), 822.45 MiB | 1.86 MiB/s
Writing objects:  58% (23/39), 825.04 MiB | 1.80 MiB/s
Writing objects:  58% (23/39), 827.65 MiB | 2.13 MiB/s
Writing objects:  58% (23/39), 830.51 MiB | 2.50 MiB/s
Writing objects:  58% (23/39), 833.81 MiB | 2.84 MiB/s
Writing objects:  58% (23/39), 836.70 MiB | 2.81 MiB/s
Writing objects:  58% (23/39), 841.20 MiB | 3.26 MiB/s
Writing objects:  58% (23/39), 844.94 MiB | 3.53 MiB/s
Writing objects:  58% (23/39), 848.54 MiB | 3.54 MiB/s
Writing objects:  58% (23/39), 851.09 MiB | 3.51 MiB/s
Writing objects:  58% (23/39), 854.77 MiB | 3.51 MiB/s
Writing objects:  58% (23/39), 857.25 MiB | 3.04 MiB/s
Writing objects:  58% (23/39), 859.88 MiB | 2.86 MiB/s
Writing objects:  58% (23/39), 862.70 MiB | 2.85 MiB/s
Writing objects:  61% (24/39), 863.98 MiB | 2.83 MiB/s
Writing objects:  61% (24/39), 864.27 MiB | 2.25 MiB/s
Writing objects:  61% (24/39), 866.46 MiB | 2.30 MiB/s
Writing objects:  61% (24/39), 868.66 MiB | 2.25 MiB/s
Writing objects:  61% (24/39), 871.93 MiB | 2.38 MiB/s
Writing objects:  61% (24/39), 875.23 MiB | 2.45 MiB/s
Writing objects:  61% (24/39), 878.51 MiB | 3.12 MiB/s
Writing objects:  61% (24/39), 883.25 MiB | 3.46 MiB/s
Writing objects:  61% (24/39), 886.10 MiB | 3.50 MiB/s
Writing objects:  61% (24/39), 889.21 MiB | 3.34 MiB/s
Writing objects:  61% (24/39), 894.09 MiB | 3.78 MiB/s
Writing objects:  61% (24/39), 897.27 MiB | 3.63 MiB/s
Writing objects:  61% (24/39), 900.27 MiB | 3.34 MiB/s
Writing objects:  61% (24/39), 903.29 MiB | 3.42 MiB/s
Writing objects:  61% (24/39), 906.98 MiB | 3.37 MiB/s
Writing objects:  61% (24/39), 910.91 MiB | 3.34 MiB/s
Writing objects:  64% (25/39), 910.91 MiB | 3.34 MiB/s
Writing objects:  64% (25/39), 912.29 MiB | 2.76 MiB/s
Writing objects:  64% (25/39), 914.50 MiB | 2.92 MiB/s
Writing objects:  64% (25/39), 917.80 MiB | 2.96 MiB/s
Writing objects:  64% (25/39), 923.42 MiB | 3.05 MiB/s
Writing objects:  64% (25/39), 926.11 MiB | 2.82 MiB/s
Writing objects:  64% (25/39), 929.46 MiB | 3.31 MiB/s
Writing objects:  64% (25/39), 933.45 MiB | 3.46 MiB/s
Writing objects:  64% (25/39), 937.51 MiB | 3.44 MiB/s
Writing objects:  64% (25/39), 940.10 MiB | 3.38 MiB/s
Writing objects:  64% (25/39), 942.89 MiB | 3.36 MiB/s
Writing objects:  64% (25/39), 946.78 MiB | 3.44 MiB/s
Writing objects:  64% (25/39), 951.25 MiB | 3.40 MiB/s
Writing objects:  64% (25/39), 954.88 MiB | 3.54 MiB/s
Writing objects:  64% (25/39), 959.97 MiB | 4.09 MiB/s
Writing objects:  66% (26/39), 959.97 MiB | 4.09 MiB/s
Writing objects:  66% (26/39), 960.30 MiB | 3.42 MiB/s
Writing objects:  66% (26/39), 962.88 MiB | 3.58 MiB/s
Writing objects:  66% (26/39), 966.35 MiB | 3.31 MiB/s
Writing objects:  66% (26/39), 969.91 MiB | 3.33 MiB/s
Writing objects:  66% (26/39), 974.31 MiB | 2.82 MiB/s
Writing objects:  66% (26/39), 975.92 MiB | 3.45 MiB/s
Writing objects:  66% (26/39), 980.36 MiB | 3.42 MiB/s
Writing objects:  66% (26/39), 983.91 MiB | 3.50 MiB/s
Writing objects:  66% (26/39), 986.78 MiB | 3.31 MiB/s
Writing objects:  66% (26/39), 991.38 MiB | 3.74 MiB/s
Writing objects:  66% (26/39), 994.25 MiB | 3.58 MiB/s
Writing objects:  66% (26/39), 996.01 MiB | 2.87 MiB/s
Writing objects:  66% (26/39), 998.33 MiB | 2.86 MiB/s
Writing objects:  66% (26/39), 1001.54 MiB | 2.79 MiB/s
Writing objects:  66% (26/39), 1005.08 MiB | 2.56 MiB/s
Writing objects:  69% (27/39), 1006.67 MiB | 2.72 MiB/s
Writing objects:  69% (27/39), 1010.34 MiB | 2.64 MiB/s
Writing objects:  69% (27/39), 1012.92 MiB | 2.69 MiB/s
Writing objects:  69% (27/39), 1015.55 MiB | 2.58 MiB/s
Writing objects:  69% (27/39), 1019.04 MiB | 2.57 MiB/s
Writing objects:  69% (27/39), 1022.77 MiB | 3.19 MiB/s
Writing objects:  69% (27/39), 1.00 GiB | 3.45 MiB/s   
Writing objects:  69% (27/39), 1.00 GiB | 3.65 MiB/s
Writing objects:  69% (27/39), 1.01 GiB | 3.79 MiB/s
Writing objects:  69% (27/39), 1.01 GiB | 3.70 MiB/s
Writing objects:  69% (27/39), 1.01 GiB | 3.54 MiB/s
Writing objects:  69% (27/39), 1.02 GiB | 3.57 MiB/s
Writing objects:  69% (27/39), 1.02 GiB | 3.64 MiB/s
Writing objects:  69% (27/39), 1.02 GiB | 3.59 MiB/s
Writing objects:  69% (27/39), 1.02 GiB | 3.13 MiB/s
Writing objects:  69% (27/39), 1.02 GiB | 2.74 MiB/s
Writing objects:  69% (27/39), 1.02 GiB | 1.81 MiB/s
Writing objects:  69% (27/39), 1.02 GiB | 1.14 MiB/s
Writing objects:  69% (27/39), 1.03 GiB | 726.00 KiB/s
Writing objects:  69% (27/39), 1.03 GiB | 573.00 KiB/s
Writing objects:  71% (28/39), 1.03 GiB | 582.00 KiB/s
Writing objects:  71% (28/39), 1.03 GiB | 483.00 KiB/s
Writing objects:  71% (28/39), 1.03 GiB | 950.00 KiB/s
Writing objects:  71% (28/39), 1.03 GiB | 1.56 MiB/s  
Writing objects:  71% (28/39), 1.04 GiB | 2.24 MiB/s
Writing objects:  71% (28/39), 1.04 GiB | 2.83 MiB/s
Writing objects:  71% (28/39), 1.04 GiB | 3.91 MiB/s
Writing objects:  71% (28/39), 1.05 GiB | 3.74 MiB/s
Writing objects:  71% (28/39), 1.05 GiB | 3.82 MiB/s
Writing objects:  71% (28/39), 1.06 GiB | 4.04 MiB/s
Writing objects:  71% (28/39), 1.06 GiB | 3.62 MiB/s
Writing objects:  71% (28/39), 1.06 GiB | 3.04 MiB/s
Writing objects:  71% (28/39), 1.06 GiB | 2.71 MiB/s
Writing objects:  71% (28/39), 1.06 GiB | 2.22 MiB/s
Writing objects:  71% (28/39), 1.07 GiB | 2.42 MiB/s
Writing objects:  71% (28/39), 1.07 GiB | 2.67 MiB/s
Writing objects:  74% (29/39), 1.07 GiB | 2.82 MiB/s
Writing objects:  74% (29/39), 1.08 GiB | 2.99 MiB/s
Writing objects:  74% (29/39), 1.08 GiB | 3.15 MiB/s
Writing objects:  74% (29/39), 1.08 GiB | 2.99 MiB/s
Writing objects:  74% (29/39), 1.09 GiB | 3.01 MiB/s
Writing objects:  74% (29/39), 1.09 GiB | 3.26 MiB/s
Writing objects:  74% (29/39), 1.09 GiB | 3.03 MiB/s
Writing objects:  74% (29/39), 1.10 GiB | 3.34 MiB/s
Writing objects:  74% (29/39), 1.10 GiB | 3.40 MiB/s
Writing objects:  76% (30/39), 1.10 GiB | 3.40 MiB/s
Writing objects:  79% (31/39), 1.10 GiB | 3.40 MiB/s
Writing objects:  82% (32/39), 1.10 GiB | 3.40 MiB/s
Writing objects:  84% (33/39), 1.10 GiB | 3.40 MiB/s
Writing objects:  87% (34/39), 1.10 GiB | 3.40 MiB/s
Writing objects:  89% (35/39), 1.10 GiB | 3.40 MiB/s
Writing objects:  92% (36/39), 1.10 GiB | 3.40 MiB/s
Writing objects:  94% (37/39), 1.10 GiB | 3.40 MiB/s
Writing objects:  97% (38/39), 1.10 GiB | 3.40 MiB/s
Writing objects: 100% (39/39), 1.10 GiB | 3.40 MiB/s
Writing objects: 100% (39/39), 1.10 GiB | 2.95 MiB/s, done.
Total 39 (delta 4), reused 0 (delta 0), pack-reused 0 (from 0)
remote: Resolving deltas:   0% (0/4)        
remote: Resolving deltas:  25% (1/4)        
remote: Resolving deltas:  50% (2/4)        
remote: Resolving deltas:  75% (3/4)        
remote: Resolving deltas: 100% (4/4)        
remote: Resolving deltas: 100% (4/4), completed with 4 local objects.        
To https://github.com/A-lan-Z/Token-Reconstruction-Research.git
 	9b0bc7f2ade7b250c077d489ad1e02c487bbec6c:refs/heads/task/TRR-0020	d68b4f6..9b0bc7f
Done
