Enumerating objects: 1728, done.
Counting objects:   0% (1/1728)
Counting objects:   1% (18/1728)
Counting objects:   2% (35/1728)
Counting objects:   3% (52/1728)
Counting objects:   4% (70/1728)
Counting objects:   5% (87/1728)
Counting objects:   6% (104/1728)
Counting objects:   7% (121/1728)
Counting objects:   8% (139/1728)
Counting objects:   9% (156/1728)
Counting objects:  10% (173/1728)
Counting objects:  11% (191/1728)
Counting objects:  12% (208/1728)
Counting objects:  13% (225/1728)
Counting objects:  14% (242/1728)
Counting objects:  15% (260/1728)
Counting objects:  16% (277/1728)
Counting objects:  17% (294/1728)
Counting objects:  18% (312/1728)
Counting objects:  19% (329/1728)
Counting objects:  20% (346/1728)
Counting objects:  21% (363/1728)
Counting objects:  22% (381/1728)
Counting objects:  23% (398/1728)
Counting objects:  24% (415/1728)
Counting objects:  25% (432/1728)
Counting objects:  26% (450/1728)
Counting objects:  27% (467/1728)
Counting objects:  28% (484/1728)
Counting objects:  29% (502/1728)
Counting objects:  30% (519/1728)
Counting objects:  31% (536/1728)
Counting objects:  32% (553/1728)
Counting objects:  32% (568/1728)
Counting objects:  33% (571/1728)
Counting objects:  34% (588/1728)
Counting objects:  35% (605/1728)
Counting objects:  36% (623/1728)
Counting objects:  37% (640/1728)
Counting objects:  38% (657/1728)
Counting objects:  39% (674/1728)
Counting objects:  40% (692/1728)
Counting objects:  41% (709/1728)
Counting objects:  42% (726/1728)
Counting objects:  43% (744/1728)
Counting objects:  44% (761/1728)
Counting objects:  45% (778/1728)
Counting objects:  46% (795/1728)
Counting objects:  47% (813/1728)
Counting objects:  48% (830/1728)
Counting objects:  49% (847/1728)
Counting objects:  50% (864/1728)
Counting objects:  51% (882/1728)
Counting objects:  52% (899/1728)
Counting objects:  53% (916/1728)
Counting objects:  54% (934/1728)
Counting objects:  55% (951/1728)
Counting objects:  56% (968/1728)
Counting objects:  57% (985/1728)
Counting objects:  58% (1003/1728)
Counting objects:  59% (1020/1728)
Counting objects:  60% (1037/1728)
Counting objects:  61% (1055/1728)
Counting objects:  62% (1072/1728)
Counting objects:  63% (1089/1728)
Counting objects:  64% (1106/1728)
Counting objects:  65% (1124/1728)
Counting objects:  65% (1137/1728)
Counting objects:  66% (1141/1728)
Counting objects:  67% (1158/1728)
Counting objects:  68% (1176/1728)
Counting objects:  69% (1193/1728)
Counting objects:  70% (1210/1728)
Counting objects:  71% (1227/1728)
Counting objects:  72% (1245/1728)
Counting objects:  73% (1262/1728)
Counting objects:  74% (1279/1728)
Counting objects:  75% (1296/1728)
Counting objects:  76% (1314/1728)
Counting objects:  77% (1331/1728)
Counting objects:  78% (1348/1728)
Counting objects:  79% (1366/1728)
Counting objects:  80% (1383/1728)
Counting objects:  81% (1400/1728)
Counting objects:  82% (1417/1728)
Counting objects:  83% (1435/1728)
Counting objects:  84% (1452/1728)
Counting objects:  85% (1469/1728)
Counting objects:  86% (1487/1728)
Counting objects:  87% (1504/1728)
Counting objects:  88% (1521/1728)
Counting objects:  89% (1538/1728)
Counting objects:  90% (1556/1728)
Counting objects:  91% (1573/1728)
Counting objects:  92% (1590/1728)
Counting objects:  93% (1608/1728)
Counting objects:  94% (1625/1728)
Counting objects:  95% (1642/1728)
Counting objects:  96% (1659/1728)
Counting objects:  97% (1677/1728)
Counting objects:  98% (1694/1728)
Counting objects:  99% (1711/1728)
Counting objects: 100% (1728/1728)
Counting objects: 100% (1728/1728), done.
Delta compression using up to 2 threads
Compressing objects:   0% (1/1478)
Compressing objects:   1% (15/1478)
Compressing objects:   2% (30/1478)
Compressing objects:   3% (45/1478)
Compressing objects:   4% (60/1478)
Compressing objects:   5% (74/1478)
Compressing objects:   6% (89/1478)
Compressing objects:   7% (104/1478)
Compressing objects:   8% (119/1478)
Compressing objects:   9% (134/1478)
Compressing objects:  10% (148/1478)
Compressing objects:  11% (163/1478)
Compressing objects:  12% (178/1478)
Compressing objects:  13% (193/1478)
Compressing objects:  14% (207/1478)
Compressing objects:  15% (222/1478)
Compressing objects:  16% (237/1478)
Compressing objects:  17% (252/1478)
Compressing objects:  18% (267/1478)
Compressing objects:  19% (281/1478)
Compressing objects:  20% (296/1478)
Compressing objects:  21% (311/1478)
Compressing objects:  22% (326/1478)
Compressing objects:  23% (340/1478)
Compressing objects:  24% (355/1478)
Compressing objects:  24% (363/1478)
Compressing objects:  25% (370/1478)
Compressing objects:  26% (385/1478)
Compressing objects:  27% (400/1478)
Compressing objects:  28% (414/1478)
Compressing objects:  29% (429/1478)
Compressing objects:  30% (444/1478)
Compressing objects:  31% (459/1478)
Compressing objects:  32% (473/1478)
Compressing objects:  33% (488/1478)
Compressing objects:  34% (503/1478)
Compressing objects:  35% (518/1478)
Compressing objects:  35% (527/1478)
Compressing objects:  36% (533/1478)
Compressing objects:  37% (547/1478)
Compressing objects:  38% (562/1478)
Compressing objects:  39% (577/1478)
Compressing objects:  40% (592/1478)
Compressing objects:  41% (606/1478)
Compressing objects:  41% (612/1478)
Compressing objects:  41% (614/1478)
Compressing objects:  42% (621/1478)
Compressing objects:  42% (622/1478)
Compressing objects:  43% (636/1478)
Compressing objects:  43% (637/1478)
Compressing objects:  44% (651/1478)
Compressing objects:  45% (666/1478)
Compressing objects:  46% (680/1478)
Compressing objects:  47% (695/1478)
Compressing objects:  48% (710/1478)
Compressing objects:  49% (725/1478)
Compressing objects:  50% (739/1478)
Compressing objects:  51% (754/1478)
Compressing objects:  52% (769/1478)
Compressing objects:  53% (784/1478)
Compressing objects:  54% (799/1478)
Compressing objects:  54% (807/1478)
Compressing objects:  55% (813/1478)
Compressing objects:  56% (828/1478)
Compressing objects:  57% (843/1478)
Compressing objects:  58% (858/1478)
Compressing objects:  59% (873/1478)
Compressing objects:  59% (883/1478)
Compressing objects:  60% (887/1478)
Compressing objects:  60% (901/1478)
Compressing objects:  61% (902/1478)
Compressing objects:  61% (907/1478)
Compressing objects:  61% (911/1478)
Compressing objects:  62% (917/1478)
Compressing objects:  63% (932/1478)
Compressing objects:  64% (946/1478)
Compressing objects:  65% (961/1478)
Compressing objects:  66% (976/1478)
Compressing objects:  67% (991/1478)
Compressing objects:  68% (1006/1478)
Compressing objects:  69% (1020/1478)
Compressing objects:  70% (1035/1478)
Compressing objects:  71% (1050/1478)
Compressing objects:  72% (1065/1478)
Compressing objects:  73% (1079/1478)
Compressing objects:  74% (1094/1478)
Compressing objects:  74% (1106/1478)
Compressing objects:  75% (1109/1478)
Compressing objects:  76% (1124/1478)
Compressing objects:  77% (1139/1478)
Compressing objects:  78% (1153/1478)
Compressing objects:  79% (1168/1478)
Compressing objects:  80% (1183/1478)
Compressing objects:  81% (1198/1478)
Compressing objects:  82% (1212/1478)
Compressing objects:  83% (1227/1478)
Compressing objects:  84% (1242/1478)
Compressing objects:  85% (1257/1478)
Compressing objects:  86% (1272/1478)
Compressing objects:  87% (1286/1478)
Compressing objects:  88% (1301/1478)
Compressing objects:  89% (1316/1478)
Compressing objects:  90% (1331/1478)
Compressing objects:  91% (1345/1478)
Compressing objects:  92% (1360/1478)
Compressing objects:  93% (1375/1478)
Compressing objects:  94% (1390/1478)
Compressing objects:  95% (1405/1478)
Compressing objects:  96% (1419/1478)
Compressing objects:  97% (1434/1478)
Compressing objects:  98% (1449/1478)
Compressing objects:  99% (1464/1478)
Compressing objects:  99% (1467/1478)
Compressing objects:  99% (1468/1478)
Compressing objects:  99% (1469/1478)
Compressing objects: 100% (1478/1478)
Compressing objects: 100% (1478/1478), done.
Writing objects:   0% (1/1717)
Writing objects:   1% (18/1717)
Writing objects:   2% (35/1717)
Writing objects:   3% (52/1717)
Writing objects:   4% (69/1717)
Writing objects:   5% (86/1717)
Writing objects:   6% (104/1717)
Writing objects:   7% (121/1717)
Writing objects:   8% (138/1717)
Writing objects:   9% (155/1717)
Writing objects:   9% (155/1717), 984.00 KiB | 797.00 KiB/s
Writing objects:   9% (158/1717), 3.56 MiB | 1.47 MiB/s    
Writing objects:   9% (161/1717), 3.60 MiB | 1.04 MiB/s
Writing objects:   9% (161/1717), 5.21 MiB | 1.31 MiB/s
Writing objects:   9% (161/1717), 8.25 MiB | 1.65 MiB/s
Writing objects:   9% (161/1717), 11.08 MiB | 1.83 MiB/s
Writing objects:   9% (161/1717), 12.86 MiB | 2.14 MiB/s
Writing objects:  10% (172/1717), 14.20 MiB | 2.07 MiB/s
Writing objects:  10% (175/1717), 14.48 MiB | 2.10 MiB/s
Writing objects:  10% (175/1717), 16.26 MiB | 2.13 MiB/s
Writing objects:  10% (175/1717), 19.07 MiB | 2.09 MiB/s
Writing objects:  10% (175/1717), 21.86 MiB | 2.10 MiB/s
Writing objects:  10% (175/1717), 25.03 MiB | 2.37 MiB/s
Writing objects:  10% (175/1717), 28.16 MiB | 3.01 MiB/s
Writing objects:  10% (175/1717), 31.37 MiB | 3.00 MiB/s
Writing objects:  10% (175/1717), 33.69 MiB | 2.93 MiB/s
Writing objects:  10% (175/1717), 36.71 MiB | 2.89 MiB/s
Writing objects:  10% (175/1717), 40.03 MiB | 2.94 MiB/s
Writing objects:  10% (175/1717), 42.99 MiB | 2.95 MiB/s
Writing objects:  10% (175/1717), 45.52 MiB | 2.84 MiB/s
Writing objects:  10% (175/1717), 47.83 MiB | 2.79 MiB/s
Writing objects:  10% (175/1717), 51.57 MiB | 2.78 MiB/s
Writing objects:  10% (175/1717), 54.11 MiB | 2.76 MiB/s
Writing objects:  10% (175/1717), 56.36 MiB | 2.55 MiB/s
Writing objects:  10% (175/1717), 58.19 MiB | 2.55 MiB/s
Writing objects:  10% (175/1717), 61.16 MiB | 2.55 MiB/s
Writing objects:  10% (176/1717), 62.19 MiB | 2.00 MiB/s
Writing objects:  10% (176/1717), 66.01 MiB | 2.25 MiB/s
Writing objects:  10% (176/1717), 69.59 MiB | 2.51 MiB/s
Writing objects:  10% (176/1717), 72.34 MiB | 2.68 MiB/s
Writing objects:  10% (176/1717), 75.68 MiB | 2.75 MiB/s
Writing objects:  10% (176/1717), 78.52 MiB | 3.17 MiB/s
Writing objects:  10% (176/1717), 82.61 MiB | 3.21 MiB/s
Writing objects:  10% (176/1717), 87.00 MiB | 3.56 MiB/s
Writing objects:  10% (176/1717), 90.10 MiB | 3.50 MiB/s
Writing objects:  10% (176/1717), 93.42 MiB | 3.61 MiB/s
Writing objects:  10% (176/1717), 96.31 MiB | 3.51 MiB/s
Writing objects:  10% (176/1717), 99.25 MiB | 3.03 MiB/s
Writing objects:  10% (176/1717), 103.73 MiB | 3.29 MiB/s
Writing objects:  10% (176/1717), 107.88 MiB | 3.56 MiB/s
Writing objects:  10% (177/1717), 109.69 MiB | 3.57 MiB/s
Writing objects:  10% (177/1717), 111.88 MiB | 3.37 MiB/s
Writing objects:  10% (177/1717), 115.22 MiB | 3.45 MiB/s
Writing objects:  10% (177/1717), 119.71 MiB | 3.45 MiB/s
Writing objects:  10% (177/1717), 121.30 MiB | 2.89 MiB/s
Writing objects:  10% (177/1717), 122.40 MiB | 2.70 MiB/s
Writing objects:  10% (177/1717), 124.85 MiB | 2.49 MiB/s
Writing objects:  10% (177/1717), 128.78 MiB | 2.49 MiB/s
Writing objects:  11% (189/1717), 128.78 MiB | 2.49 MiB/s
Writing objects:  11% (196/1717), 131.97 MiB | 2.06 MiB/s
Writing objects:  11% (196/1717), 133.53 MiB | 2.21 MiB/s
Writing objects:  12% (207/1717), 133.53 MiB | 2.21 MiB/s
Writing objects:  12% (207/1717), 134.38 MiB | 1.77 MiB/s
Writing objects:  12% (207/1717), 135.90 MiB | 1.90 MiB/s
Writing objects:  12% (207/1717), 138.79 MiB | 1.96 MiB/s
Writing objects:  12% (207/1717), 143.33 MiB | 2.04 MiB/s
Writing objects:  12% (207/1717), 147.42 MiB | 2.51 MiB/s
Writing objects:  12% (207/1717), 150.89 MiB | 3.62 MiB/s
Writing objects:  12% (207/1717), 153.90 MiB | 3.67 MiB/s
Writing objects:  12% (207/1717), 155.41 MiB | 3.23 MiB/s
Writing objects:  12% (208/1717), 155.77 MiB | 2.38 MiB/s
Writing objects:  12% (208/1717), 158.63 MiB | 2.15 MiB/s
Writing objects:  12% (208/1717), 161.21 MiB | 1.98 MiB/s
Writing objects:  12% (209/1717), 163.42 MiB | 1.83 MiB/s
Writing objects:  12% (209/1717), 166.53 MiB | 2.13 MiB/s
Writing objects:  12% (209/1717), 167.38 MiB | 2.22 MiB/s
Writing objects:  12% (209/1717), 168.04 MiB | 1.77 MiB/s
Writing objects:  12% (209/1717), 168.63 MiB | 1.38 MiB/s
Writing objects:  12% (209/1717), 170.20 MiB | 1.15 MiB/s
Writing objects:  12% (210/1717), 171.83 MiB | 1.13 MiB/s
Writing objects:  13% (224/1717), 171.83 MiB | 1.13 MiB/s
Writing objects:  14% (241/1717), 173.50 MiB | 1.38 MiB/s
Writing objects:  15% (258/1717), 173.50 MiB | 1.38 MiB/s
Writing objects:  16% (275/1717), 173.50 MiB | 1.38 MiB/s
Writing objects:  17% (292/1717), 173.50 MiB | 1.38 MiB/s
Writing objects:  18% (310/1717), 173.50 MiB | 1.38 MiB/s
Writing objects:  19% (327/1717), 173.50 MiB | 1.38 MiB/s
Writing objects:  20% (344/1717), 173.50 MiB | 1.38 MiB/s
Writing objects:  21% (361/1717), 174.66 MiB | 1.57 MiB/s
Writing objects:  21% (372/1717), 174.66 MiB | 1.57 MiB/s
Writing objects:  22% (378/1717), 174.66 MiB | 1.57 MiB/s
Writing objects:  23% (395/1717), 174.66 MiB | 1.57 MiB/s
Writing objects:  24% (413/1717), 174.66 MiB | 1.57 MiB/s
Writing objects:  25% (430/1717), 175.98 MiB | 1.78 MiB/s
Writing objects:  26% (447/1717), 175.98 MiB | 1.78 MiB/s
Writing objects:  27% (464/1717), 175.98 MiB | 1.78 MiB/s
Writing objects:  27% (473/1717), 177.48 MiB | 2.05 MiB/s
Writing objects:  28% (481/1717), 177.48 MiB | 2.05 MiB/s
Writing objects:  29% (498/1717), 179.68 MiB | 2.50 MiB/s
Writing objects:  30% (520/1717), 181.33 MiB | 2.79 MiB/s
Writing objects:  30% (531/1717), 181.33 MiB | 2.79 MiB/s
Writing objects:  31% (534/1717), 181.33 MiB | 2.79 MiB/s
Writing objects:  32% (551/1717), 181.33 MiB | 2.79 MiB/s
Writing objects:  33% (568/1717), 181.33 MiB | 2.79 MiB/s
Writing objects:  34% (585/1717), 182.78 MiB | 3.03 MiB/s
Writing objects:  35% (601/1717), 182.78 MiB | 3.03 MiB/s
Writing objects:  36% (619/1717), 184.04 MiB | 3.04 MiB/s
Writing objects:  37% (636/1717), 185.43 MiB | 2.98 MiB/s
Writing objects:  38% (653/1717), 185.43 MiB | 2.98 MiB/s
Writing objects:  38% (665/1717), 186.59 MiB | 2.87 MiB/s
Writing objects:  39% (670/1717), 186.59 MiB | 2.87 MiB/s
Writing objects:  40% (687/1717), 186.59 MiB | 2.87 MiB/s
Writing objects:  40% (690/1717), 187.77 MiB | 2.52 MiB/s
Writing objects:  40% (690/1717), 190.45 MiB | 2.51 MiB/s
Writing objects:  40% (690/1717), 193.12 MiB | 2.27 MiB/s
Writing objects:  40% (690/1717), 196.27 MiB | 2.36 MiB/s
Writing objects:  40% (690/1717), 200.35 MiB | 2.65 MiB/s
Writing objects:  40% (690/1717), 202.45 MiB | 2.90 MiB/s
Writing objects:  40% (690/1717), 205.75 MiB | 3.06 MiB/s
Writing objects:  40% (690/1717), 209.13 MiB | 3.20 MiB/s
Writing objects:  40% (690/1717), 212.30 MiB | 3.03 MiB/s
Writing objects:  40% (690/1717), 215.39 MiB | 3.09 MiB/s
Writing objects:  40% (690/1717), 219.27 MiB | 3.37 MiB/s
Writing objects:  40% (702/1717), 222.06 MiB | 3.13 MiB/s
Writing objects:  41% (705/1717), 222.06 MiB | 3.13 MiB/s
Writing objects:  42% (722/1717), 223.09 MiB | 3.08 MiB/s
Writing objects:  42% (730/1717), 223.40 MiB | 2.49 MiB/s
Writing objects:  42% (730/1717), 224.88 MiB | 2.46 MiB/s
Writing objects:  42% (730/1717), 227.53 MiB | 2.38 MiB/s
Writing objects:  42% (730/1717), 231.60 MiB | 2.41 MiB/s
Writing objects:  42% (730/1717), 236.02 MiB | 2.73 MiB/s
Writing objects:  42% (730/1717), 239.48 MiB | 3.54 MiB/s
Writing objects:  42% (730/1717), 244.00 MiB | 3.95 MiB/s
Writing objects:  42% (730/1717), 247.33 MiB | 3.95 MiB/s
Writing objects:  42% (730/1717), 250.26 MiB | 3.49 MiB/s
Writing objects:  42% (730/1717), 254.58 MiB | 3.72 MiB/s
Writing objects:  42% (730/1717), 258.59 MiB | 3.72 MiB/s
Writing objects:  42% (730/1717), 261.35 MiB | 3.30 MiB/s
Writing objects:  42% (730/1717), 265.28 MiB | 3.63 MiB/s
Writing objects:  42% (730/1717), 268.12 MiB | 3.48 MiB/s
Writing objects:  42% (731/1717), 269.77 MiB | 3.32 MiB/s
Writing objects:  42% (731/1717), 273.05 MiB | 2.70 MiB/s
Writing objects:  42% (731/1717), 275.94 MiB | 2.73 MiB/s
Writing objects:  42% (731/1717), 279.41 MiB | 2.65 MiB/s
Writing objects:  42% (731/1717), 282.20 MiB | 2.62 MiB/s
Writing objects:  42% (731/1717), 286.18 MiB | 3.23 MiB/s
Writing objects:  42% (731/1717), 287.48 MiB | 3.15 MiB/s
Writing objects:  42% (731/1717), 290.70 MiB | 3.23 MiB/s
Writing objects:  42% (731/1717), 293.58 MiB | 3.09 MiB/s
Writing objects:  42% (731/1717), 296.58 MiB | 3.15 MiB/s
Writing objects:  42% (731/1717), 299.52 MiB | 2.92 MiB/s
Writing objects:  42% (731/1717), 302.38 MiB | 2.93 MiB/s
Writing objects:  42% (731/1717), 305.49 MiB | 2.87 MiB/s
Writing objects:  42% (731/1717), 308.38 MiB | 2.95 MiB/s
Writing objects:  42% (731/1717), 312.66 MiB | 3.14 MiB/s
Writing objects:  42% (731/1717), 316.35 MiB | 3.41 MiB/s
Writing objects:  42% (731/1717), 317.59 MiB | 2.93 MiB/s
Writing objects:  42% (732/1717), 319.43 MiB | 2.50 MiB/s
Writing objects:  42% (732/1717), 321.15 MiB | 2.53 MiB/s
Writing objects:  42% (732/1717), 324.09 MiB | 2.26 MiB/s
Writing objects:  42% (732/1717), 327.56 MiB | 2.22 MiB/s
Writing objects:  42% (732/1717), 331.15 MiB | 2.67 MiB/s
Writing objects:  42% (732/1717), 334.29 MiB | 3.27 MiB/s
Writing objects:  42% (732/1717), 339.12 MiB | 3.32 MiB/s
Writing objects:  42% (732/1717), 342.59 MiB | 3.32 MiB/s
Writing objects:  42% (732/1717), 347.73 MiB | 3.67 MiB/s
Writing objects:  43% (740/1717), 347.73 MiB | 3.67 MiB/s
Writing objects:  43% (753/1717), 349.25 MiB | 3.69 MiB/s
Writing objects:  44% (756/1717), 349.25 MiB | 3.69 MiB/s
Writing objects:  45% (773/1717), 349.25 MiB | 3.69 MiB/s
Writing objects:  45% (773/1717), 351.30 MiB | 3.31 MiB/s
Writing objects:  45% (773/1717), 356.51 MiB | 3.49 MiB/s
Writing objects:  45% (773/1717), 359.73 MiB | 3.25 MiB/s
Writing objects:  45% (773/1717), 361.95 MiB | 2.78 MiB/s
Writing objects:  45% (773/1717), 362.81 MiB | 2.78 MiB/s
Writing objects:  45% (773/1717), 363.27 MiB | 2.24 MiB/s
Writing objects:  45% (773/1717), 363.68 MiB | 1.52 MiB/s
Writing objects:  45% (773/1717), 364.09 MiB | 947.00 KiB/s
Writing objects:  45% (773/1717), 365.82 MiB | 844.00 KiB/s
Writing objects:  45% (778/1717), 368.65 MiB | 1.03 MiB/s  
Writing objects:  45% (778/1717), 370.12 MiB | 1.27 MiB/s
Writing objects:  45% (778/1717), 371.46 MiB | 1.46 MiB/s
Writing objects:  45% (778/1717), 373.59 MiB | 1.78 MiB/s
Writing objects:  45% (778/1717), 377.48 MiB | 2.19 MiB/s
Writing objects:  45% (778/1717), 380.32 MiB | 2.56 MiB/s
Writing objects:  45% (778/1717), 383.98 MiB | 2.91 MiB/s
Writing objects:  45% (778/1717), 389.02 MiB | 3.69 MiB/s
Writing objects:  45% (778/1717), 392.27 MiB | 3.75 MiB/s
Writing objects:  45% (778/1717), 395.99 MiB | 3.78 MiB/s
Writing objects:  45% (778/1717), 399.54 MiB | 3.88 MiB/s
Writing objects:  45% (778/1717), 402.95 MiB | 3.62 MiB/s
Writing objects:  45% (778/1717), 407.77 MiB | 3.82 MiB/s
Writing objects:  45% (778/1717), 412.68 MiB | 4.14 MiB/s
Writing objects:  45% (778/1717), 415.60 MiB | 3.85 MiB/s
Writing objects:  45% (779/1717), 416.66 MiB | 3.23 MiB/s
Writing objects:  45% (779/1717), 418.27 MiB | 3.23 MiB/s
Writing objects:  45% (779/1717), 419.30 MiB | 2.68 MiB/s
Writing objects:  45% (779/1717), 421.24 MiB | 2.07 MiB/s
Writing objects:  45% (779/1717), 423.27 MiB | 1.71 MiB/s
Writing objects:  45% (779/1717), 425.83 MiB | 1.99 MiB/s
Writing objects:  45% (779/1717), 427.80 MiB | 1.96 MiB/s
Writing objects:  45% (779/1717), 430.16 MiB | 2.18 MiB/s
Writing objects:  45% (779/1717), 432.16 MiB | 2.20 MiB/s
Writing objects:  45% (779/1717), 434.62 MiB | 2.16 MiB/s
Writing objects:  45% (779/1717), 437.49 MiB | 2.36 MiB/s
Writing objects:  45% (779/1717), 440.08 MiB | 2.36 MiB/s
Writing objects:  45% (779/1717), 442.93 MiB | 2.58 MiB/s
Writing objects:  45% (779/1717), 447.25 MiB | 3.00 MiB/s
Writing objects:  45% (779/1717), 451.30 MiB | 3.38 MiB/s
Writing objects:  45% (779/1717), 454.91 MiB | 3.53 MiB/s
Writing objects:  45% (779/1717), 458.63 MiB | 3.80 MiB/s
Writing objects:  45% (779/1717), 462.80 MiB | 3.96 MiB/s
Writing objects:  45% (780/1717), 464.68 MiB | 3.25 MiB/s
Writing objects:  45% (780/1717), 466.95 MiB | 3.18 MiB/s
Writing objects:  45% (780/1717), 471.84 MiB | 3.52 MiB/s
Writing objects:  45% (780/1717), 476.42 MiB | 3.66 MiB/s
Writing objects:  45% (780/1717), 479.74 MiB | 3.58 MiB/s
Writing objects:  45% (780/1717), 482.68 MiB | 3.99 MiB/s
Writing objects:  45% (780/1717), 485.13 MiB | 3.47 MiB/s
Writing objects:  45% (780/1717), 489.13 MiB | 3.21 MiB/s
Writing objects:  45% (780/1717), 492.61 MiB | 3.21 MiB/s
Writing objects:  45% (780/1717), 494.93 MiB | 2.92 MiB/s
Writing objects:  45% (780/1717), 496.89 MiB | 2.85 MiB/s
Writing objects:  45% (780/1717), 499.73 MiB | 2.81 MiB/s
Writing objects:  45% (780/1717), 503.86 MiB | 2.77 MiB/s
Writing objects:  45% (780/1717), 506.77 MiB | 2.81 MiB/s
Writing objects:  45% (780/1717), 510.92 MiB | 3.29 MiB/s
Writing objects:  45% (781/1717), 514.85 MiB | 3.66 MiB/s
Writing objects:  46% (790/1717), 516.37 MiB | 3.63 MiB/s
Writing objects:  47% (807/1717), 516.37 MiB | 3.63 MiB/s
Writing objects:  47% (816/1717), 516.79 MiB | 3.12 MiB/s
Writing objects:  47% (816/1717), 519.48 MiB | 2.98 MiB/s
Writing objects:  47% (816/1717), 522.73 MiB | 2.95 MiB/s
Writing objects:  47% (816/1717), 525.08 MiB | 2.45 MiB/s
Writing objects:  47% (816/1717), 528.43 MiB | 2.54 MiB/s
Writing objects:  47% (816/1717), 531.73 MiB | 2.96 MiB/s
Writing objects:  47% (816/1717), 533.41 MiB | 2.74 MiB/s
Writing objects:  47% (816/1717), 535.35 MiB | 2.54 MiB/s
Writing objects:  47% (816/1717), 538.86 MiB | 2.71 MiB/s
Writing objects:  47% (821/1717), 541.26 MiB | 2.83 MiB/s
Writing objects:  47% (823/1717), 543.71 MiB | 2.32 MiB/s
Writing objects:  47% (823/1717), 546.43 MiB | 2.52 MiB/s
Writing objects:  47% (823/1717), 549.72 MiB | 2.78 MiB/s
Writing objects:  47% (823/1717), 553.44 MiB | 2.82 MiB/s
Writing objects:  47% (823/1717), 558.31 MiB | 3.52 MiB/s
Writing objects:  47% (823/1717), 560.69 MiB | 3.45 MiB/s
Writing objects:  47% (823/1717), 564.18 MiB | 3.53 MiB/s
Writing objects:  47% (823/1717), 569.07 MiB | 3.86 MiB/s
Writing objects:  47% (823/1717), 572.29 MiB | 3.61 MiB/s
Writing objects:  47% (823/1717), 575.87 MiB | 3.60 MiB/s
Writing objects:  47% (823/1717), 578.38 MiB | 3.51 MiB/s
Writing objects:  47% (823/1717), 579.09 MiB | 3.25 MiB/s
Writing objects:  47% (823/1717), 579.89 MiB | 2.34 MiB/s
Writing objects:  47% (823/1717), 580.83 MiB | 1.86 MiB/s
Writing objects:  47% (823/1717), 583.27 MiB | 1.60 MiB/s
Writing objects:  47% (823/1717), 586.31 MiB | 1.72 MiB/s
Writing objects:  47% (823/1717), 587.74 MiB | 1.77 MiB/s
Writing objects:  47% (823/1717), 589.62 MiB | 2.04 MiB/s
Writing objects:  47% (824/1717), 590.20 MiB | 1.79 MiB/s
Writing objects:  47% (824/1717), 593.17 MiB | 1.91 MiB/s
Writing objects:  47% (824/1717), 596.50 MiB | 1.98 MiB/s
Writing objects:  47% (824/1717), 599.28 MiB | 2.24 MiB/s
Writing objects:  47% (824/1717), 602.55 MiB | 2.51 MiB/s
Writing objects:  47% (824/1717), 607.17 MiB | 3.40 MiB/s
Writing objects:  47% (824/1717), 610.22 MiB | 3.43 MiB/s
Writing objects:  47% (824/1717), 613.31 MiB | 3.38 MiB/s
Writing objects:  47% (824/1717), 616.78 MiB | 3.53 MiB/s
Writing objects:  47% (824/1717), 621.18 MiB | 3.60 MiB/s
Writing objects:  47% (824/1717), 624.25 MiB | 3.45 MiB/s
Writing objects:  47% (824/1717), 627.13 MiB | 3.37 MiB/s
Writing objects:  47% (824/1717), 629.93 MiB | 3.30 MiB/s
Writing objects:  47% (824/1717), 633.27 MiB | 3.15 MiB/s
Writing objects:  47% (824/1717), 636.10 MiB | 2.98 MiB/s
Writing objects:  48% (825/1717), 637.70 MiB | 2.97 MiB/s
Writing objects:  48% (825/1717), 638.21 MiB | 2.40 MiB/s
Writing objects:  48% (825/1717), 639.98 MiB | 2.52 MiB/s
Writing objects:  48% (825/1717), 643.25 MiB | 2.61 MiB/s
Writing objects:  48% (825/1717), 645.73 MiB | 2.44 MiB/s
Writing objects:  48% (825/1717), 647.54 MiB | 2.23 MiB/s
Writing objects:  48% (825/1717), 649.97 MiB | 2.58 MiB/s
Writing objects:  48% (825/1717), 651.73 MiB | 2.24 MiB/s
Writing objects:  48% (825/1717), 652.87 MiB | 1.79 MiB/s
Writing objects:  48% (825/1717), 655.30 MiB | 1.89 MiB/s
Writing objects:  48% (825/1717), 659.28 MiB | 2.34 MiB/s
Writing objects:  48% (825/1717), 663.16 MiB | 2.64 MiB/s
Writing objects:  48% (825/1717), 667.80 MiB | 3.44 MiB/s
Writing objects:  48% (825/1717), 671.70 MiB | 3.92 MiB/s
Writing objects:  48% (825/1717), 674.73 MiB | 3.87 MiB/s
Writing objects:  48% (825/1717), 677.28 MiB | 3.54 MiB/s
Writing objects:  48% (825/1717), 680.25 MiB | 3.28 MiB/s
Writing objects:  48% (825/1717), 683.68 MiB | 2.98 MiB/s
Writing objects:  48% (826/1717), 687.27 MiB | 3.01 MiB/s
Writing objects:  48% (827/1717), 688.74 MiB | 3.06 MiB/s
Writing objects:  49% (842/1717), 688.74 MiB | 3.06 MiB/s
Writing objects:  49% (853/1717), 692.07 MiB | 3.01 MiB/s
Writing objects:  49% (853/1717), 695.63 MiB | 3.13 MiB/s
Writing objects:  49% (853/1717), 699.41 MiB | 3.20 MiB/s
Writing objects:  49% (853/1717), 702.41 MiB | 3.09 MiB/s
Writing objects:  49% (853/1717), 706.59 MiB | 3.60 MiB/s
Writing objects:  50% (859/1717), 706.59 MiB | 3.60 MiB/s
Writing objects:  51% (876/1717), 709.31 MiB | 3.77 MiB/s
Writing objects:  51% (878/1717), 709.31 MiB | 3.77 MiB/s
Writing objects:  52% (894/1717), 710.84 MiB | 3.75 MiB/s
Writing objects:  53% (912/1717), 710.84 MiB | 3.75 MiB/s
Writing objects:  53% (921/1717), 711.38 MiB | 3.33 MiB/s
Writing objects:  54% (928/1717), 711.38 MiB | 3.33 MiB/s
Writing objects:  55% (945/1717), 713.08 MiB | 3.25 MiB/s
Writing objects:  56% (962/1717), 713.08 MiB | 3.25 MiB/s
Writing objects:  57% (979/1717), 713.08 MiB | 3.25 MiB/s
Writing objects:  58% (996/1717), 713.08 MiB | 3.25 MiB/s
Writing objects:  58% (1005/1717), 716.19 MiB | 3.25 MiB/s
Writing objects:  59% (1015/1717), 718.08 MiB | 3.33 MiB/s
Writing objects:  60% (1031/1717), 718.08 MiB | 3.33 MiB/s
Writing objects:  61% (1048/1717), 718.08 MiB | 3.33 MiB/s
Writing objects:  62% (1067/1717), 718.08 MiB | 3.33 MiB/s
Writing objects:  62% (1077/1717), 718.08 MiB | 3.33 MiB/s
Writing objects:  63% (1082/1717), 718.08 MiB | 3.33 MiB/s
Writing objects:  64% (1099/1717), 718.08 MiB | 3.33 MiB/s
Writing objects:  65% (1117/1717), 718.08 MiB | 3.33 MiB/s
Writing objects:  66% (1134/1717), 718.08 MiB | 3.33 MiB/s
Writing objects:  67% (1152/1717), 718.08 MiB | 3.33 MiB/s
Writing objects:  68% (1168/1717), 718.08 MiB | 3.33 MiB/s
Writing objects:  69% (1185/1717), 718.08 MiB | 3.33 MiB/s
Writing objects:  70% (1202/1717), 718.08 MiB | 3.33 MiB/s
Writing objects:  71% (1220/1717), 718.08 MiB | 3.33 MiB/s
Writing objects:  72% (1237/1717), 718.08 MiB | 3.33 MiB/s
Writing objects:  73% (1254/1717), 718.08 MiB | 3.33 MiB/s
Writing objects:  74% (1271/1717), 718.08 MiB | 3.33 MiB/s
Writing objects:  75% (1288/1717), 718.08 MiB | 3.33 MiB/s
Writing objects:  76% (1305/1717), 718.08 MiB | 3.33 MiB/s
Writing objects:  77% (1323/1717), 718.08 MiB | 3.33 MiB/s
Writing objects:  78% (1340/1717), 718.08 MiB | 3.33 MiB/s
Writing objects:  79% (1357/1717), 718.08 MiB | 3.33 MiB/s
Writing objects:  80% (1374/1717), 718.08 MiB | 3.33 MiB/s
Writing objects:  81% (1391/1717), 718.08 MiB | 3.33 MiB/s
Writing objects:  82% (1408/1717), 718.08 MiB | 3.33 MiB/s
Writing objects:  83% (1426/1717), 718.08 MiB | 3.33 MiB/s
Writing objects:  84% (1443/1717), 718.08 MiB | 3.33 MiB/s
Writing objects:  85% (1460/1717), 718.08 MiB | 3.33 MiB/s
Writing objects:  86% (1477/1717), 718.08 MiB | 3.33 MiB/s
Writing objects:  87% (1494/1717), 718.08 MiB | 3.33 MiB/s
Writing objects:  88% (1511/1717), 718.08 MiB | 3.33 MiB/s
Writing objects:  89% (1529/1717), 718.08 MiB | 3.33 MiB/s
Writing objects:  90% (1546/1717), 718.08 MiB | 3.33 MiB/s
Writing objects:  91% (1563/1717), 718.08 MiB | 3.33 MiB/s
Writing objects:  92% (1580/1717), 718.08 MiB | 3.33 MiB/s
Writing objects:  93% (1597/1717), 718.08 MiB | 3.33 MiB/s
Writing objects:  94% (1614/1717), 718.08 MiB | 3.33 MiB/s
Writing objects:  95% (1632/1717), 718.08 MiB | 3.33 MiB/s
Writing objects:  96% (1649/1717), 718.08 MiB | 3.33 MiB/s
Writing objects:  97% (1666/1717), 718.08 MiB | 3.33 MiB/s
Writing objects:  98% (1683/1717), 718.08 MiB | 3.33 MiB/s
Writing objects:  99% (1700/1717), 718.08 MiB | 3.33 MiB/s
Writing objects: 100% (1717/1717), 718.08 MiB | 3.33 MiB/s
Writing objects: 100% (1717/1717), 719.05 MiB | 2.79 MiB/s, done.
Total 1717 (delta 921), reused 535 (delta 237), pack-reused 0 (from 0)
remote: Resolving deltas:   0% (0/921)        
remote: Resolving deltas:   1% (10/921)        
remote: Resolving deltas:   2% (19/921)        
remote: Resolving deltas:   3% (28/921)        
remote: Resolving deltas:   4% (37/921)        
remote: Resolving deltas:   5% (47/921)        
remote: Resolving deltas:   6% (56/921)        
remote: Resolving deltas:   7% (65/921)        
remote: Resolving deltas:   8% (74/921)        
remote: Resolving deltas:   9% (83/921)        
remote: Resolving deltas:  10% (93/921)        
remote: Resolving deltas:  11% (102/921)        
remote: Resolving deltas:  12% (111/921)        
remote: Resolving deltas:  13% (120/921)        
remote: Resolving deltas:  14% (129/921)        
remote: Resolving deltas:  15% (139/921)        
remote: Resolving deltas:  16% (148/921)        
remote: Resolving deltas:  17% (157/921)        
remote: Resolving deltas:  18% (166/921)        
remote: Resolving deltas:  19% (175/921)        
remote: Resolving deltas:  19% (182/921)        
remote: Resolving deltas:  20% (185/921)        
remote: Resolving deltas:  21% (194/921)        
remote: Resolving deltas:  22% (203/921)        
remote: Resolving deltas:  23% (212/921)        
remote: Resolving deltas:  24% (222/921)        
remote: Resolving deltas:  25% (231/921)        
remote: Resolving deltas:  26% (240/921)        
remote: Resolving deltas:  27% (249/921)        
remote: Resolving deltas:  28% (258/921)        
remote: Resolving deltas:  29% (268/921)        
remote: Resolving deltas:  30% (277/921)        
remote: Resolving deltas:  31% (286/921)        
remote: Resolving deltas:  32% (295/921)        
remote: Resolving deltas:  33% (304/921)        
remote: Resolving deltas:  34% (314/921)        
remote: Resolving deltas:  35% (323/921)        
remote: Resolving deltas:  36% (332/921)        
remote: Resolving deltas:  37% (341/921)        
remote: Resolving deltas:  38% (350/921)        
remote: Resolving deltas:  39% (360/921)        
remote: Resolving deltas:  40% (369/921)        
remote: Resolving deltas:  41% (378/921)        
remote: Resolving deltas:  42% (387/921)        
remote: Resolving deltas:  43% (397/921)        
remote: Resolving deltas:  44% (406/921)        
remote: Resolving deltas:  44% (411/921)        
remote: Resolving deltas:  45% (415/921)        
remote: Resolving deltas:  46% (424/921)        
remote: Resolving deltas:  47% (433/921)        
remote: Resolving deltas:  48% (443/921)        
remote: Resolving deltas:  49% (452/921)        
remote: Resolving deltas:  50% (461/921)        
remote: Resolving deltas:  51% (470/921)        
remote: Resolving deltas:  52% (479/921)        
remote: Resolving deltas:  53% (489/921)        
remote: Resolving deltas:  54% (498/921)        
remote: Resolving deltas:  55% (507/921)        
remote: Resolving deltas:  56% (516/921)        
remote: Resolving deltas:  57% (525/921)        
remote: Resolving deltas:  58% (535/921)        
remote: Resolving deltas:  59% (544/921)        
remote: Resolving deltas:  60% (553/921)        
remote: Resolving deltas:  61% (562/921)        
remote: Resolving deltas:  62% (572/921)        
remote: Resolving deltas:  63% (581/921)        
remote: Resolving deltas:  64% (590/921)        
remote: Resolving deltas:  65% (599/921)        
remote: Resolving deltas:  66% (608/921)        
remote: Resolving deltas:  67% (618/921)        
remote: Resolving deltas:  68% (627/921)        
remote: Resolving deltas:  69% (636/921)        
remote: Resolving deltas:  70% (645/921)        
remote: Resolving deltas:  71% (654/921)        
remote: Resolving deltas:  72% (664/921)        
remote: Resolving deltas:  73% (673/921)        
remote: Resolving deltas:  74% (682/921)        
remote: Resolving deltas:  75% (691/921)        
remote: Resolving deltas:  76% (700/921)        
remote: Resolving deltas:  77% (710/921)        
remote: Resolving deltas:  78% (719/921)        
remote: Resolving deltas:  79% (728/921)        
remote: Resolving deltas:  80% (737/921)        
remote: Resolving deltas:  81% (747/921)        
remote: Resolving deltas:  82% (756/921)        
remote: Resolving deltas:  83% (765/921)        
remote: Resolving deltas:  84% (774/921)        
remote: Resolving deltas:  85% (783/921)        
remote: Resolving deltas:  86% (793/921)        
remote: Resolving deltas:  87% (802/921)        
remote: Resolving deltas:  88% (811/921)        
remote: Resolving deltas:  89% (820/921)        
remote: Resolving deltas:  90% (829/921)        
remote: Resolving deltas:  91% (839/921)        
remote: Resolving deltas:  92% (848/921)        
remote: Resolving deltas:  93% (857/921)        
remote: Resolving deltas:  94% (866/921)        
remote: Resolving deltas:  95% (875/921)        
remote: Resolving deltas:  96% (885/921)        
remote: Resolving deltas:  97% (894/921)        
remote: Resolving deltas:  98% (903/921)        
remote: Resolving deltas:  99% (912/921)        
remote: Resolving deltas: 100% (921/921)        
remote: Resolving deltas: 100% (921/921), completed with 9 local objects.        
remote: 
remote: Create a pull request for 'task/TRR-0020' on GitHub by visiting:        
remote:      https://github.com/A-lan-Z/Token-Reconstruction-Research/pull/new/task/TRR-0020        
remote: 
To https://github.com/A-lan-Z/Token-Reconstruction-Research.git
*	f549dc605e230f4dea3d04f745ac3291a6fcd090:refs/heads/task/TRR-0020	[new branch]
Done
