Enumerating objects: 55, done.
Counting objects:   1% (1/55)
Counting objects:   3% (2/55)
Counting objects:   5% (3/55)
Counting objects:   7% (4/55)
Counting objects:   9% (5/55)
Counting objects:  10% (6/55)
Counting objects:  12% (7/55)
Counting objects:  14% (8/55)
Counting objects:  16% (9/55)
Counting objects:  18% (10/55)
Counting objects:  20% (11/55)
Counting objects:  21% (12/55)
Counting objects:  23% (13/55)
Counting objects:  25% (14/55)
Counting objects:  27% (15/55)
Counting objects:  29% (16/55)
Counting objects:  30% (17/55)
Counting objects:  32% (18/55)
Counting objects:  34% (19/55)
Counting objects:  36% (20/55)
Counting objects:  38% (21/55)
Counting objects:  40% (22/55)
Counting objects:  41% (23/55)
Counting objects:  43% (24/55)
Counting objects:  45% (25/55)
Counting objects:  47% (26/55)
Counting objects:  49% (27/55)
Counting objects:  50% (28/55)
Counting objects:  52% (29/55)
Counting objects:  54% (30/55)
Counting objects:  56% (31/55)
Counting objects:  58% (32/55)
Counting objects:  60% (33/55)
Counting objects:  61% (34/55)
Counting objects:  63% (35/55)
Counting objects:  65% (36/55)
Counting objects:  67% (37/55)
Counting objects:  69% (38/55)
Counting objects:  70% (39/55)
Counting objects:  72% (40/55)
Counting objects:  74% (41/55)
Counting objects:  76% (42/55)
Counting objects:  78% (43/55)
Counting objects:  80% (44/55)
Counting objects:  81% (45/55)
Counting objects:  83% (46/55)
Counting objects:  85% (47/55)
Counting objects:  87% (48/55)
Counting objects:  89% (49/55)
Counting objects:  90% (50/55)
Counting objects:  92% (51/55)
Counting objects:  94% (52/55)
Counting objects:  96% (53/55)
Counting objects:  98% (54/55)
Counting objects: 100% (55/55)
Counting objects: 100% (55/55), done.
Delta compression using up to 2 threads
Compressing objects:   2% (1/38)
Compressing objects:   5% (2/38)
Compressing objects:   7% (3/38)
Compressing objects:  10% (4/38)
Compressing objects:  13% (5/38)
Compressing objects:  15% (6/38)
Compressing objects:  18% (7/38)
Compressing objects:  21% (8/38)
Compressing objects:  23% (9/38)
Compressing objects:  26% (10/38)
Compressing objects:  28% (11/38)
Compressing objects:  31% (12/38)
Compressing objects:  34% (13/38)
Compressing objects:  36% (14/38)
Compressing objects:  39% (15/38)
Compressing objects:  42% (16/38)
Compressing objects:  44% (17/38)
Compressing objects:  47% (18/38)
Compressing objects:  50% (19/38)
Compressing objects:  52% (20/38)
Compressing objects:  55% (21/38)
Compressing objects:  57% (22/38)
Compressing objects:  60% (23/38)
Compressing objects:  63% (24/38)
Compressing objects:  65% (25/38)
Compressing objects:  68% (26/38)
Compressing objects:  71% (27/38)
Compressing objects:  73% (28/38)
Compressing objects:  76% (29/38)
Compressing objects:  78% (30/38)
Compressing objects:  81% (31/38)
Compressing objects:  84% (32/38)
Compressing objects:  86% (33/38)
Compressing objects:  89% (34/38)
Compressing objects:  92% (35/38)
Compressing objects:  94% (36/38)
Compressing objects:  97% (37/38)
Compressing objects: 100% (38/38)
Compressing objects: 100% (38/38), done.
Writing objects:   2% (1/48)
Writing objects:   4% (2/48)
Writing objects:   6% (3/48)
Writing objects:   8% (4/48)
Writing objects:  10% (5/48)
Writing objects:  12% (6/48)
Writing objects:  14% (7/48)
Writing objects:  16% (8/48)
Writing objects:  18% (9/48)
Writing objects:  20% (10/48)
Writing objects:  22% (11/48)
Writing objects:  25% (12/48)
Writing objects:  27% (13/48)
Writing objects:  29% (14/48)
Writing objects:  31% (15/48)
Writing objects:  33% (16/48)
Writing objects:  35% (17/48)
Writing objects:  37% (18/48)
Writing objects:  39% (19/48)
Writing objects:  41% (20/48)
Writing objects:  43% (21/48)
Writing objects:  47% (23/48)
Writing objects:  50% (24/48)
Writing objects:  52% (25/48)
Writing objects:  54% (26/48)
Writing objects:  56% (27/48)
Writing objects:  58% (28/48)
Writing objects:  60% (29/48)
Writing objects:  62% (30/48)
Writing objects:  64% (31/48)
Writing objects:  66% (32/48)
Writing objects:  68% (33/48)
Writing objects:  70% (34/48)
Writing objects:  72% (35/48)
Writing objects:  75% (36/48)
Writing objects:  77% (37/48)
Writing objects:  79% (38/48)
Writing objects:  81% (39/48)
Writing objects:  83% (40/48)
Writing objects:  85% (41/48)
Writing objects:  87% (42/48)
Writing objects:  89% (43/48)
Writing objects:  91% (44/48)
Writing objects:  93% (45/48)
Writing objects:  95% (46/48)
Writing objects:  97% (47/48)
Writing objects: 100% (48/48)
Writing objects: 100% (48/48), 59.85 KiB | 11.97 MiB/s, done.
Total 48 (delta 18), reused 39 (delta 9), pack-reused 0 (from 0)
remote: Resolving deltas:   0% (0/18)        
remote: Resolving deltas:   5% (1/18)        
remote: Resolving deltas:  11% (2/18)        
remote: Resolving deltas:  16% (3/18)        
remote: Resolving deltas:  22% (4/18)        
remote: Resolving deltas:  27% (5/18)        
remote: Resolving deltas:  33% (6/18)        
remote: Resolving deltas:  38% (7/18)        
remote: Resolving deltas:  44% (8/18)        
remote: Resolving deltas:  50% (9/18)        
remote: Resolving deltas:  55% (10/18)        
remote: Resolving deltas:  61% (11/18)        
remote: Resolving deltas:  66% (12/18)        
remote: Resolving deltas:  72% (13/18)        
remote: Resolving deltas:  77% (14/18)        
remote: Resolving deltas:  83% (15/18)        
remote: Resolving deltas:  88% (16/18)        
remote: Resolving deltas:  94% (17/18)        
remote: Resolving deltas: 100% (18/18)        
remote: Resolving deltas: 100% (18/18), completed with 6 local objects.        
remote: 
remote: Create a pull request for 'task/agent4-holistic-reassessment' on GitHub by visiting:        
remote:      https://github.com/A-lan-Z/Token-Reconstruction-Research/pull/new/task/agent4-holistic-reassessment        
remote: 
To https://github.com/A-lan-Z/Token-Reconstruction-Research.git
*	00c79da2856f0c787bf28a96ebc47be63083549b:refs/heads/task/agent4-holistic-reassessment	[new branch]
Done
