Enumerating objects: 730
Enumerating objects: 741, done.
Counting objects:   0% (1/741)
Counting objects:   1% (8/741)
Counting objects:   2% (15/741)
Counting objects:   3% (23/741)
Counting objects:   4% (30/741)
Counting objects:   5% (38/741)
Counting objects:   6% (45/741)
Counting objects:   7% (52/741)
Counting objects:   8% (60/741)
Counting objects:   9% (67/741)
Counting objects:  10% (75/741)
Counting objects:  11% (82/741)
Counting objects:  12% (89/741)
Counting objects:  13% (97/741)
Counting objects:  14% (104/741)
Counting objects:  15% (112/741)
Counting objects:  16% (119/741)
Counting objects:  17% (126/741)
Counting objects:  18% (134/741)
Counting objects:  19% (141/741)
Counting objects:  20% (149/741)
Counting objects:  21% (156/741)
Counting objects:  22% (164/741)
Counting objects:  23% (171/741)
Counting objects:  24% (178/741)
Counting objects:  25% (186/741)
Counting objects:  26% (193/741)
Counting objects:  27% (201/741)
Counting objects:  28% (208/741)
Counting objects:  29% (215/741)
Counting objects:  30% (223/741)
Counting objects:  31% (230/741)
Counting objects:  32% (238/741)
Counting objects:  33% (245/741)
Counting objects:  34% (252/741)
Counting objects:  35% (260/741)
Counting objects:  36% (267/741)
Counting objects:  37% (275/741)
Counting objects:  38% (282/741)
Counting objects:  39% (289/741)
Counting objects:  40% (297/741)
Counting objects:  41% (304/741)
Counting objects:  42% (312/741)
Counting objects:  43% (319/741)
Counting objects:  44% (327/741)
Counting objects:  45% (334/741)
Counting objects:  46% (341/741)
Counting objects:  47% (349/741)
Counting objects:  48% (356/741)
Counting objects:  49% (364/741)
Counting objects:  50% (371/741)
Counting objects:  51% (378/741)
Counting objects:  52% (386/741)
Counting objects:  53% (393/741)
Counting objects:  54% (401/741)
Counting objects:  55% (408/741)
Counting objects:  56% (415/741)
Counting objects:  57% (423/741)
Counting objects:  58% (430/741)
Counting objects:  59% (438/741)
Counting objects:  60% (445/741)
Counting objects:  61% (453/741)
Counting objects:  62% (460/741)
Counting objects:  63% (467/741)
Counting objects:  64% (475/741)
Counting objects:  65% (482/741)
Counting objects:  66% (490/741)
Counting objects:  67% (497/741)
Counting objects:  68% (504/741)
Counting objects:  69% (512/741)
Counting objects:  70% (519/741)
Counting objects:  71% (527/741)
Counting objects:  72% (534/741)
Counting objects:  73% (541/741)
Counting objects:  74% (549/741)
Counting objects:  75% (556/741)
Counting objects:  76% (564/741)
Counting objects:  77% (571/741)
Counting objects:  78% (578/741)
Counting objects:  79% (586/741)
Counting objects:  80% (593/741)
Counting objects:  81% (601/741)
Counting objects:  81% (605/741)
Counting objects:  82% (608/741)
Counting objects:  83% (616/741)
Counting objects:  84% (623/741)
Counting objects:  85% (630/741)
Counting objects:  86% (638/741)
Counting objects:  87% (645/741)
Counting objects:  88% (653/741)
Counting objects:  89% (660/741)
Counting objects:  90% (667/741)
Counting objects:  91% (675/741)
Counting objects:  92% (682/741)
Counting objects:  93% (690/741)
Counting objects:  94% (697/741)
Counting objects:  95% (704/741)
Counting objects:  96% (712/741)
Counting objects:  97% (719/741)
Counting objects:  98% (727/741)
Counting objects:  99% (734/741)
Counting objects: 100% (741/741)
Counting objects: 100% (741/741), done.
Delta compression using up to 2 threads
Compressing objects:   0% (1/729)
Compressing objects:   1% (8/729)
Compressing objects:   2% (15/729)
Compressing objects:   3% (22/729)
Compressing objects:   4% (30/729)
Compressing objects:   5% (37/729)
Compressing objects:   6% (44/729)
Compressing objects:   7% (52/729)
Compressing objects:   8% (59/729)
Compressing objects:   9% (66/729)
Compressing objects:  10% (73/729)
Compressing objects:  11% (81/729)
Compressing objects:  12% (88/729)
Compressing objects:  13% (95/729)
Compressing objects:  14% (103/729)
Compressing objects:  15% (110/729)
Compressing objects:  16% (117/729)
Compressing objects:  17% (124/729)
Compressing objects:  18% (132/729)
Compressing objects:  19% (139/729)
Compressing objects:  20% (146/729)
Compressing objects:  21% (154/729)
Compressing objects:  22% (161/729)
Compressing objects:  23% (168/729)
Compressing objects:  24% (175/729)
Compressing objects:  25% (183/729)
Compressing objects:  26% (190/729)
Compressing objects:  27% (197/729)
Compressing objects:  28% (205/729)
Compressing objects:  29% (212/729)
Compressing objects:  29% (213/729)
Compressing objects:  30% (219/729)
Compressing objects:  31% (226/729)
Compressing objects:  32% (234/729)
Compressing objects:  33% (241/729)
Compressing objects:  34% (248/729)
Compressing objects:  35% (256/729)
Compressing objects:  36% (263/729)
Compressing objects:  37% (270/729)
Compressing objects:  38% (278/729)
Compressing objects:  39% (285/729)
Compressing objects:  40% (292/729)
Compressing objects:  41% (299/729)
Compressing objects:  42% (307/729)
Compressing objects:  43% (314/729)
Compressing objects:  44% (321/729)
Compressing objects:  45% (329/729)
Compressing objects:  46% (336/729)
Compressing objects:  47% (343/729)
Compressing objects:  48% (350/729)
Compressing objects:  49% (358/729)
Compressing objects:  50% (365/729)
Compressing objects:  51% (372/729)
Compressing objects:  51% (379/729)
Compressing objects:  52% (380/729)
Compressing objects:  53% (387/729)
Compressing objects:  54% (394/729)
Compressing objects:  55% (401/729)
Compressing objects:  56% (409/729)
Compressing objects:  57% (416/729)
Compressing objects:  58% (423/729)
Compressing objects:  59% (431/729)
Compressing objects:  60% (438/729)
Compressing objects:  61% (445/729)
Compressing objects:  62% (452/729)
Compressing objects:  63% (460/729)
Compressing objects:  64% (467/729)
Compressing objects:  65% (474/729)
Compressing objects:  66% (482/729)
Compressing objects:  67% (489/729)
Compressing objects:  68% (496/729)
Compressing objects:  69% (504/729)
Compressing objects:  70% (511/729)
Compressing objects:  71% (518/729)
Compressing objects:  72% (525/729)
Compressing objects:  73% (533/729)
Compressing objects:  74% (540/729)
Compressing objects:  75% (547/729)
Compressing objects:  76% (555/729)
Compressing objects:  77% (562/729)
Compressing objects:  78% (569/729)
Compressing objects:  79% (576/729)
Compressing objects:  80% (584/729)
Compressing objects:  81% (591/729)
Compressing objects:  82% (598/729)
Compressing objects:  83% (606/729)
Compressing objects:  84% (613/729)
Compressing objects:  85% (620/729)
Compressing objects:  86% (627/729)
Compressing objects:  87% (635/729)
Compressing objects:  88% (642/729)
Compressing objects:  89% (649/729)
Compressing objects:  90% (657/729)
Compressing objects:  91% (664/729)
Compressing objects:  92% (671/729)
Compressing objects:  93% (678/729)
Compressing objects:  94% (686/729)
Compressing objects:  95% (693/729)
Compressing objects:  96% (700/729)
Compressing objects:  97% (708/729)
Compressing objects:  97% (709/729)
Compressing objects:  97% (710/729)
Compressing objects:  97% (712/729)
Compressing objects:  97% (714/729)
Compressing objects:  98% (715/729)
Compressing objects:  98% (717/729)
Compressing objects:  98% (719/729)
Compressing objects:  98% (720/729)
Compressing objects:  99% (722/729)
Compressing objects:  99% (726/729)
Compressing objects:  99% (727/729)
Compressing objects:  99% (728/729)
Compressing objects: 100% (729/729)
Compressing objects: 100% (729/729), done.
Writing objects:   0% (1/731)
Writing objects:   1% (8/731)
Writing objects:   2% (15/731)
Writing objects:   3% (22/731)
Writing objects:   4% (30/731)
Writing objects:   5% (37/731)
Writing objects:   6% (44/731)
Writing objects:   7% (53/731)
Writing objects:   8% (59/731)
Writing objects:   9% (66/731)
Writing objects:  10% (74/731)
Writing objects:  11% (81/731)
Writing objects:  12% (88/731)
Writing objects:  13% (98/731)
Writing objects:  13% (100/731), 96.00 KiB | 84.00 KiB/s
Writing objects:  13% (100/731), 984.00 KiB | 486.00 KiB/s
Writing objects:  13% (100/731), 4.47 MiB | 1.48 MiB/s    
Writing objects:  13% (100/731), 9.51 MiB | 2.37 MiB/s
Writing objects:  13% (100/731), 14.48 MiB | 2.88 MiB/s
Writing objects:  13% (100/731), 18.81 MiB | 3.75 MiB/s
Writing objects:  13% (100/731), 20.05 MiB | 3.84 MiB/s
Writing objects:  13% (100/731), 21.47 MiB | 3.12 MiB/s
Writing objects:  13% (100/731), 23.13 MiB | 2.43 MiB/s
Writing objects:  13% (100/731), 25.77 MiB | 1.94 MiB/s
Writing objects:  13% (100/731), 30.32 MiB | 2.37 MiB/s
Writing objects:  13% (100/731), 34.64 MiB | 3.03 MiB/s
Writing objects:  13% (100/731), 38.30 MiB | 3.49 MiB/s
Writing objects:  13% (100/731), 40.81 MiB | 3.62 MiB/s
Writing objects:  13% (100/731), 44.55 MiB | 3.66 MiB/s
Writing objects:  13% (101/731), 48.09 MiB | 2.93 MiB/s
Writing objects:  13% (101/731), 50.58 MiB | 3.09 MiB/s
Writing objects:  13% (101/731), 54.31 MiB | 3.11 MiB/s
Writing objects:  13% (101/731), 58.13 MiB | 3.34 MiB/s
Writing objects:  13% (101/731), 58.88 MiB | 2.71 MiB/s
Writing objects:  13% (101/731), 59.59 MiB | 2.41 MiB/s
Writing objects:  13% (101/731), 60.43 MiB | 1.69 MiB/s
Writing objects:  13% (101/731), 61.61 MiB | 1.06 MiB/s
Writing objects:  13% (101/731), 63.13 MiB | 991.00 KiB/s
Writing objects:  13% (101/731), 65.75 MiB | 1.40 MiB/s  
Writing objects:  13% (101/731), 68.28 MiB | 1.80 MiB/s
Writing objects:  13% (101/731), 71.10 MiB | 2.21 MiB/s
Writing objects:  13% (101/731), 75.14 MiB | 2.84 MiB/s
Writing objects:  13% (101/731), 79.16 MiB | 3.23 MiB/s
Writing objects:  13% (101/731), 82.02 MiB | 3.28 MiB/s
Writing objects:  13% (101/731), 85.13 MiB | 3.42 MiB/s
Writing objects:  13% (101/731), 90.01 MiB | 3.77 MiB/s
Writing objects:  13% (101/731), 93.14 MiB | 3.42 MiB/s
Writing objects:  13% (101/731), 95.95 MiB | 3.38 MiB/s
Writing objects:  13% (102/731), 96.10 MiB | 2.84 MiB/s
Writing objects:  13% (102/731), 99.35 MiB | 2.86 MiB/s
Writing objects:  13% (102/731), 102.84 MiB | 2.58 MiB/s
Writing objects:  13% (102/731), 106.34 MiB | 2.65 MiB/s
Writing objects:  13% (102/731), 108.20 MiB | 2.46 MiB/s
Writing objects:  13% (102/731), 111.24 MiB | 2.88 MiB/s
Writing objects:  13% (102/731), 116.27 MiB | 3.39 MiB/s
Writing objects:  13% (102/731), 118.44 MiB | 3.07 MiB/s
Writing objects:  13% (102/731), 120.02 MiB | 2.79 MiB/s
Writing objects:  13% (102/731), 121.91 MiB | 2.72 MiB/s
Writing objects:  13% (102/731), 124.59 MiB | 2.42 MiB/s
Writing objects:  13% (102/731), 128.23 MiB | 2.30 MiB/s
Writing objects:  13% (102/731), 131.14 MiB | 2.62 MiB/s
Writing objects:  13% (102/731), 134.60 MiB | 3.01 MiB/s
Writing objects:  13% (102/731), 137.29 MiB | 3.15 MiB/s
Writing objects:  14% (103/731), 139.09 MiB | 3.20 MiB/s
Writing objects:  14% (107/731), 140.07 MiB | 2.62 MiB/s
Writing objects:  14% (107/731), 143.66 MiB | 2.71 MiB/s
Writing objects:  14% (107/731), 147.42 MiB | 2.80 MiB/s
Writing objects:  14% (107/731), 152.13 MiB | 3.13 MiB/s
Writing objects:  14% (107/731), 155.59 MiB | 3.17 MiB/s
Writing objects:  14% (107/731), 160.23 MiB | 3.96 MiB/s
Writing objects:  14% (107/731), 163.62 MiB | 4.03 MiB/s
Writing objects:  14% (107/731), 167.55 MiB | 3.89 MiB/s
Writing objects:  14% (107/731), 171.90 MiB | 4.01 MiB/s
Writing objects:  14% (107/731), 173.95 MiB | 3.58 MiB/s
Writing objects:  14% (107/731), 175.62 MiB | 2.98 MiB/s
Writing objects:  14% (107/731), 177.11 MiB | 2.56 MiB/s
Writing objects:  14% (107/731), 180.09 MiB | 2.18 MiB/s
Writing objects:  14% (107/731), 184.91 MiB | 2.61 MiB/s
Writing objects:  14% (107/731), 187.53 MiB | 2.80 MiB/s
Writing objects:  14% (108/731), 188.09 MiB | 2.39 MiB/s
Writing objects:  14% (108/731), 190.44 MiB | 2.55 MiB/s
Writing objects:  14% (108/731), 193.26 MiB | 2.52 MiB/s
Writing objects:  14% (108/731), 196.22 MiB | 2.16 MiB/s
Writing objects:  14% (108/731), 200.16 MiB | 2.42 MiB/s
Writing objects:  14% (108/731), 204.82 MiB | 3.34 MiB/s
Writing objects:  14% (108/731), 208.41 MiB | 3.71 MiB/s
Writing objects:  14% (108/731), 213.00 MiB | 4.03 MiB/s
Writing objects:  14% (108/731), 216.10 MiB | 3.97 MiB/s
Writing objects:  14% (108/731), 219.50 MiB | 3.66 MiB/s
Writing objects:  14% (108/731), 222.12 MiB | 3.43 MiB/s
Writing objects:  14% (108/731), 225.94 MiB | 3.38 MiB/s
Writing objects:  14% (108/731), 230.34 MiB | 3.50 MiB/s
Writing objects:  14% (108/731), 232.99 MiB | 3.33 MiB/s
Writing objects:  14% (108/731), 234.79 MiB | 3.06 MiB/s
Writing objects:  14% (109/731), 235.52 MiB | 2.92 MiB/s
Writing objects:  14% (109/731), 236.10 MiB | 2.27 MiB/s
Writing objects:  14% (109/731), 239.52 MiB | 2.00 MiB/s
Writing objects:  14% (109/731), 241.76 MiB | 1.88 MiB/s
Writing objects:  14% (109/731), 244.02 MiB | 1.81 MiB/s
Writing objects:  14% (109/731), 246.55 MiB | 2.05 MiB/s
Writing objects:  14% (109/731), 249.30 MiB | 2.40 MiB/s
Writing objects:  14% (109/731), 252.88 MiB | 2.72 MiB/s
Writing objects:  14% (109/731), 255.70 MiB | 2.82 MiB/s
Writing objects:  14% (109/731), 259.07 MiB | 3.07 MiB/s
Writing objects:  14% (109/731), 263.66 MiB | 3.50 MiB/s
Writing objects:  14% (109/731), 267.02 MiB | 3.55 MiB/s
Writing objects:  14% (109/731), 271.15 MiB | 3.68 MiB/s
Writing objects:  14% (109/731), 274.13 MiB | 3.69 MiB/s
Writing objects:  14% (109/731), 277.13 MiB | 3.43 MiB/s
Writing objects:  14% (109/731), 279.98 MiB | 3.23 MiB/s
Writing objects:  14% (109/731), 284.10 MiB | 3.28 MiB/s
Writing objects:  15% (110/731), 284.10 MiB | 3.28 MiB/s
Writing objects:  15% (110/731), 284.12 MiB | 2.60 MiB/s
Writing objects:  15% (110/731), 287.38 MiB | 2.66 MiB/s
Writing objects:  15% (110/731), 290.93 MiB | 2.78 MiB/s
Writing objects:  15% (110/731), 294.57 MiB | 2.93 MiB/s
Writing objects:  15% (110/731), 296.70 MiB | 2.54 MiB/s
Writing objects:  15% (110/731), 298.12 MiB | 2.65 MiB/s
Writing objects:  15% (110/731), 300.02 MiB | 2.44 MiB/s
Writing objects:  15% (110/731), 303.50 MiB | 2.24 MiB/s
Writing objects:  15% (110/731), 306.02 MiB | 2.27 MiB/s
Writing objects:  15% (110/731), 309.55 MiB | 2.67 MiB/s
Writing objects:  15% (110/731), 314.34 MiB | 3.41 MiB/s
Writing objects:  15% (110/731), 319.31 MiB | 3.93 MiB/s
Writing objects:  15% (110/731), 323.54 MiB | 4.12 MiB/s
Writing objects:  15% (110/731), 326.98 MiB | 4.25 MiB/s
Writing objects:  15% (110/731), 330.27 MiB | 3.98 MiB/s
Writing objects:  15% (111/731), 332.13 MiB | 3.47 MiB/s
Writing objects:  15% (111/731), 336.64 MiB | 3.38 MiB/s
Writing objects:  15% (111/731), 339.53 MiB | 3.14 MiB/s
Writing objects:  15% (111/731), 342.67 MiB | 3.08 MiB/s
Writing objects:  15% (111/731), 345.37 MiB | 2.96 MiB/s
Writing objects:  15% (111/731), 347.02 MiB | 2.71 MiB/s
Writing objects:  15% (111/731), 348.17 MiB | 2.15 MiB/s
Writing objects:  15% (111/731), 349.73 MiB | 1.93 MiB/s
Writing objects:  15% (111/731), 352.55 MiB | 1.84 MiB/s
Writing objects:  15% (111/731), 355.69 MiB | 2.03 MiB/s
Writing objects:  15% (111/731), 359.34 MiB | 2.59 MiB/s
Writing objects:  16% (118/731), 361.22 MiB | 2.88 MiB/s
Writing objects:  17% (125/731), 361.22 MiB | 2.88 MiB/s
Writing objects:  18% (132/731), 361.22 MiB | 2.88 MiB/s
Writing objects:  18% (135/731), 361.22 MiB | 2.88 MiB/s
Writing objects:  19% (139/731), 361.22 MiB | 2.88 MiB/s
Writing objects:  20% (147/731), 361.22 MiB | 2.88 MiB/s
Writing objects:  21% (154/731), 361.22 MiB | 2.88 MiB/s
Writing objects:  22% (161/731), 361.22 MiB | 2.88 MiB/s
Writing objects:  22% (168/731), 362.72 MiB | 2.55 MiB/s
Writing objects:  22% (168/731), 366.17 MiB | 2.76 MiB/s
Writing objects:  22% (168/731), 369.73 MiB | 2.88 MiB/s
Writing objects:  22% (168/731), 374.46 MiB | 3.09 MiB/s
Writing objects:  22% (168/731), 377.46 MiB | 2.99 MiB/s
Writing objects:  22% (168/731), 380.63 MiB | 3.48 MiB/s
Writing objects:  22% (168/731), 384.34 MiB | 3.67 MiB/s
Writing objects:  22% (168/731), 386.55 MiB | 3.16 MiB/s
Writing objects:  22% (168/731), 388.95 MiB | 2.85 MiB/s
Writing objects:  22% (168/731), 391.21 MiB | 2.70 MiB/s
Writing objects:  22% (168/731), 394.78 MiB | 2.67 MiB/s
Writing objects:  22% (168/731), 398.38 MiB | 2.86 MiB/s
Writing objects:  22% (168/731), 402.23 MiB | 3.18 MiB/s
Writing objects:  22% (168/731), 405.06 MiB | 3.32 MiB/s
Writing objects:  22% (168/731), 409.09 MiB | 3.63 MiB/s
Writing objects:  23% (169/731), 409.09 MiB | 3.63 MiB/s
Writing objects:  23% (169/731), 410.71 MiB | 3.06 MiB/s
Writing objects:  23% (169/731), 414.79 MiB | 3.15 MiB/s
Writing objects:  23% (169/731), 418.38 MiB | 3.10 MiB/s
Writing objects:  23% (169/731), 422.10 MiB | 3.27 MiB/s
Writing objects:  23% (169/731), 425.49 MiB | 3.14 MiB/s
Writing objects:  23% (169/731), 428.57 MiB | 3.41 MiB/s
Writing objects:  23% (169/731), 431.68 MiB | 3.30 MiB/s
Writing objects:  23% (169/731), 434.77 MiB | 3.21 MiB/s
Writing objects:  23% (169/731), 439.70 MiB | 3.41 MiB/s
Writing objects:  23% (169/731), 442.45 MiB | 3.41 MiB/s
Writing objects:  23% (169/731), 445.52 MiB | 3.30 MiB/s
Writing objects:  23% (169/731), 448.98 MiB | 3.49 MiB/s
Writing objects:  23% (169/731), 453.19 MiB | 3.56 MiB/s
Writing objects:  23% (175/731), 455.80 MiB | 3.53 MiB/s
Writing objects:  24% (177/731), 455.80 MiB | 3.53 MiB/s
Writing objects:  25% (183/731), 455.80 MiB | 3.53 MiB/s
Writing objects:  25% (184/731), 457.46 MiB | 3.01 MiB/s
Writing objects:  25% (184/731), 461.38 MiB | 3.26 MiB/s
Writing objects:  25% (184/731), 464.46 MiB | 3.20 MiB/s
Writing objects:  25% (184/731), 467.45 MiB | 3.07 MiB/s
Writing objects:  25% (184/731), 470.90 MiB | 2.80 MiB/s
Writing objects:  25% (184/731), 473.80 MiB | 3.10 MiB/s
Writing objects:  25% (184/731), 476.94 MiB | 3.03 MiB/s
Writing objects:  25% (184/731), 479.63 MiB | 3.06 MiB/s
Writing objects:  25% (184/731), 483.56 MiB | 3.10 MiB/s
Writing objects:  25% (184/731), 487.38 MiB | 3.34 MiB/s
Writing objects:  25% (184/731), 491.00 MiB | 3.39 MiB/s
Writing objects:  25% (184/731), 494.99 MiB | 3.70 MiB/s
Writing objects:  25% (184/731), 499.83 MiB | 4.08 MiB/s
Writing objects:  25% (184/731), 503.08 MiB | 3.91 MiB/s
Writing objects:  25% (185/731), 505.47 MiB | 3.20 MiB/s
Writing objects:  25% (185/731), 507.59 MiB | 3.29 MiB/s
Writing objects:  25% (185/731), 510.71 MiB | 3.12 MiB/s
Writing objects:  25% (185/731), 515.35 MiB | 3.08 MiB/s
Writing objects:  25% (185/731), 520.01 MiB | 2.98 MiB/s
Writing objects:  25% (185/731), 521.61 MiB | 3.57 MiB/s
Writing objects:  25% (185/731), 528.44 MiB | 3.92 MiB/s
Writing objects:  25% (185/731), 529.99 MiB | 3.80 MiB/s
Writing objects:  25% (185/731), 533.77 MiB | 3.57 MiB/s
Writing objects:  25% (185/731), 539.80 MiB | 4.02 MiB/s
Writing objects:  25% (185/731), 542.62 MiB | 3.62 MiB/s
Writing objects:  25% (185/731), 545.73 MiB | 3.48 MiB/s
Writing objects:  25% (185/731), 549.70 MiB | 3.52 MiB/s
Writing objects:  25% (186/731), 552.16 MiB | 3.50 MiB/s
Writing objects:  25% (186/731), 553.48 MiB | 2.77 MiB/s
Writing objects:  25% (186/731), 556.79 MiB | 2.92 MiB/s
Writing objects:  25% (186/731), 560.26 MiB | 2.99 MiB/s
Writing objects:  25% (186/731), 562.80 MiB | 2.85 MiB/s
Writing objects:  25% (186/731), 566.43 MiB | 2.66 MiB/s
Writing objects:  25% (186/731), 571.34 MiB | 3.47 MiB/s
Writing objects:  25% (186/731), 573.82 MiB | 3.42 MiB/s
Writing objects:  25% (186/731), 577.27 MiB | 3.49 MiB/s
Writing objects:  25% (186/731), 582.10 MiB | 3.90 MiB/s
Writing objects:  25% (186/731), 585.59 MiB | 3.66 MiB/s
Writing objects:  25% (186/731), 590.14 MiB | 3.89 MiB/s
Writing objects:  25% (186/731), 594.30 MiB | 4.17 MiB/s
Writing objects:  25% (186/731), 597.56 MiB | 3.94 MiB/s
Writing objects:  25% (186/731), 600.12 MiB | 3.61 MiB/s
Writing objects:  26% (193/731), 601.91 MiB | 3.60 MiB/s
Writing objects:  26% (195/731), 601.91 MiB | 3.60 MiB/s
Writing objects:  27% (199/731), 601.91 MiB | 3.60 MiB/s
Writing objects:  28% (205/731), 601.91 MiB | 3.60 MiB/s
Writing objects:  29% (212/731), 601.91 MiB | 3.60 MiB/s
Writing objects:  29% (213/731), 606.29 MiB | 2.96 MiB/s
Writing objects:  29% (218/731), 606.81 MiB | 2.44 MiB/s
Writing objects:  29% (218/731), 610.88 MiB | 2.59 MiB/s
Writing objects:  29% (218/731), 614.97 MiB | 2.89 MiB/s
Writing objects:  29% (218/731), 619.40 MiB | 3.08 MiB/s
Writing objects:  29% (218/731), 622.09 MiB | 3.08 MiB/s
Writing objects:  29% (218/731), 626.24 MiB | 3.75 MiB/s
Writing objects:  29% (218/731), 630.45 MiB | 3.90 MiB/s
Writing objects:  29% (218/731), 633.11 MiB | 3.42 MiB/s
Writing objects:  29% (218/731), 637.10 MiB | 3.63 MiB/s
Writing objects:  29% (218/731), 639.95 MiB | 3.53 MiB/s
Writing objects:  29% (218/731), 643.65 MiB | 3.23 MiB/s
Writing objects:  29% (218/731), 647.52 MiB | 3.48 MiB/s
Writing objects:  29% (218/731), 650.55 MiB | 3.46 MiB/s
Writing objects:  29% (218/731), 652.54 MiB | 3.10 MiB/s
Writing objects:  29% (218/731), 654.11 MiB | 2.74 MiB/s
Writing objects:  29% (219/731), 654.83 MiB | 2.24 MiB/s
Writing objects:  29% (219/731), 658.34 MiB | 2.17 MiB/s
Writing objects:  29% (219/731), 661.60 MiB | 2.21 MiB/s
Writing objects:  29% (219/731), 664.24 MiB | 2.33 MiB/s
Writing objects:  29% (219/731), 668.02 MiB | 2.78 MiB/s
Writing objects:  29% (219/731), 672.42 MiB | 3.40 MiB/s
Writing objects:  29% (219/731), 675.96 MiB | 3.52 MiB/s
Writing objects:  29% (219/731), 679.61 MiB | 3.70 MiB/s
Writing objects:  29% (219/731), 683.36 MiB | 3.85 MiB/s
Writing objects:  29% (219/731), 686.90 MiB | 3.58 MiB/s
Writing objects:  30% (220/731), 686.90 MiB | 3.58 MiB/s
Writing objects:  30% (225/731), 687.12 MiB | 3.06 MiB/s
Writing objects:  30% (225/731), 690.59 MiB | 3.05 MiB/s
Writing objects:  30% (225/731), 694.32 MiB | 3.05 MiB/s
Writing objects:  30% (225/731), 696.96 MiB | 2.80 MiB/s
Writing objects:  30% (225/731), 700.60 MiB | 2.83 MiB/s
Writing objects:  30% (225/731), 705.09 MiB | 3.47 MiB/s
Writing objects:  30% (225/731), 707.62 MiB | 3.35 MiB/s
Writing objects:  30% (225/731), 710.52 MiB | 3.28 MiB/s
Writing objects:  30% (225/731), 713.50 MiB | 3.28 MiB/s
Writing objects:  30% (225/731), 716.67 MiB | 2.99 MiB/s
Writing objects:  30% (225/731), 719.69 MiB | 2.94 MiB/s
Writing objects:  30% (225/731), 723.48 MiB | 3.16 MiB/s
Writing objects:  31% (227/731), 723.48 MiB | 3.16 MiB/s
Writing objects:  32% (235/731), 723.48 MiB | 3.16 MiB/s
Writing objects:  33% (242/731), 723.48 MiB | 3.16 MiB/s
Writing objects:  34% (249/731), 723.48 MiB | 3.16 MiB/s
Writing objects:  34% (251/731), 723.99 MiB | 2.72 MiB/s
Writing objects:  34% (251/731), 727.16 MiB | 2.76 MiB/s
Writing objects:  34% (251/731), 730.45 MiB | 2.78 MiB/s
Writing objects:  34% (251/731), 733.48 MiB | 2.77 MiB/s
Writing objects:  34% (251/731), 736.70 MiB | 2.65 MiB/s
Writing objects:  34% (251/731), 740.30 MiB | 3.13 MiB/s
Writing objects:  34% (251/731), 743.45 MiB | 3.25 MiB/s
Writing objects:  34% (251/731), 746.93 MiB | 3.26 MiB/s
Writing objects:  34% (251/731), 749.94 MiB | 3.31 MiB/s
Writing objects:  34% (251/731), 752.53 MiB | 2.99 MiB/s
Writing objects:  34% (251/731), 755.41 MiB | 3.00 MiB/s
Writing objects:  34% (251/731), 758.91 MiB | 3.00 MiB/s
Writing objects:  35% (257/731), 758.91 MiB | 3.00 MiB/s
Writing objects:  36% (264/731), 758.91 MiB | 3.00 MiB/s
Writing objects:  37% (271/731), 758.91 MiB | 3.00 MiB/s
Writing objects:  37% (276/731), 760.88 MiB | 2.73 MiB/s
Writing objects:  37% (276/731), 764.06 MiB | 2.76 MiB/s
Writing objects:  37% (276/731), 767.58 MiB | 2.95 MiB/s
Writing objects:  37% (276/731), 771.36 MiB | 3.14 MiB/s
Writing objects:  37% (276/731), 774.50 MiB | 3.07 MiB/s
Writing objects:  37% (276/731), 777.34 MiB | 3.19 MiB/s
Writing objects:  37% (276/731), 780.19 MiB | 3.21 MiB/s
Writing objects:  37% (276/731), 783.13 MiB | 3.00 MiB/s
Writing objects:  37% (276/731), 786.14 MiB | 2.93 MiB/s
Writing objects:  38% (279/731), 786.14 MiB | 2.93 MiB/s
Writing objects:  38% (283/731), 787.48 MiB | 2.48 MiB/s
Writing objects:  38% (283/731), 791.17 MiB | 2.64 MiB/s
Writing objects:  38% (283/731), 794.32 MiB | 2.70 MiB/s
Writing objects:  38% (283/731), 797.48 MiB | 2.75 MiB/s
Writing objects:  38% (283/731), 801.12 MiB | 2.86 MiB/s
Writing objects:  38% (283/731), 804.40 MiB | 3.20 MiB/s
Writing objects:  38% (283/731), 807.59 MiB | 3.24 MiB/s
Writing objects:  38% (283/731), 810.73 MiB | 3.26 MiB/s
Writing objects:  38% (283/731), 814.96 MiB | 3.40 MiB/s
Writing objects:  38% (283/731), 817.91 MiB | 3.30 MiB/s
Writing objects:  38% (283/731), 821.84 MiB | 3.50 MiB/s
Writing objects:  38% (283/731), 826.04 MiB | 3.74 MiB/s
Writing objects:  38% (283/731), 826.77 MiB | 3.06 MiB/s
Writing objects:  38% (283/731), 827.59 MiB | 2.46 MiB/s
Writing objects:  38% (283/731), 828.21 MiB | 1.85 MiB/s
Writing objects:  38% (283/731), 829.88 MiB | 1.17 MiB/s
Writing objects:  39% (286/731), 829.88 MiB | 1.17 MiB/s
Writing objects:  40% (293/731), 829.88 MiB | 1.17 MiB/s
Writing objects:  41% (300/731), 829.88 MiB | 1.17 MiB/s
Writing objects:  41% (303/731), 830.66 MiB | 914.00 KiB/s
Writing objects:  41% (303/731), 832.77 MiB | 1.24 MiB/s  
Writing objects:  41% (303/731), 835.27 MiB | 1.58 MiB/s
Writing objects:  41% (303/731), 839.23 MiB | 2.22 MiB/s
Writing objects:  41% (303/731), 843.12 MiB | 2.83 MiB/s
Writing objects:  41% (303/731), 847.98 MiB | 3.81 MiB/s
Writing objects:  41% (303/731), 852.19 MiB | 4.00 MiB/s
Writing objects:  41% (303/731), 855.96 MiB | 4.16 MiB/s
Writing objects:  41% (303/731), 860.19 MiB | 4.22 MiB/s
Writing objects:  41% (303/731), 864.40 MiB | 3.63 MiB/s
Writing objects:  41% (303/731), 866.53 MiB | 3.51 MiB/s
Writing objects:  41% (307/731), 869.20 MiB | 3.34 MiB/s
Writing objects:  42% (308/731), 869.20 MiB | 3.34 MiB/s
Writing objects:  43% (315/731), 869.20 MiB | 3.34 MiB/s
Writing objects:  44% (322/731), 869.20 MiB | 3.34 MiB/s
Writing objects:  44% (326/731), 871.73 MiB | 2.63 MiB/s
Writing objects:  44% (326/731), 875.02 MiB | 2.72 MiB/s
Writing objects:  44% (326/731), 879.68 MiB | 3.03 MiB/s
Writing objects:  44% (326/731), 882.89 MiB | 3.00 MiB/s
Writing objects:  44% (326/731), 884.77 MiB | 3.38 MiB/s
Writing objects:  44% (326/731), 886.32 MiB | 2.88 MiB/s
Writing objects:  44% (326/731), 888.80 MiB | 2.59 MiB/s
Writing objects:  44% (326/731), 893.06 MiB | 2.50 MiB/s
Writing objects:  44% (326/731), 897.05 MiB | 2.90 MiB/s
Writing objects:  44% (326/731), 900.86 MiB | 3.36 MiB/s
Writing objects:  44% (326/731), 905.44 MiB | 3.98 MiB/s
Writing objects:  44% (326/731), 908.79 MiB | 4.00 MiB/s
Writing objects:  44% (326/731), 911.88 MiB | 3.59 MiB/s
Writing objects:  44% (327/731), 913.70 MiB | 3.66 MiB/s
Writing objects:  45% (329/731), 913.70 MiB | 3.66 MiB/s
Writing objects:  45% (331/731), 915.38 MiB | 3.24 MiB/s
Writing objects:  45% (331/731), 921.34 MiB | 3.12 MiB/s
Writing objects:  45% (331/731), 926.25 MiB | 3.42 MiB/s
Writing objects:  45% (331/731), 929.66 MiB | 3.49 MiB/s
Writing objects:  45% (331/731), 933.02 MiB | 3.90 MiB/s
Writing objects:  45% (331/731), 936.68 MiB | 3.84 MiB/s
Writing objects:  45% (331/731), 941.84 MiB | 3.97 MiB/s
Writing objects:  45% (331/731), 945.20 MiB | 3.83 MiB/s
Writing objects:  45% (332/731), 947.25 MiB | 3.88 MiB/s
Writing objects:  46% (337/731), 947.25 MiB | 3.88 MiB/s
Writing objects:  46% (342/731), 948.67 MiB | 3.25 MiB/s
Writing objects:  46% (342/731), 952.55 MiB | 3.36 MiB/s
Writing objects:  46% (342/731), 956.53 MiB | 3.30 MiB/s
Writing objects:  46% (342/731), 960.80 MiB | 3.27 MiB/s
Writing objects:  46% (342/731), 964.45 MiB | 3.24 MiB/s
Writing objects:  46% (342/731), 969.62 MiB | 4.10 MiB/s
Writing objects:  46% (342/731), 973.19 MiB | 4.14 MiB/s
Writing objects:  46% (342/731), 975.77 MiB | 3.64 MiB/s
Writing objects:  46% (342/731), 978.86 MiB | 3.59 MiB/s
Writing objects:  46% (342/731), 983.92 MiB | 3.76 MiB/s
Writing objects:  46% (342/731), 987.66 MiB | 3.57 MiB/s
Writing objects:  46% (342/731), 991.48 MiB | 3.71 MiB/s
Writing objects:  47% (344/731), 991.48 MiB | 3.71 MiB/s
Writing objects:  48% (351/731), 991.48 MiB | 3.71 MiB/s
Writing objects:  49% (359/731), 991.48 MiB | 3.71 MiB/s
Writing objects:  50% (366/731), 991.48 MiB | 3.71 MiB/s
Writing objects:  51% (373/731), 991.48 MiB | 3.71 MiB/s
Writing objects:  52% (381/731), 991.48 MiB | 3.71 MiB/s
Writing objects:  53% (388/731), 992.59 MiB | 3.70 MiB/s
Writing objects:  54% (395/731), 992.59 MiB | 3.70 MiB/s
Writing objects:  55% (403/731), 992.59 MiB | 3.70 MiB/s
Writing objects:  56% (410/731), 992.59 MiB | 3.70 MiB/s
Writing objects:  57% (418/731), 992.59 MiB | 3.70 MiB/s
Writing objects:  58% (424/731), 992.59 MiB | 3.70 MiB/s
Writing objects:  59% (433/731), 992.59 MiB | 3.70 MiB/s
Writing objects:  60% (439/731), 992.59 MiB | 3.70 MiB/s
Writing objects:  61% (446/731), 992.59 MiB | 3.70 MiB/s
Writing objects:  62% (454/731), 992.59 MiB | 3.70 MiB/s
Writing objects:  63% (461/731), 992.59 MiB | 3.70 MiB/s
Writing objects:  64% (468/731), 992.59 MiB | 3.70 MiB/s
Writing objects:  65% (476/731), 992.59 MiB | 3.70 MiB/s
Writing objects:  66% (483/731), 992.59 MiB | 3.70 MiB/s
Writing objects:  67% (490/731), 992.59 MiB | 3.70 MiB/s
Writing objects:  68% (498/731), 992.59 MiB | 3.70 MiB/s
Writing objects:  69% (505/731), 992.59 MiB | 3.70 MiB/s
Writing objects:  70% (512/731), 992.59 MiB | 3.70 MiB/s
Writing objects:  71% (520/731), 992.59 MiB | 3.70 MiB/s
Writing objects:  72% (527/731), 992.59 MiB | 3.70 MiB/s
Writing objects:  73% (534/731), 992.59 MiB | 3.70 MiB/s
Writing objects:  74% (541/731), 992.59 MiB | 3.70 MiB/s
Writing objects:  75% (549/731), 992.59 MiB | 3.70 MiB/s
Writing objects:  76% (556/731), 992.59 MiB | 3.70 MiB/s
Writing objects:  77% (564/731), 992.59 MiB | 3.70 MiB/s
Writing objects:  78% (571/731), 992.59 MiB | 3.70 MiB/s
Writing objects:  79% (578/731), 992.59 MiB | 3.70 MiB/s
Writing objects:  80% (585/731), 992.59 MiB | 3.70 MiB/s
Writing objects:  81% (593/731), 992.59 MiB | 3.70 MiB/s
Writing objects:  82% (600/731), 992.59 MiB | 3.70 MiB/s
Writing objects:  83% (607/731), 992.59 MiB | 3.70 MiB/s
Writing objects:  84% (615/731), 992.59 MiB | 3.70 MiB/s
Writing objects:  85% (622/731), 992.59 MiB | 3.70 MiB/s
Writing objects:  86% (629/731), 992.59 MiB | 3.70 MiB/s
Writing objects:  87% (636/731), 992.59 MiB | 3.70 MiB/s
Writing objects:  88% (644/731), 992.59 MiB | 3.70 MiB/s
Writing objects:  89% (651/731), 992.59 MiB | 3.70 MiB/s
Writing objects:  90% (658/731), 992.59 MiB | 3.70 MiB/s
Writing objects:  91% (666/731), 992.59 MiB | 3.70 MiB/s
Writing objects:  92% (673/731), 992.59 MiB | 3.70 MiB/s
Writing objects:  93% (680/731), 992.59 MiB | 3.70 MiB/s
Writing objects:  94% (688/731), 992.59 MiB | 3.70 MiB/s
Writing objects:  95% (695/731), 992.59 MiB | 3.70 MiB/s
Writing objects:  96% (702/731), 992.59 MiB | 3.70 MiB/s
Writing objects:  97% (710/731), 992.59 MiB | 3.70 MiB/s
Writing objects:  98% (717/731), 992.59 MiB | 3.70 MiB/s
Writing objects:  99% (724/731), 992.59 MiB | 3.70 MiB/s
Writing objects: 100% (731/731), 992.59 MiB | 3.70 MiB/s
Writing objects: 100% (731/731), 992.69 MiB | 3.08 MiB/s, done.
Total 731 (delta 443), reused 1 (delta 0), pack-reused 0 (from 0)
remote: Resolving deltas:   0% (0/443)        
remote: Resolving deltas:   1% (5/443)        
remote: Resolving deltas:   2% (9/443)        
remote: Resolving deltas:   3% (14/443)        
remote: Resolving deltas:   4% (18/443)        
remote: Resolving deltas:   5% (23/443)        
remote: Resolving deltas:   6% (27/443)        
remote: Resolving deltas:   7% (32/443)        
remote: Resolving deltas:   8% (36/443)        
remote: Resolving deltas:   9% (40/443)        
remote: Resolving deltas:  10% (45/443)        
remote: Resolving deltas:  11% (49/443)        
remote: Resolving deltas:  12% (54/443)        
remote: Resolving deltas:  13% (58/443)        
remote: Resolving deltas:  14% (63/443)        
remote: Resolving deltas:  15% (67/443)        
remote: Resolving deltas:  16% (71/443)        
remote: Resolving deltas:  17% (76/443)        
remote: Resolving deltas:  18% (80/443)        
remote: Resolving deltas:  19% (85/443)        
remote: Resolving deltas:  20% (89/443)        
remote: Resolving deltas:  21% (94/443)        
remote: Resolving deltas:  22% (98/443)        
remote: Resolving deltas:  23% (102/443)        
remote: Resolving deltas:  24% (107/443)        
remote: Resolving deltas:  25% (111/443)        
remote: Resolving deltas:  26% (116/443)        
remote: Resolving deltas:  27% (120/443)        
remote: Resolving deltas:  28% (125/443)        
remote: Resolving deltas:  29% (129/443)        
remote: Resolving deltas:  30% (133/443)        
remote: Resolving deltas:  31% (138/443)        
remote: Resolving deltas:  32% (142/443)        
remote: Resolving deltas:  33% (147/443)        
remote: Resolving deltas:  34% (151/443)        
remote: Resolving deltas:  35% (156/443)        
remote: Resolving deltas:  36% (160/443)        
remote: Resolving deltas:  37% (164/443)        
remote: Resolving deltas:  38% (169/443)        
remote: Resolving deltas:  39% (173/443)        
remote: Resolving deltas:  40% (178/443)        
remote: Resolving deltas:  41% (182/443)        
remote: Resolving deltas:  42% (187/443)        
remote: Resolving deltas:  43% (191/443)        
remote: Resolving deltas:  44% (195/443)        
remote: Resolving deltas:  45% (200/443)        
remote: Resolving deltas:  46% (204/443)        
remote: Resolving deltas:  47% (209/443)        
remote: Resolving deltas:  48% (213/443)        
remote: Resolving deltas:  49% (218/443)        
remote: Resolving deltas:  50% (222/443)        
remote: Resolving deltas:  51% (226/443)        
remote: Resolving deltas:  52% (231/443)        
remote: Resolving deltas:  53% (235/443)        
remote: Resolving deltas:  54% (240/443)        
remote: Resolving deltas:  55% (244/443)        
remote: Resolving deltas:  56% (249/443)        
remote: Resolving deltas:  57% (253/443)        
remote: Resolving deltas:  58% (257/443)        
remote: Resolving deltas:  59% (262/443)        
remote: Resolving deltas:  60% (266/443)        
remote: Resolving deltas:  61% (271/443)        
remote: Resolving deltas:  62% (275/443)        
remote: Resolving deltas:  63% (280/443)        
remote: Resolving deltas:  64% (284/443)        
remote: Resolving deltas:  65% (288/443)        
remote: Resolving deltas:  66% (293/443)        
remote: Resolving deltas:  67% (297/443)        
remote: Resolving deltas:  68% (302/443)        
remote: Resolving deltas:  69% (306/443)        
remote: Resolving deltas:  70% (311/443)        
remote: Resolving deltas:  71% (315/443)        
remote: Resolving deltas:  72% (319/443)        
remote: Resolving deltas:  73% (324/443)        
remote: Resolving deltas:  74% (328/443)        
remote: Resolving deltas:  75% (333/443)        
remote: Resolving deltas:  76% (337/443)        
remote: Resolving deltas:  77% (342/443)        
remote: Resolving deltas:  78% (346/443)        
remote: Resolving deltas:  79% (350/443)        
remote: Resolving deltas:  80% (355/443)        
remote: Resolving deltas:  81% (359/443)        
remote: Resolving deltas:  82% (364/443)        
remote: Resolving deltas:  83% (368/443)        
remote: Resolving deltas:  84% (373/443)        
remote: Resolving deltas:  85% (377/443)        
remote: Resolving deltas:  86% (381/443)        
remote: Resolving deltas:  87% (386/443)        
remote: Resolving deltas:  88% (390/443)        
remote: Resolving deltas:  89% (395/443)        
remote: Resolving deltas:  90% (399/443)        
remote: Resolving deltas:  91% (404/443)        
remote: Resolving deltas:  92% (408/443)        
remote: Resolving deltas:  93% (412/443)        
remote: Resolving deltas:  94% (417/443)        
remote: Resolving deltas:  95% (421/443)        
remote: Resolving deltas:  96% (426/443)        
remote: Resolving deltas:  97% (430/443)        
remote: Resolving deltas:  98% (435/443)        
remote: Resolving deltas:  99% (439/443)        
remote: Resolving deltas: 100% (443/443)        
remote: Resolving deltas: 100% (443/443), completed with 9 local objects.        
To https://github.com/A-lan-Z/Token-Reconstruction-Research.git
 	ef92028ab9f092eeedf235c3d4b097039b1d3542:refs/heads/task/TRR-0020	f549dc6..ef92028
Done
