Enumerating objects: 193, done.
Counting objects:   0% (1/193)
Counting objects:   1% (2/193)
Counting objects:   2% (4/193)
Counting objects:   3% (6/193)
Counting objects:   4% (8/193)
Counting objects:   5% (10/193)
Counting objects:   6% (12/193)
Counting objects:   7% (14/193)
Counting objects:   8% (16/193)
Counting objects:   9% (18/193)
Counting objects:  10% (20/193)
Counting objects:  11% (22/193)
Counting objects:  12% (24/193)
Counting objects:  13% (26/193)
Counting objects:  14% (28/193)
Counting objects:  15% (29/193)
Counting objects:  16% (31/193)
Counting objects:  17% (33/193)
Counting objects:  18% (35/193)
Counting objects:  19% (37/193)
Counting objects:  20% (39/193)
Counting objects:  21% (41/193)
Counting objects:  22% (43/193)
Counting objects:  23% (45/193)
Counting objects:  24% (47/193)
Counting objects:  25% (49/193)
Counting objects:  26% (51/193)
Counting objects:  27% (53/193)
Counting objects:  28% (55/193)
Counting objects:  29% (56/193)
Counting objects:  30% (58/193)
Counting objects:  31% (60/193)
Counting objects:  32% (62/193)
Counting objects:  33% (64/193)
Counting objects:  34% (66/193)
Counting objects:  35% (68/193)
Counting objects:  36% (70/193)
Counting objects:  37% (72/193)
Counting objects:  38% (74/193)
Counting objects:  39% (76/193)
Counting objects:  40% (78/193)
Counting objects:  41% (80/193)
Counting objects:  42% (82/193)
Counting objects:  43% (83/193)
Counting objects:  44% (85/193)
Counting objects:  45% (87/193)
Counting objects:  46% (89/193)
Counting objects:  47% (91/193)
Counting objects:  48% (93/193)
Counting objects:  49% (95/193)
Counting objects:  50% (97/193)
Counting objects:  51% (99/193)
Counting objects:  52% (101/193)
Counting objects:  53% (103/193)
Counting objects:  54% (105/193)
Counting objects:  55% (107/193)
Counting objects:  56% (109/193)
Counting objects:  57% (111/193)
Counting objects:  58% (112/193)
Counting objects:  59% (114/193)
Counting objects:  60% (116/193)
Counting objects:  61% (118/193)
Counting objects:  62% (120/193)
Counting objects:  63% (122/193)
Counting objects:  64% (124/193)
Counting objects:  65% (126/193)
Counting objects:  66% (128/193)
Counting objects:  67% (130/193)
Counting objects:  68% (132/193)
Counting objects:  69% (134/193)
Counting objects:  70% (136/193)
Counting objects:  71% (138/193)
Counting objects:  72% (139/193)
Counting objects:  73% (141/193)
Counting objects:  74% (143/193)
Counting objects:  75% (145/193)
Counting objects:  76% (147/193)
Counting objects:  77% (149/193)
Counting objects:  78% (151/193)
Counting objects:  79% (153/193)
Counting objects:  80% (155/193)
Counting objects:  81% (157/193)
Counting objects:  82% (159/193)
Counting objects:  83% (161/193)
Counting objects:  84% (163/193)
Counting objects:  85% (165/193)
Counting objects:  86% (166/193)
Counting objects:  87% (168/193)
Counting objects:  88% (170/193)
Counting objects:  89% (172/193)
Counting objects:  90% (174/193)
Counting objects:  91% (176/193)
Counting objects:  92% (178/193)
Counting objects:  93% (180/193)
Counting objects:  94% (182/193)
Counting objects:  95% (184/193)
Counting objects:  96% (186/193)
Counting objects:  97% (188/193)
Counting objects:  98% (190/193)
Counting objects:  99% (192/193)
Counting objects: 100% (193/193)
Counting objects: 100% (193/193), done.
Delta compression using up to 2 threads
Compressing objects:   0% (1/128)
Compressing objects:   1% (2/128)
Compressing objects:   2% (3/128)
Compressing objects:   3% (4/128)
Compressing objects:   4% (6/128)
Compressing objects:   5% (7/128)
Compressing objects:   6% (8/128)
Compressing objects:   7% (9/128)
Compressing objects:   8% (11/128)
Compressing objects:   9% (12/128)
Compressing objects:  10% (13/128)
Compressing objects:  11% (15/128)
Compressing objects:  12% (16/128)
Compressing objects:  13% (17/128)
Compressing objects:  14% (18/128)
Compressing objects:  15% (20/128)
Compressing objects:  16% (21/128)
Compressing objects:  17% (22/128)
Compressing objects:  18% (24/128)
Compressing objects:  19% (25/128)
Compressing objects:  20% (26/128)
Compressing objects:  21% (27/128)
Compressing objects:  22% (29/128)
Compressing objects:  23% (30/128)
Compressing objects:  24% (31/128)
Compressing objects:  25% (32/128)
Compressing objects:  26% (34/128)
Compressing objects:  27% (35/128)
Compressing objects:  28% (36/128)
Compressing objects:  29% (38/128)
Compressing objects:  30% (39/128)
Compressing objects:  31% (40/128)
Compressing objects:  32% (41/128)
Compressing objects:  33% (43/128)
Compressing objects:  34% (44/128)
Compressing objects:  35% (45/128)
Compressing objects:  36% (47/128)
Compressing objects:  37% (48/128)
Compressing objects:  38% (49/128)
Compressing objects:  39% (50/128)
Compressing objects:  40% (52/128)
Compressing objects:  41% (53/128)
Compressing objects:  42% (54/128)
Compressing objects:  43% (56/128)
Compressing objects:  44% (57/128)
Compressing objects:  45% (58/128)
Compressing objects:  46% (59/128)
Compressing objects:  47% (61/128)
Compressing objects:  48% (62/128)
Compressing objects:  49% (63/128)
Compressing objects:  50% (64/128)
Compressing objects:  51% (66/128)
Compressing objects:  52% (67/128)
Compressing objects:  53% (68/128)
Compressing objects:  54% (70/128)
Compressing objects:  55% (71/128)
Compressing objects:  56% (72/128)
Compressing objects:  57% (73/128)
Compressing objects:  58% (75/128)
Compressing objects:  59% (76/128)
Compressing objects:  60% (77/128)
Compressing objects:  61% (79/128)
Compressing objects:  62% (80/128)
Compressing objects:  63% (81/128)
Compressing objects:  64% (82/128)
Compressing objects:  65% (84/128)
Compressing objects:  66% (85/128)
Compressing objects:  67% (86/128)
Compressing objects:  68% (88/128)
Compressing objects:  69% (89/128)
Compressing objects:  70% (90/128)
Compressing objects:  71% (91/128)
Compressing objects:  72% (93/128)
Compressing objects:  73% (94/128)
Compressing objects:  74% (95/128)
Compressing objects:  75% (96/128)
Compressing objects:  76% (98/128)
Compressing objects:  77% (99/128)
Compressing objects:  78% (100/128)
Compressing objects:  79% (102/128)
Compressing objects:  80% (103/128)
Compressing objects:  81% (104/128)
Compressing objects:  82% (105/128)
Compressing objects:  83% (107/128)
Compressing objects:  84% (108/128)
Compressing objects:  85% (109/128)
Compressing objects:  86% (111/128)
Compressing objects:  87% (112/128)
Compressing objects:  88% (113/128)
Compressing objects:  89% (114/128)
Compressing objects:  90% (116/128)
Compressing objects:  91% (117/128)
Compressing objects:  92% (118/128)
Compressing objects:  93% (120/128)
Compressing objects:  94% (121/128)
Compressing objects:  95% (122/128)
Compressing objects:  96% (123/128)
Compressing objects:  97% (125/128)
Compressing objects:  98% (126/128)
Compressing objects:  99% (127/128)
Compressing objects: 100% (128/128)
Compressing objects: 100% (128/128), done.
Writing objects:   0% (1/185)
Writing objects:   1% (2/185)
Writing objects:   2% (4/185)
Writing objects:   3% (6/185)
Writing objects:   4% (8/185)
Writing objects:   5% (10/185)
Writing objects:   6% (12/185)
Writing objects:   7% (13/185)
Writing objects:   8% (15/185)
Writing objects:   9% (17/185)
Writing objects:  10% (19/185)
Writing objects:  11% (21/185)
Writing objects:  12% (23/185)
Writing objects:  13% (25/185)
Writing objects:  14% (26/185)
Writing objects:  15% (28/185)
Writing objects:  16% (31/185)
Writing objects:  17% (32/185)
Writing objects:  18% (34/185)
Writing objects:  21% (39/185)
Writing objects:  22% (41/185)
Writing objects:  23% (43/185)
Writing objects:  24% (45/185)
Writing objects:  25% (48/185)
Writing objects:  27% (50/185)
Writing objects:  28% (52/185)
Writing objects:  29% (54/185)
Writing objects:  30% (56/185)
Writing objects:  31% (58/185)
Writing objects:  32% (60/185)
Writing objects:  33% (62/185)
Writing objects:  34% (63/185)
Writing objects:  35% (65/185)
Writing objects:  36% (67/185)
Writing objects:  37% (69/185), 992.00 KiB | 998.00 KiB/s
Writing objects:  38% (72/185), 992.00 KiB | 998.00 KiB/s
Writing objects:  39% (73/185), 992.00 KiB | 998.00 KiB/s
Writing objects:  40% (74/185), 992.00 KiB | 998.00 KiB/s
Writing objects:  41% (76/185), 992.00 KiB | 998.00 KiB/s
Writing objects:  42% (78/185), 992.00 KiB | 998.00 KiB/s
Writing objects:  43% (80/185), 992.00 KiB | 998.00 KiB/s
Writing objects:  44% (82/185), 992.00 KiB | 998.00 KiB/s
Writing objects:  45% (84/185), 992.00 KiB | 998.00 KiB/s
Writing objects:  46% (86/185), 992.00 KiB | 998.00 KiB/s
Writing objects:  47% (87/185), 992.00 KiB | 998.00 KiB/s
Writing objects:  48% (89/185), 992.00 KiB | 998.00 KiB/s
Writing objects:  49% (91/185), 992.00 KiB | 998.00 KiB/s
Writing objects:  50% (93/185), 992.00 KiB | 998.00 KiB/s
Writing objects:  51% (95/185), 992.00 KiB | 998.00 KiB/s
Writing objects:  52% (97/185), 992.00 KiB | 998.00 KiB/s
Writing objects:  53% (99/185), 992.00 KiB | 998.00 KiB/s
Writing objects:  54% (100/185), 992.00 KiB | 998.00 KiB/s
Writing objects:  55% (102/185), 992.00 KiB | 998.00 KiB/s
Writing objects:  56% (104/185), 3.02 MiB | 2.02 MiB/s    
Writing objects:  58% (108/185), 3.02 MiB | 2.02 MiB/s
Writing objects:  59% (110/185), 3.02 MiB | 2.02 MiB/s
Writing objects:  60% (111/185), 3.02 MiB | 2.02 MiB/s
Writing objects:  61% (113/185), 3.02 MiB | 2.02 MiB/s
Writing objects:  62% (115/185), 3.02 MiB | 2.02 MiB/s
Writing objects:  63% (118/185), 3.02 MiB | 2.02 MiB/s
Writing objects:  64% (119/185), 3.02 MiB | 2.02 MiB/s
Writing objects:  65% (121/185), 3.02 MiB | 2.02 MiB/s
Writing objects:  66% (123/185), 3.02 MiB | 2.02 MiB/s
Writing objects:  67% (124/185), 3.02 MiB | 2.02 MiB/s
Writing objects:  68% (126/185), 3.02 MiB | 2.02 MiB/s
Writing objects:  69% (128/185), 3.02 MiB | 2.02 MiB/s
Writing objects:  70% (130/185), 3.02 MiB | 2.02 MiB/s
Writing objects:  71% (132/185), 3.02 MiB | 2.02 MiB/s
Writing objects:  72% (134/185), 3.02 MiB | 2.02 MiB/s
Writing objects:  73% (136/185), 3.02 MiB | 2.02 MiB/s
Writing objects:  74% (138/185), 3.02 MiB | 2.02 MiB/s
Writing objects:  75% (139/185), 3.02 MiB | 2.02 MiB/s
Writing objects:  76% (141/185), 3.02 MiB | 2.02 MiB/s
Writing objects:  77% (143/185), 3.02 MiB | 2.02 MiB/s
Writing objects:  78% (145/185), 3.02 MiB | 2.02 MiB/s
Writing objects:  79% (147/185), 3.02 MiB | 2.02 MiB/s
Writing objects:  80% (148/185), 3.02 MiB | 2.02 MiB/s
Writing objects:  81% (150/185), 3.02 MiB | 2.02 MiB/s
Writing objects:  82% (152/185), 3.02 MiB | 2.02 MiB/s
Writing objects:  83% (154/185), 3.02 MiB | 2.02 MiB/s
Writing objects:  84% (156/185), 3.02 MiB | 2.02 MiB/s
Writing objects:  85% (158/185), 3.02 MiB | 2.02 MiB/s
Writing objects:  86% (160/185), 3.02 MiB | 2.02 MiB/s
Writing objects:  87% (161/185), 3.02 MiB | 2.02 MiB/s
Writing objects:  88% (163/185), 3.02 MiB | 2.02 MiB/s
Writing objects:  89% (165/185), 3.02 MiB | 2.02 MiB/s
Writing objects:  90% (167/185), 3.02 MiB | 2.02 MiB/s
Writing objects:  91% (169/185), 3.02 MiB | 2.02 MiB/s
Writing objects:  92% (171/185), 3.02 MiB | 2.02 MiB/s
Writing objects:  93% (173/185), 3.02 MiB | 2.02 MiB/s
Writing objects:  94% (174/185), 3.02 MiB | 2.02 MiB/s
Writing objects:  95% (176/185), 3.02 MiB | 2.02 MiB/s
Writing objects:  96% (178/185), 3.02 MiB | 2.02 MiB/s
Writing objects:  97% (180/185), 3.02 MiB | 2.02 MiB/s
Writing objects:  98% (182/185), 3.02 MiB | 2.02 MiB/s
Writing objects:  99% (184/185), 3.02 MiB | 2.02 MiB/s
Writing objects: 100% (185/185), 3.02 MiB | 2.02 MiB/s
Writing objects: 100% (185/185), 3.42 MiB | 2.15 MiB/s, done.
Total 185 (delta 78), reused 157 (delta 57), pack-reused 0 (from 0)
remote: Resolving deltas:   0% (0/78)        
remote: Resolving deltas:   1% (1/78)        
remote: Resolving deltas:   2% (2/78)        
remote: Resolving deltas:   3% (3/78)        
remote: Resolving deltas:   5% (4/78)        
remote: Resolving deltas:   6% (5/78)        
remote: Resolving deltas:   7% (6/78)        
remote: Resolving deltas:   8% (7/78)        
remote: Resolving deltas:  10% (8/78)        
remote: Resolving deltas:  11% (9/78)        
remote: Resolving deltas:  12% (10/78)        
remote: Resolving deltas:  14% (11/78)        
remote: Resolving deltas:  15% (12/78)        
remote: Resolving deltas:  16% (13/78)        
remote: Resolving deltas:  17% (14/78)        
remote: Resolving deltas:  19% (15/78)        
remote: Resolving deltas:  20% (16/78)        
remote: Resolving deltas:  21% (17/78)        
remote: Resolving deltas:  23% (18/78)        
remote: Resolving deltas:  24% (19/78)        
remote: Resolving deltas:  25% (20/78)        
remote: Resolving deltas:  26% (21/78)        
remote: Resolving deltas:  28% (22/78)        
remote: Resolving deltas:  29% (23/78)        
remote: Resolving deltas:  30% (24/78)        
remote: Resolving deltas:  32% (25/78)        
remote: Resolving deltas:  33% (26/78)        
remote: Resolving deltas:  34% (27/78)        
remote: Resolving deltas:  35% (28/78)        
remote: Resolving deltas:  37% (29/78)        
remote: Resolving deltas:  38% (30/78)        
remote: Resolving deltas:  39% (31/78)        
remote: Resolving deltas:  41% (32/78)        
remote: Resolving deltas:  42% (33/78)        
remote: Resolving deltas:  43% (34/78)        
remote: Resolving deltas:  44% (35/78)        
remote: Resolving deltas:  46% (36/78)        
remote: Resolving deltas:  47% (37/78)        
remote: Resolving deltas:  48% (38/78)        
remote: Resolving deltas:  50% (39/78)        
remote: Resolving deltas:  51% (40/78)        
remote: Resolving deltas:  52% (41/78)        
remote: Resolving deltas:  53% (42/78)        
remote: Resolving deltas:  55% (43/78)        
remote: Resolving deltas:  56% (44/78)        
remote: Resolving deltas:  57% (45/78)        
remote: Resolving deltas:  58% (46/78)        
remote: Resolving deltas:  60% (47/78)        
remote: Resolving deltas:  61% (48/78)        
remote: Resolving deltas:  62% (49/78)        
remote: Resolving deltas:  64% (50/78)        
remote: Resolving deltas:  65% (51/78)        
remote: Resolving deltas:  66% (52/78)        
remote: Resolving deltas:  67% (53/78)        
remote: Resolving deltas:  69% (54/78)        
remote: Resolving deltas:  70% (55/78)        
remote: Resolving deltas:  71% (56/78)        
remote: Resolving deltas:  73% (57/78)        
remote: Resolving deltas:  74% (58/78)        
remote: Resolving deltas:  75% (59/78)        
remote: Resolving deltas:  76% (60/78)        
remote: Resolving deltas:  78% (61/78)        
remote: Resolving deltas:  79% (62/78)        
remote: Resolving deltas:  80% (63/78)        
remote: Resolving deltas:  82% (64/78)        
remote: Resolving deltas:  83% (65/78)        
remote: Resolving deltas:  84% (66/78)        
remote: Resolving deltas:  85% (67/78)        
remote: Resolving deltas:  87% (68/78)        
remote: Resolving deltas:  88% (69/78)        
remote: Resolving deltas:  89% (70/78)        
remote: Resolving deltas:  91% (71/78)        
remote: Resolving deltas:  92% (72/78)        
remote: Resolving deltas:  93% (73/78)        
remote: Resolving deltas:  94% (74/78)        
remote: Resolving deltas:  96% (75/78)        
remote: Resolving deltas:  97% (76/78)        
remote: Resolving deltas:  98% (77/78)        
remote: Resolving deltas: 100% (78/78)        
remote: Resolving deltas: 100% (78/78), completed with 7 local objects.        
remote: 
remote: Create a pull request for 'task/agent4-prefix-only-rescue' on GitHub by visiting:        
remote:      https://github.com/A-lan-Z/Token-Reconstruction-Research/pull/new/task/agent4-prefix-only-rescue        
remote: 
To https://github.com/A-lan-Z/Token-Reconstruction-Research.git
*	ce04a8dfb11452407df94468964723c6294b8933:refs/heads/task/agent4-prefix-only-rescue	[new branch]
Done
