Enumerating objects: 273, done.
Counting objects:   0% (1/265)
Counting objects:   1% (3/265)
Counting objects:   2% (6/265)
Counting objects:   3% (8/265)
Counting objects:   4% (11/265)
Counting objects:   5% (14/265)
Counting objects:   6% (16/265)
Counting objects:   7% (19/265)
Counting objects:   8% (22/265)
Counting objects:   9% (24/265)
Counting objects:  10% (27/265)
Counting objects:  11% (30/265)
Counting objects:  12% (32/265)
Counting objects:  13% (35/265)
Counting objects:  14% (38/265)
Counting objects:  15% (40/265)
Counting objects:  16% (43/265)
Counting objects:  17% (46/265)
Counting objects:  18% (48/265)
Counting objects:  19% (51/265)
Counting objects:  20% (53/265)
Counting objects:  21% (56/265)
Counting objects:  22% (59/265)
Counting objects:  23% (61/265)
Counting objects:  24% (64/265)
Counting objects:  25% (67/265)
Counting objects:  26% (69/265)
Counting objects:  27% (72/265)
Counting objects:  28% (75/265)
Counting objects:  29% (77/265)
Counting objects:  30% (80/265)
Counting objects:  31% (83/265)
Counting objects:  32% (85/265)
Counting objects:  33% (88/265)
Counting objects:  34% (91/265)
Counting objects:  35% (93/265)
Counting objects:  36% (96/265)
Counting objects:  37% (99/265)
Counting objects:  38% (101/265)
Counting objects:  39% (104/265)
Counting objects:  40% (106/265)
Counting objects:  41% (109/265)
Counting objects:  42% (112/265)
Counting objects:  43% (114/265)
Counting objects:  44% (117/265)
Counting objects:  45% (120/265)
Counting objects:  46% (122/265)
Counting objects:  47% (125/265)
Counting objects:  48% (128/265)
Counting objects:  49% (130/265)
Counting objects:  50% (133/265)
Counting objects:  51% (136/265)
Counting objects:  52% (138/265)
Counting objects:  53% (141/265)
Counting objects:  54% (144/265)
Counting objects:  55% (146/265)
Counting objects:  56% (149/265)
Counting objects:  57% (152/265)
Counting objects:  58% (154/265)
Counting objects:  59% (157/265)
Counting objects:  60% (159/265)
Counting objects:  61% (162/265)
Counting objects:  62% (165/265)
Counting objects:  63% (167/265)
Counting objects:  64% (170/265)
Counting objects:  65% (173/265)
Counting objects:  66% (175/265)
Counting objects:  67% (178/265)
Counting objects:  68% (181/265)
Counting objects:  69% (183/265)
Counting objects:  70% (186/265)
Counting objects:  71% (189/265)
Counting objects:  72% (191/265)
Counting objects:  73% (194/265)
Counting objects:  74% (197/265)
Counting objects:  75% (199/265)
Counting objects:  76% (202/265)
Counting objects:  77% (205/265)
Counting objects:  78% (207/265)
Counting objects:  79% (210/265)
Counting objects:  80% (212/265)
Counting objects:  81% (215/265)
Counting objects:  82% (218/265)
Counting objects:  83% (220/265)
Counting objects:  84% (223/265)
Counting objects:  85% (226/265)
Counting objects:  86% (228/265)
Counting objects:  87% (231/265)
Counting objects:  88% (234/265)
Counting objects:  89% (236/265)
Counting objects:  90% (239/265)
Counting objects:  91% (242/265)
Counting objects:  92% (244/265)
Counting objects:  93% (247/265)
Counting objects:  94% (250/265)
Counting objects:  95% (252/265)
Counting objects:  96% (255/265)
Counting objects:  97% (258/265)
Counting objects:  98% (260/265)
Counting objects:  99% (263/265)
Counting objects: 100% (265/265)
Counting objects: 100% (265/265), done.
Delta compression using up to 2 threads
Compressing objects:   0% (1/182)
Compressing objects:   1% (2/182)
Compressing objects:   2% (4/182)
Compressing objects:   3% (6/182)
Compressing objects:   4% (8/182)
Compressing objects:   5% (10/182)
Compressing objects:   6% (11/182)
Compressing objects:   7% (13/182)
Compressing objects:   8% (15/182)
Compressing objects:   9% (17/182)
Compressing objects:  10% (19/182)
Compressing objects:  11% (21/182)
Compressing objects:  12% (22/182)
Compressing objects:  13% (24/182)
Compressing objects:  14% (26/182)
Compressing objects:  15% (28/182)
Compressing objects:  16% (30/182)
Compressing objects:  17% (31/182)
Compressing objects:  18% (33/182)
Compressing objects:  19% (35/182)
Compressing objects:  20% (37/182)
Compressing objects:  21% (39/182)
Compressing objects:  22% (41/182)
Compressing objects:  23% (42/182)
Compressing objects:  24% (44/182)
Compressing objects:  25% (46/182)
Compressing objects:  26% (48/182)
Compressing objects:  27% (50/182)
Compressing objects:  28% (51/182)
Compressing objects:  29% (53/182)
Compressing objects:  30% (55/182)
Compressing objects:  31% (57/182)
Compressing objects:  32% (59/182)
Compressing objects:  33% (61/182)
Compressing objects:  34% (62/182)
Compressing objects:  35% (64/182)
Compressing objects:  36% (66/182)
Compressing objects:  37% (68/182)
Compressing objects:  38% (70/182)
Compressing objects:  39% (71/182)
Compressing objects:  40% (73/182)
Compressing objects:  41% (75/182)
Compressing objects:  42% (77/182)
Compressing objects:  43% (79/182)
Compressing objects:  44% (81/182)
Compressing objects:  45% (82/182)
Compressing objects:  46% (84/182)
Compressing objects:  47% (86/182)
Compressing objects:  48% (88/182)
Compressing objects:  49% (90/182)
Compressing objects:  50% (91/182)
Compressing objects:  51% (93/182)
Compressing objects:  52% (95/182)
Compressing objects:  53% (97/182)
Compressing objects:  54% (99/182)
Compressing objects:  55% (101/182)
Compressing objects:  56% (102/182)
Compressing objects:  57% (104/182)
Compressing objects:  58% (106/182)
Compressing objects:  59% (108/182)
Compressing objects:  60% (110/182)
Compressing objects:  61% (112/182)
Compressing objects:  62% (113/182)
Compressing objects:  63% (115/182)
Compressing objects:  64% (117/182)
Compressing objects:  65% (119/182)
Compressing objects:  66% (121/182)
Compressing objects:  67% (122/182)
Compressing objects:  68% (124/182)
Compressing objects:  69% (126/182)
Compressing objects:  70% (128/182)
Compressing objects:  71% (130/182)
Compressing objects:  72% (132/182)
Compressing objects:  73% (133/182)
Compressing objects:  74% (135/182)
Compressing objects:  75% (137/182)
Compressing objects:  76% (139/182)
Compressing objects:  77% (141/182)
Compressing objects:  78% (142/182)
Compressing objects:  79% (144/182)
Compressing objects:  80% (146/182)
Compressing objects:  81% (148/182)
Compressing objects:  82% (150/182)
Compressing objects:  83% (152/182)
Compressing objects:  84% (153/182)
Compressing objects:  85% (155/182)
Compressing objects:  86% (157/182)
Compressing objects:  87% (159/182)
Compressing objects:  88% (161/182)
Compressing objects:  89% (162/182)
Compressing objects:  90% (164/182)
Compressing objects:  91% (166/182)
Compressing objects:  92% (168/182)
Compressing objects:  93% (170/182)
Compressing objects:  94% (172/182)
Compressing objects:  95% (173/182)
Compressing objects:  96% (175/182)
Compressing objects:  97% (177/182)
Compressing objects:  98% (179/182)
Compressing objects:  99% (181/182)
Compressing objects: 100% (182/182)
Compressing objects: 100% (182/182), done.
Writing objects:   0% (1/247)
Writing objects:   1% (3/247)
Writing objects:   2% (5/247)
Writing objects:   3% (8/247)
Writing objects:   4% (10/247)
Writing objects:   5% (13/247)
Writing objects:   6% (15/247)
Writing objects:   7% (18/247)
Writing objects:   8% (20/247)
Writing objects:   9% (23/247)
Writing objects:  10% (25/247)
Writing objects:  11% (28/247)
Writing objects:  12% (31/247)
Writing objects:  12% (31/247), 2.11 MiB | 1.54 MiB/s
Writing objects:  12% (31/247), 6.37 MiB | 2.68 MiB/s
Writing objects:  12% (31/247), 11.05 MiB | 3.27 MiB/s
Writing objects:  12% (31/247), 15.00 MiB | 3.41 MiB/s
Writing objects:  13% (33/247), 15.00 MiB | 3.41 MiB/s
Writing objects:  13% (33/247), 17.20 MiB | 3.57 MiB/s
Writing objects:  13% (33/247), 19.77 MiB | 3.44 MiB/s
Writing objects:  13% (33/247), 23.80 MiB | 3.34 MiB/s
Writing objects:  13% (33/247), 28.26 MiB | 3.26 MiB/s
Writing objects:  13% (34/247), 29.88 MiB | 3.28 MiB/s
Writing objects:  14% (35/247), 29.88 MiB | 3.28 MiB/s
Writing objects:  14% (35/247), 35.23 MiB | 3.72 MiB/s
Writing objects:  14% (35/247), 38.05 MiB | 3.62 MiB/s
Writing objects:  14% (36/247), 39.84 MiB | 3.53 MiB/s
Writing objects:  14% (37/247), 45.14 MiB | 3.36 MiB/s
Writing objects:  14% (37/247), 48.61 MiB | 3.28 MiB/s
Writing objects:  14% (37/247), 52.09 MiB | 3.42 MiB/s
Writing objects:  14% (37/247), 56.29 MiB | 3.62 MiB/s
Writing objects:  15% (38/247), 56.29 MiB | 3.62 MiB/s
Writing objects:  15% (39/247), 61.09 MiB | 3.83 MiB/s
Writing objects:  15% (39/247), 64.33 MiB | 3.88 MiB/s
Writing objects:  16% (40/247), 65.76 MiB | 3.79 MiB/s
Writing objects:  16% (41/247), 67.28 MiB | 3.75 MiB/s
Writing objects:  16% (41/247), 70.73 MiB | 3.66 MiB/s
Writing objects:  17% (42/247), 70.73 MiB | 3.66 MiB/s
Writing objects:  17% (43/247), 73.25 MiB | 3.17 MiB/s
Writing objects:  17% (44/247), 74.94 MiB | 3.05 MiB/s
Writing objects:  18% (45/247), 74.94 MiB | 3.05 MiB/s
Writing objects:  18% (45/247), 80.02 MiB | 3.14 MiB/s
Writing objects:  19% (47/247), 80.02 MiB | 3.14 MiB/s
Writing objects:  19% (47/247), 83.40 MiB | 3.15 MiB/s
Writing objects:  19% (49/247), 87.85 MiB | 3.51 MiB/s
Writing objects:  19% (49/247), 92.21 MiB | 3.79 MiB/s
Writing objects:  19% (49/247), 95.11 MiB | 3.62 MiB/s
Writing objects:  19% (49/247), 98.40 MiB | 3.71 MiB/s
Writing objects:  20% (50/247), 98.40 MiB | 3.71 MiB/s
Writing objects:  20% (51/247), 103.30 MiB | 3.90 MiB/s
Writing objects:  20% (51/247), 106.80 MiB | 3.74 MiB/s
Writing objects:  20% (51/247), 110.81 MiB | 3.77 MiB/s
Writing objects:  21% (52/247), 110.81 MiB | 3.77 MiB/s
Writing objects:  21% (53/247), 113.32 MiB | 3.68 MiB/s
Writing objects:  21% (53/247), 115.63 MiB | 3.32 MiB/s
Writing objects:  21% (53/247), 119.08 MiB | 3.07 MiB/s
Writing objects:  21% (53/247), 124.30 MiB | 3.45 MiB/s
Writing objects:  22% (55/247), 124.30 MiB | 3.45 MiB/s
Writing objects:  22% (55/247), 127.59 MiB | 3.40 MiB/s
Writing objects:  22% (55/247), 131.20 MiB | 3.70 MiB/s
Writing objects:  22% (55/247), 135.81 MiB | 4.11 MiB/s
Writing objects:  22% (55/247), 138.28 MiB | 3.67 MiB/s
Writing objects:  23% (57/247), 138.28 MiB | 3.67 MiB/s
Writing objects:  23% (57/247), 141.57 MiB | 3.46 MiB/s
Writing objects:  23% (57/247), 144.14 MiB | 3.23 MiB/s
Writing objects:  23% (57/247), 146.52 MiB | 2.83 MiB/s
Writing objects:  23% (57/247), 150.24 MiB | 2.91 MiB/s
Writing objects:  23% (59/247), 154.55 MiB | 3.25 MiB/s
Writing objects:  23% (59/247), 157.95 MiB | 3.29 MiB/s
Writing objects:  23% (59/247), 161.84 MiB | 3.67 MiB/s
Writing objects:  24% (60/247), 163.13 MiB | 3.67 MiB/s
Writing objects:  24% (61/247), 168.63 MiB | 3.50 MiB/s
Writing objects:  24% (61/247), 173.48 MiB | 3.83 MiB/s
Writing objects:  25% (62/247), 175.07 MiB | 3.78 MiB/s
Writing objects:  25% (63/247), 181.17 MiB | 3.98 MiB/s
Writing objects:  25% (63/247), 185.99 MiB | 4.33 MiB/s
Writing objects:  25% (63/247), 191.15 MiB | 4.39 MiB/s
Writing objects:  26% (65/247), 191.15 MiB | 4.39 MiB/s
Writing objects:  26% (65/247), 194.54 MiB | 4.29 MiB/s
Writing objects:  26% (65/247), 197.75 MiB | 4.17 MiB/s
Writing objects:  26% (65/247), 200.99 MiB | 3.80 MiB/s
Writing objects:  26% (65/247), 205.30 MiB | 3.73 MiB/s
Writing objects:  27% (67/247), 205.30 MiB | 3.73 MiB/s
Writing objects:  27% (67/247), 209.54 MiB | 3.64 MiB/s
Writing objects:  27% (67/247), 212.80 MiB | 3.67 MiB/s
Writing objects:  27% (67/247), 215.16 MiB | 3.50 MiB/s
Writing objects:  27% (67/247), 218.62 MiB | 3.44 MiB/s
Writing objects:  27% (69/247), 223.48 MiB | 3.41 MiB/s
Writing objects:  27% (69/247), 226.75 MiB | 3.42 MiB/s
Writing objects:  27% (69/247), 230.93 MiB | 3.76 MiB/s
Writing objects:  28% (70/247), 230.93 MiB | 3.76 MiB/s
Writing objects:  28% (70/247), 235.27 MiB | 4.09 MiB/s
Writing objects:  28% (70/247), 238.80 MiB | 3.88 MiB/s
Writing objects:  28% (70/247), 242.61 MiB | 3.87 MiB/s
Writing objects:  28% (70/247), 246.73 MiB | 3.98 MiB/s
Writing objects:  29% (72/247), 246.73 MiB | 3.98 MiB/s
Writing objects:  29% (72/247), 251.84 MiB | 3.96 MiB/s
Writing objects:  29% (72/247), 254.23 MiB | 3.79 MiB/s
Writing objects:  29% (73/247), 255.70 MiB | 3.69 MiB/s
Writing objects:  30% (75/247), 257.56 MiB | 3.63 MiB/s
Writing objects:  30% (76/247), 260.96 MiB | 3.58 MiB/s
Writing objects:  30% (76/247), 265.30 MiB | 3.50 MiB/s
Writing objects:  30% (76/247), 269.55 MiB | 3.64 MiB/s
Writing objects:  30% (76/247), 272.12 MiB | 3.60 MiB/s
Writing objects:  30% (76/247), 275.95 MiB | 3.70 MiB/s
Writing objects:  30% (76/247), 278.89 MiB | 3.53 MiB/s
Writing objects:  30% (76/247), 282.45 MiB | 3.17 MiB/s
Writing objects:  30% (76/247), 285.35 MiB | 3.22 MiB/s
Writing objects:  31% (77/247), 286.80 MiB | 3.24 MiB/s
Writing objects:  31% (79/247), 291.98 MiB | 3.19 MiB/s
Writing objects:  31% (79/247), 295.89 MiB | 3.40 MiB/s
Writing objects:  31% (79/247), 300.77 MiB | 3.68 MiB/s
Writing objects:  32% (80/247), 300.77 MiB | 3.68 MiB/s
Writing objects:  32% (81/247), 304.13 MiB | 3.82 MiB/s
Writing objects:  32% (81/247), 307.66 MiB | 3.84 MiB/s
Writing objects:  32% (81/247), 311.33 MiB | 3.85 MiB/s
Writing objects:  33% (82/247), 313.57 MiB | 3.91 MiB/s
Writing objects:  33% (82/247), 319.51 MiB | 3.80 MiB/s
Writing objects:  33% (82/247), 322.50 MiB | 3.63 MiB/s
Writing objects:  34% (85/247), 322.50 MiB | 3.63 MiB/s
Writing objects:  34% (85/247), 326.76 MiB | 3.83 MiB/s
Writing objects:  34% (85/247), 329.71 MiB | 3.56 MiB/s
Writing objects:  34% (85/247), 332.76 MiB | 3.17 MiB/s
Writing objects:  34% (85/247), 334.41 MiB | 2.97 MiB/s
Writing objects:  34% (85/247), 335.16 MiB | 2.32 MiB/s
Writing objects:  34% (85/247), 335.51 MiB | 1.90 MiB/s
Writing objects:  34% (85/247), 336.16 MiB | 1.39 MiB/s
Writing objects:  34% (85/247), 336.99 MiB | 932.00 KiB/s
Writing objects:  35% (88/247), 336.99 MiB | 932.00 KiB/s
Writing objects:  35% (88/247), 339.48 MiB | 1.10 MiB/s  
Writing objects:  35% (88/247), 343.66 MiB | 1.86 MiB/s
Writing objects:  36% (89/247), 346.23 MiB | 2.35 MiB/s
Writing objects:  36% (91/247), 347.93 MiB | 2.65 MiB/s
Writing objects:  36% (91/247), 351.44 MiB | 3.31 MiB/s
Writing objects:  37% (92/247), 351.44 MiB | 3.31 MiB/s
Writing objects:  38% (94/247), 351.44 MiB | 3.31 MiB/s
Writing objects:  38% (94/247), 355.09 MiB | 3.75 MiB/s
Writing objects:  39% (97/247), 355.09 MiB | 3.75 MiB/s
Writing objects:  39% (97/247), 358.45 MiB | 3.79 MiB/s
Writing objects:  40% (100/247), 360.02 MiB | 3.62 MiB/s
Writing objects:  40% (100/247), 361.84 MiB | 3.45 MiB/s
Writing objects:  41% (102/247), 363.88 MiB | 3.53 MiB/s
Writing objects:  41% (102/247), 365.60 MiB | 3.53 MiB/s
Writing objects:  41% (102/247), 368.45 MiB | 3.29 MiB/s
Writing objects:  41% (102/247), 371.13 MiB | 3.12 MiB/s
Writing objects:  41% (102/247), 374.55 MiB | 3.19 MiB/s
Writing objects:  42% (105/247), 376.20 MiB | 3.15 MiB/s
Writing objects:  42% (105/247), 377.43 MiB | 2.97 MiB/s
Writing objects:  42% (105/247), 380.52 MiB | 2.98 MiB/s
Writing objects:  42% (105/247), 382.30 MiB | 2.76 MiB/s
Writing objects:  42% (105/247), 384.70 MiB | 2.63 MiB/s
Writing objects:  42% (105/247), 388.54 MiB | 2.70 MiB/s
Writing objects:  43% (107/247), 388.54 MiB | 2.70 MiB/s
Writing objects:  43% (107/247), 391.54 MiB | 2.76 MiB/s
Writing objects:  43% (107/247), 394.98 MiB | 2.97 MiB/s
Writing objects:  43% (107/247), 399.88 MiB | 3.66 MiB/s
Writing objects:  44% (109/247), 401.34 MiB | 3.68 MiB/s
Writing objects:  44% (109/247), 403.02 MiB | 3.67 MiB/s
Writing objects:  44% (109/247), 405.54 MiB | 3.40 MiB/s
Writing objects:  44% (109/247), 407.80 MiB | 3.23 MiB/s
Writing objects:  44% (109/247), 410.42 MiB | 2.92 MiB/s
Writing objects:  44% (110/247), 414.54 MiB | 2.91 MiB/s
Writing objects:  44% (110/247), 417.25 MiB | 2.83 MiB/s
Writing objects:  44% (110/247), 419.80 MiB | 2.89 MiB/s
Writing objects:  44% (110/247), 423.06 MiB | 3.09 MiB/s
Writing objects:  44% (111/247), 426.48 MiB | 3.11 MiB/s
Writing objects:  44% (111/247), 427.98 MiB | 2.66 MiB/s
Writing objects:  44% (111/247), 429.62 MiB | 2.43 MiB/s
Writing objects:  44% (111/247), 432.79 MiB | 2.52 MiB/s
Writing objects:  44% (111/247), 436.09 MiB | 2.47 MiB/s
Writing objects:  45% (112/247), 436.09 MiB | 2.47 MiB/s
Writing objects:  45% (112/247), 440.13 MiB | 2.80 MiB/s
Writing objects:  45% (112/247), 444.13 MiB | 3.43 MiB/s
Writing objects:  45% (112/247), 447.48 MiB | 3.61 MiB/s
Writing objects:  45% (113/247), 450.38 MiB | 3.52 MiB/s
Writing objects:  45% (113/247), 454.13 MiB | 3.56 MiB/s
Writing objects:  45% (113/247), 458.56 MiB | 3.50 MiB/s
Writing objects:  46% (114/247), 460.07 MiB | 3.52 MiB/s
Writing objects:  46% (114/247), 464.91 MiB | 3.41 MiB/s
Writing objects:  46% (114/247), 467.07 MiB | 3.15 MiB/s
Writing objects:  46% (114/247), 468.98 MiB | 2.60 MiB/s
Writing objects:  46% (114/247), 472.16 MiB | 2.55 MiB/s
Writing objects:  46% (115/247), 474.02 MiB | 2.72 MiB/s
Writing objects:  46% (115/247), 479.76 MiB | 2.99 MiB/s
Writing objects:  46% (115/247), 483.98 MiB | 3.52 MiB/s
Writing objects:  46% (115/247), 486.27 MiB | 3.48 MiB/s
Writing objects:  46% (115/247), 489.60 MiB | 3.42 MiB/s
Writing objects:  47% (117/247), 489.60 MiB | 3.42 MiB/s
Writing objects:  47% (117/247), 494.56 MiB | 3.70 MiB/s
Writing objects:  47% (117/247), 496.95 MiB | 3.27 MiB/s
Writing objects:  47% (118/247), 500.19 MiB | 3.32 MiB/s
Writing objects:  47% (118/247), 505.10 MiB | 3.80 MiB/s
Writing objects:  47% (118/247), 508.38 MiB | 3.62 MiB/s
Writing objects:  47% (118/247), 512.27 MiB | 3.63 MiB/s
Writing objects:  48% (119/247), 512.27 MiB | 3.63 MiB/s
Writing objects:  48% (120/247), 515.40 MiB | 3.73 MiB/s
Writing objects:  48% (120/247), 517.70 MiB | 3.36 MiB/s
Writing objects:  48% (120/247), 520.92 MiB | 3.11 MiB/s
Writing objects:  49% (122/247), 520.92 MiB | 3.11 MiB/s
Writing objects:  49% (122/247), 523.81 MiB | 2.98 MiB/s
Writing objects:  49% (122/247), 526.38 MiB | 2.66 MiB/s
Writing objects:  49% (122/247), 529.77 MiB | 2.91 MiB/s
Writing objects:  49% (122/247), 533.24 MiB | 3.08 MiB/s
Writing objects:  50% (124/247), 535.33 MiB | 3.16 MiB/s
Writing objects:  50% (124/247), 537.81 MiB | 3.39 MiB/s
Writing objects:  50% (124/247), 541.62 MiB | 3.61 MiB/s
Writing objects:  50% (124/247), 544.38 MiB | 3.58 MiB/s
Writing objects:  50% (124/247), 547.93 MiB | 3.64 MiB/s
Writing objects:  51% (126/247), 549.72 MiB | 3.65 MiB/s
Writing objects:  51% (126/247), 551.65 MiB | 3.61 MiB/s
Writing objects:  51% (126/247), 556.27 MiB | 3.56 MiB/s
Writing objects:  51% (128/247), 560.09 MiB | 3.80 MiB/s
Writing objects:  51% (128/247), 562.84 MiB | 3.68 MiB/s
Writing objects:  51% (128/247), 564.74 MiB | 3.31 MiB/s
Writing objects:  51% (128/247), 567.70 MiB | 3.07 MiB/s
Writing objects:  51% (128/247), 572.57 MiB | 3.09 MiB/s
Writing objects:  52% (129/247), 572.57 MiB | 3.09 MiB/s
Writing objects:  52% (130/247), 577.37 MiB | 3.48 MiB/s
Writing objects:  52% (130/247), 579.80 MiB | 3.57 MiB/s
Writing objects:  52% (130/247), 581.41 MiB | 3.40 MiB/s
Writing objects:  53% (131/247), 581.41 MiB | 3.40 MiB/s
Writing objects:  54% (134/247), 581.41 MiB | 3.40 MiB/s
Writing objects:  55% (136/247), 581.41 MiB | 3.40 MiB/s
Writing objects:  56% (139/247), 581.41 MiB | 3.40 MiB/s
Writing objects:  57% (141/247), 581.41 MiB | 3.40 MiB/s
Writing objects:  58% (144/247), 581.41 MiB | 3.40 MiB/s
Writing objects:  59% (147/247), 581.41 MiB | 3.40 MiB/s
Writing objects:  60% (149/247), 581.41 MiB | 3.40 MiB/s
Writing objects:  61% (152/247), 582.46 MiB | 3.27 MiB/s
Writing objects:  62% (154/247), 582.46 MiB | 3.27 MiB/s
Writing objects:  63% (156/247), 582.46 MiB | 3.27 MiB/s
Writing objects:  64% (159/247), 582.46 MiB | 3.27 MiB/s
Writing objects:  65% (161/247), 582.46 MiB | 3.27 MiB/s
Writing objects:  66% (164/247), 582.46 MiB | 3.27 MiB/s
Writing objects:  67% (166/247), 582.46 MiB | 3.27 MiB/s
Writing objects:  68% (168/247), 582.46 MiB | 3.27 MiB/s
Writing objects:  69% (171/247), 582.46 MiB | 3.27 MiB/s
Writing objects:  70% (173/247), 582.46 MiB | 3.27 MiB/s
Writing objects:  71% (176/247), 582.46 MiB | 3.27 MiB/s
Writing objects:  72% (178/247), 582.46 MiB | 3.27 MiB/s
Writing objects:  73% (181/247), 582.46 MiB | 3.27 MiB/s
Writing objects:  74% (183/247), 582.46 MiB | 3.27 MiB/s
Writing objects:  75% (186/247), 582.46 MiB | 3.27 MiB/s
Writing objects:  76% (188/247), 582.46 MiB | 3.27 MiB/s
Writing objects:  77% (191/247), 582.46 MiB | 3.27 MiB/s
Writing objects:  78% (193/247), 582.46 MiB | 3.27 MiB/s
Writing objects:  79% (196/247), 582.46 MiB | 3.27 MiB/s
Writing objects:  80% (198/247), 582.46 MiB | 3.27 MiB/s
Writing objects:  81% (201/247), 582.46 MiB | 3.27 MiB/s
Writing objects:  82% (203/247), 582.46 MiB | 3.27 MiB/s
Writing objects:  83% (206/247), 582.46 MiB | 3.27 MiB/s
Writing objects:  84% (208/247), 582.46 MiB | 3.27 MiB/s
Writing objects:  85% (210/247), 582.46 MiB | 3.27 MiB/s
Writing objects:  86% (213/247), 582.46 MiB | 3.27 MiB/s
Writing objects:  87% (215/247), 582.46 MiB | 3.27 MiB/s
Writing objects:  88% (218/247), 582.46 MiB | 3.27 MiB/s
Writing objects:  89% (220/247), 582.46 MiB | 3.27 MiB/s
Writing objects:  90% (223/247), 582.46 MiB | 3.27 MiB/s
Writing objects:  91% (225/247), 582.46 MiB | 3.27 MiB/s
Writing objects:  92% (228/247), 582.46 MiB | 3.27 MiB/s
Writing objects:  93% (230/247), 582.46 MiB | 3.27 MiB/s
Writing objects:  94% (233/247), 582.46 MiB | 3.27 MiB/s
Writing objects:  95% (235/247), 582.46 MiB | 3.27 MiB/s
Writing objects:  96% (238/247), 582.46 MiB | 3.27 MiB/s
Writing objects:  97% (240/247), 582.46 MiB | 3.27 MiB/s
Writing objects:  98% (243/247), 582.46 MiB | 3.27 MiB/s
Writing objects:  99% (245/247), 582.46 MiB | 3.27 MiB/s
Writing objects: 100% (247/247), 582.46 MiB | 3.27 MiB/s
Writing objects: 100% (247/247), 582.68 MiB | 3.34 MiB/s, done.
Total 247 (delta 76), reused 220 (delta 59), pack-reused 0 (from 0)
remote: Resolving deltas:   0% (0/76)        
remote: Resolving deltas:   1% (1/76)        
remote: Resolving deltas:   2% (2/76)        
remote: Resolving deltas:   3% (3/76)        
remote: Resolving deltas:   5% (4/76)        
remote: Resolving deltas:   6% (5/76)        
remote: Resolving deltas:   7% (6/76)        
remote: Resolving deltas:   9% (7/76)        
remote: Resolving deltas:  10% (8/76)        
remote: Resolving deltas:  11% (9/76)        
remote: Resolving deltas:  13% (10/76)        
remote: Resolving deltas:  14% (11/76)        
remote: Resolving deltas:  15% (12/76)        
remote: Resolving deltas:  17% (13/76)        
remote: Resolving deltas:  18% (14/76)        
remote: Resolving deltas:  19% (15/76)        
remote: Resolving deltas:  21% (16/76)        
remote: Resolving deltas:  22% (17/76)        
remote: Resolving deltas:  23% (18/76)        
remote: Resolving deltas:  25% (19/76)        
remote: Resolving deltas:  26% (20/76)        
remote: Resolving deltas:  27% (21/76)        
remote: Resolving deltas:  28% (22/76)        
remote: Resolving deltas:  30% (23/76)        
remote: Resolving deltas:  31% (24/76)        
remote: Resolving deltas:  32% (25/76)        
remote: Resolving deltas:  34% (26/76)        
remote: Resolving deltas:  35% (27/76)        
remote: Resolving deltas:  36% (28/76)        
remote: Resolving deltas:  38% (29/76)        
remote: Resolving deltas:  39% (30/76)        
remote: Resolving deltas:  40% (31/76)        
remote: Resolving deltas:  42% (32/76)        
remote: Resolving deltas:  43% (33/76)        
remote: Resolving deltas:  44% (34/76)        
remote: Resolving deltas:  46% (35/76)        
remote: Resolving deltas:  47% (36/76)        
remote: Resolving deltas:  48% (37/76)        
remote: Resolving deltas:  50% (38/76)        
remote: Resolving deltas:  51% (39/76)        
remote: Resolving deltas:  52% (40/76)        
remote: Resolving deltas:  53% (41/76)        
remote: Resolving deltas:  55% (42/76)        
remote: Resolving deltas:  56% (43/76)        
remote: Resolving deltas:  57% (44/76)        
remote: Resolving deltas:  59% (45/76)        
remote: Resolving deltas:  60% (46/76)        
remote: Resolving deltas:  61% (47/76)        
remote: Resolving deltas:  63% (48/76)        
remote: Resolving deltas:  64% (49/76)        
remote: Resolving deltas:  65% (50/76)        
remote: Resolving deltas:  67% (51/76)        
remote: Resolving deltas:  68% (52/76)        
remote: Resolving deltas:  69% (53/76)        
remote: Resolving deltas:  71% (54/76)        
remote: Resolving deltas:  72% (55/76)        
remote: Resolving deltas:  73% (56/76)        
remote: Resolving deltas:  75% (57/76)        
remote: Resolving deltas:  76% (58/76)        
remote: Resolving deltas:  77% (59/76)        
remote: Resolving deltas:  78% (60/76)        
remote: Resolving deltas:  80% (61/76)        
remote: Resolving deltas:  81% (62/76)        
remote: Resolving deltas:  82% (63/76)        
remote: Resolving deltas:  84% (64/76)        
remote: Resolving deltas:  85% (65/76)        
remote: Resolving deltas:  86% (66/76)        
remote: Resolving deltas:  88% (67/76)        
remote: Resolving deltas:  89% (68/76)        
remote: Resolving deltas:  90% (69/76)        
remote: Resolving deltas:  92% (70/76)        
remote: Resolving deltas:  93% (71/76)        
remote: Resolving deltas:  94% (72/76)        
remote: Resolving deltas:  96% (73/76)        
remote: Resolving deltas:  97% (74/76)        
remote: Resolving deltas:  98% (75/76)        
remote: Resolving deltas: 100% (76/76)        
remote: Resolving deltas: 100% (76/76), completed with 11 local objects.        
remote: 
remote: Create a pull request for 'task/TRR-0018' on GitHub by visiting:        
remote:      https://github.com/A-lan-Z/Token-Reconstruction-Research/pull/new/task/TRR-0018        
remote: 
To https://github.com/A-lan-Z/Token-Reconstruction-Research.git
*	7a65a0adefd0f1597a251c2ab7f54f4fb43f7c06:refs/heads/task/TRR-0018	[new branch]
Done
