Enumerating objects: 365, done.
Counting objects:   0% (1/365)
Counting objects:   1% (4/365)
Counting objects:   2% (8/365)
Counting objects:   3% (11/365)
Counting objects:   4% (15/365)
Counting objects:   5% (19/365)
Counting objects:   6% (22/365)
Counting objects:   7% (26/365)
Counting objects:   8% (30/365)
Counting objects:   9% (33/365)
Counting objects:  10% (37/365)
Counting objects:  11% (41/365)
Counting objects:  12% (44/365)
Counting objects:  13% (48/365)
Counting objects:  14% (52/365)
Counting objects:  15% (55/365)
Counting objects:  16% (59/365)
Counting objects:  17% (63/365)
Counting objects:  18% (66/365)
Counting objects:  19% (70/365)
Counting objects:  20% (73/365)
Counting objects:  21% (77/365)
Counting objects:  22% (81/365)
Counting objects:  23% (84/365)
Counting objects:  24% (88/365)
Counting objects:  25% (92/365)
Counting objects:  26% (95/365)
Counting objects:  27% (99/365)
Counting objects:  28% (103/365)
Counting objects:  29% (106/365)
Counting objects:  30% (110/365)
Counting objects:  31% (114/365)
Counting objects:  32% (117/365)
Counting objects:  33% (121/365)
Counting objects:  34% (125/365)
Counting objects:  35% (128/365)
Counting objects:  36% (132/365)
Counting objects:  37% (136/365)
Counting objects:  38% (139/365)
Counting objects:  39% (143/365)
Counting objects:  40% (146/365)
Counting objects:  41% (150/365)
Counting objects:  42% (154/365)
Counting objects:  43% (157/365)
Counting objects:  44% (161/365)
Counting objects:  45% (165/365)
Counting objects:  46% (168/365)
Counting objects:  47% (172/365)
Counting objects:  48% (176/365)
Counting objects:  49% (179/365)
Counting objects:  50% (183/365)
Counting objects:  51% (187/365)
Counting objects:  52% (190/365)
Counting objects:  53% (194/365)
Counting objects:  54% (198/365)
Counting objects:  55% (201/365)
Counting objects:  56% (205/365)
Counting objects:  57% (209/365)
Counting objects:  58% (212/365)
Counting objects:  59% (216/365)
Counting objects:  60% (219/365)
Counting objects:  61% (223/365)
Counting objects:  62% (227/365)
Counting objects:  63% (230/365)
Counting objects:  64% (234/365)
Counting objects:  65% (238/365)
Counting objects:  66% (241/365)
Counting objects:  67% (245/365)
Counting objects:  68% (249/365)
Counting objects:  69% (252/365)
Counting objects:  70% (256/365)
Counting objects:  71% (260/365)
Counting objects:  72% (263/365)
Counting objects:  73% (267/365)
Counting objects:  74% (271/365)
Counting objects:  75% (274/365)
Counting objects:  76% (278/365)
Counting objects:  77% (282/365)
Counting objects:  78% (285/365)
Counting objects:  79% (289/365)
Counting objects:  80% (292/365)
Counting objects:  81% (296/365)
Counting objects:  82% (300/365)
Counting objects:  83% (303/365)
Counting objects:  84% (307/365)
Counting objects:  85% (311/365)
Counting objects:  86% (314/365)
Counting objects:  87% (318/365)
Counting objects:  88% (322/365)
Counting objects:  89% (325/365)
Counting objects:  90% (329/365)
Counting objects:  91% (333/365)
Counting objects:  92% (336/365)
Counting objects:  93% (340/365)
Counting objects:  94% (344/365)
Counting objects:  95% (347/365)
Counting objects:  96% (351/365)
Counting objects:  97% (355/365)
Counting objects:  98% (358/365)
Counting objects:  99% (362/365)
Counting objects: 100% (365/365)
Counting objects: 100% (365/365), done.
Delta compression using up to 2 threads
Compressing objects:   0% (1/355)
Compressing objects:   1% (4/355)
Compressing objects:   2% (8/355)
Compressing objects:   3% (11/355)
Compressing objects:   4% (15/355)
Compressing objects:   5% (18/355)
Compressing objects:   6% (22/355)
Compressing objects:   7% (25/355)
Compressing objects:   8% (29/355)
Compressing objects:   9% (32/355)
Compressing objects:  10% (36/355)
Compressing objects:  11% (40/355)
Compressing objects:  12% (43/355)
Compressing objects:  13% (47/355)
Compressing objects:  14% (50/355)
Compressing objects:  15% (54/355)
Compressing objects:  16% (57/355)
Compressing objects:  17% (61/355)
Compressing objects:  18% (64/355)
Compressing objects:  19% (68/355)
Compressing objects:  20% (71/355)
Compressing objects:  21% (75/355)
Compressing objects:  22% (79/355)
Compressing objects:  23% (82/355)
Compressing objects:  24% (86/355)
Compressing objects:  25% (89/355)
Compressing objects:  26% (93/355)
Compressing objects:  27% (96/355)
Compressing objects:  28% (100/355)
Compressing objects:  29% (103/355)
Compressing objects:  30% (107/355)
Compressing objects:  31% (111/355)
Compressing objects:  32% (114/355)
Compressing objects:  32% (117/355)
Compressing objects:  33% (118/355)
Compressing objects:  34% (121/355)
Compressing objects:  35% (125/355)
Compressing objects:  36% (128/355)
Compressing objects:  37% (132/355)
Compressing objects:  38% (135/355)
Compressing objects:  39% (139/355)
Compressing objects:  40% (142/355)
Compressing objects:  41% (146/355)
Compressing objects:  42% (150/355)
Compressing objects:  43% (153/355)
Compressing objects:  44% (157/355)
Compressing objects:  45% (160/355)
Compressing objects:  46% (164/355)
Compressing objects:  47% (167/355)
Compressing objects:  48% (171/355)
Compressing objects:  49% (174/355)
Compressing objects:  50% (178/355)
Compressing objects:  51% (182/355)
Compressing objects:  52% (185/355)
Compressing objects:  53% (189/355)
Compressing objects:  54% (192/355)
Compressing objects:  55% (196/355)
Compressing objects:  56% (199/355)
Compressing objects:  57% (203/355)
Compressing objects:  58% (206/355)
Compressing objects:  59% (210/355)
Compressing objects:  60% (213/355)
Compressing objects:  61% (217/355)
Compressing objects:  62% (221/355)
Compressing objects:  63% (224/355)
Compressing objects:  64% (228/355)
Compressing objects:  65% (231/355)
Compressing objects:  66% (235/355)
Compressing objects:  67% (238/355)
Compressing objects:  68% (242/355)
Compressing objects:  69% (245/355)
Compressing objects:  70% (249/355)
Compressing objects:  71% (253/355)
Compressing objects:  72% (256/355)
Compressing objects:  73% (260/355)
Compressing objects:  74% (263/355)
Compressing objects:  75% (267/355)
Compressing objects:  76% (270/355)
Compressing objects:  77% (274/355)
Compressing objects:  78% (277/355)
Compressing objects:  79% (281/355)
Compressing objects:  80% (284/355)
Compressing objects:  81% (288/355)
Compressing objects:  82% (292/355)
Compressing objects:  83% (295/355)
Compressing objects:  84% (299/355)
Compressing objects:  85% (302/355)
Compressing objects:  86% (306/355)
Compressing objects:  87% (309/355)
Compressing objects:  88% (313/355)
Compressing objects:  89% (316/355)
Compressing objects:  90% (320/355)
Compressing objects:  90% (321/355)
Compressing objects:  91% (324/355)
Compressing objects:  92% (327/355)
Compressing objects:  93% (331/355)
Compressing objects:  94% (334/355)
Compressing objects:  95% (338/355)
Compressing objects:  95% (339/355)
Compressing objects:  95% (340/355)
Compressing objects:  96% (341/355)
Compressing objects:  96% (342/355)
Compressing objects:  96% (343/355)
Compressing objects:  96% (344/355)
Compressing objects:  97% (345/355)
Compressing objects:  98% (348/355)
Compressing objects:  98% (349/355)
Compressing objects:  98% (350/355)
Compressing objects:  98% (351/355)
Compressing objects:  99% (352/355)
Compressing objects: 100% (355/355)
Compressing objects: 100% (355/355), done.
Writing objects:   0% (1/355)
Writing objects:   1% (4/355)
Writing objects:   2% (8/355)
Writing objects:   3% (11/355)
Writing objects:   4% (15/355)
Writing objects:   5% (18/355)
Writing objects:   6% (22/355)
Writing objects:   7% (25/355)
Writing objects:   8% (30/355)
Writing objects:   9% (32/355)
Writing objects:  10% (36/355)
Writing objects:  11% (41/355)
Writing objects:  12% (44/355)
Writing objects:  13% (47/355)
Writing objects:  14% (50/355)
Writing objects:  14% (50/355), 984.00 KiB | 761.00 KiB/s
Writing objects:  14% (50/355), 3.84 MiB | 1.68 MiB/s    
Writing objects:  14% (50/355), 7.27 MiB | 2.20 MiB/s
Writing objects:  14% (50/355), 11.70 MiB | 2.71 MiB/s
Writing objects:  15% (54/355), 13.58 MiB | 2.80 MiB/s
Writing objects:  16% (57/355), 13.58 MiB | 2.80 MiB/s
Writing objects:  17% (61/355), 13.58 MiB | 2.80 MiB/s
Writing objects:  17% (63/355), 13.58 MiB | 2.80 MiB/s
Writing objects:  18% (66/355), 13.58 MiB | 2.80 MiB/s
Writing objects:  19% (68/355), 13.58 MiB | 2.80 MiB/s
Writing objects:  20% (73/355), 13.58 MiB | 2.80 MiB/s
Writing objects:  21% (75/355), 13.58 MiB | 2.80 MiB/s
Writing objects:  21% (76/355), 15.65 MiB | 2.85 MiB/s
Writing objects:  21% (76/355), 19.06 MiB | 2.96 MiB/s
Writing objects:  21% (76/355), 23.20 MiB | 3.10 MiB/s
Writing objects:  21% (76/355), 26.50 MiB | 2.88 MiB/s
Writing objects:  21% (76/355), 31.21 MiB | 3.81 MiB/s
Writing objects:  21% (76/355), 34.42 MiB | 3.82 MiB/s
Writing objects:  21% (76/355), 37.44 MiB | 3.51 MiB/s
Writing objects:  21% (76/355), 42.13 MiB | 3.85 MiB/s
Writing objects:  21% (76/355), 44.93 MiB | 3.61 MiB/s
Writing objects:  21% (76/355), 47.92 MiB | 3.20 MiB/s
Writing objects:  21% (76/355), 49.70 MiB | 3.03 MiB/s
Writing objects:  21% (76/355), 51.34 MiB | 2.58 MiB/s
Writing objects:  21% (76/355), 53.56 MiB | 2.11 MiB/s
Writing objects:  21% (76/355), 55.80 MiB | 2.07 MiB/s
Writing objects:  21% (76/355), 59.13 MiB | 2.23 MiB/s
Writing objects:  21% (76/355), 61.65 MiB | 2.47 MiB/s
Writing objects:  21% (77/355), 62.00 MiB | 2.10 MiB/s
Writing objects:  21% (77/355), 65.19 MiB | 2.29 MiB/s
Writing objects:  21% (77/355), 68.93 MiB | 2.59 MiB/s
Writing objects:  21% (77/355), 73.31 MiB | 2.80 MiB/s
Writing objects:  21% (77/355), 76.77 MiB | 2.98 MiB/s
Writing objects:  21% (77/355), 81.33 MiB | 3.88 MiB/s
Writing objects:  21% (77/355), 84.35 MiB | 3.83 MiB/s
Writing objects:  21% (77/355), 88.33 MiB | 3.68 MiB/s
Writing objects:  21% (77/355), 91.31 MiB | 3.60 MiB/s
Writing objects:  21% (77/355), 94.64 MiB | 3.45 MiB/s
Writing objects:  21% (77/355), 97.23 MiB | 3.19 MiB/s
Writing objects:  21% (77/355), 101.12 MiB | 3.28 MiB/s
Writing objects:  21% (77/355), 105.48 MiB | 3.44 MiB/s
Writing objects:  21% (77/355), 108.06 MiB | 3.31 MiB/s
Writing objects:  21% (78/355), 109.82 MiB | 3.34 MiB/s
Writing objects:  21% (78/355), 111.97 MiB | 2.96 MiB/s
Writing objects:  21% (78/355), 115.83 MiB | 2.96 MiB/s
Writing objects:  21% (78/355), 120.75 MiB | 3.07 MiB/s
Writing objects:  21% (78/355), 123.27 MiB | 3.05 MiB/s
Writing objects:  21% (78/355), 125.45 MiB | 3.39 MiB/s
Writing objects:  21% (78/355), 128.77 MiB | 3.29 MiB/s
Writing objects:  21% (78/355), 132.23 MiB | 3.10 MiB/s
Writing objects:  21% (78/355), 135.20 MiB | 2.90 MiB/s
Writing objects:  21% (78/355), 139.10 MiB | 3.28 MiB/s
Writing objects:  21% (78/355), 143.35 MiB | 3.64 MiB/s
Writing objects:  21% (78/355), 146.15 MiB | 3.44 MiB/s
Writing objects:  21% (78/355), 149.37 MiB | 3.47 MiB/s
Writing objects:  21% (78/355), 152.07 MiB | 3.31 MiB/s
Writing objects:  21% (78/355), 155.18 MiB | 2.99 MiB/s
Writing objects:  22% (79/355), 157.30 MiB | 3.08 MiB/s
Writing objects:  22% (79/355), 159.48 MiB | 2.60 MiB/s
Writing objects:  22% (79/355), 162.05 MiB | 2.48 MiB/s
Writing objects:  22% (79/355), 166.23 MiB | 2.77 MiB/s
Writing objects:  22% (79/355), 169.73 MiB | 2.85 MiB/s
Writing objects:  22% (79/355), 172.41 MiB | 3.18 MiB/s
Writing objects:  22% (79/355), 174.90 MiB | 3.14 MiB/s
Writing objects:  22% (79/355), 178.60 MiB | 3.23 MiB/s
Writing objects:  22% (79/355), 183.05 MiB | 3.24 MiB/s
Writing objects:  22% (79/355), 186.34 MiB | 3.35 MiB/s
Writing objects:  22% (79/355), 190.61 MiB | 3.75 MiB/s
Writing objects:  22% (79/355), 194.69 MiB | 4.02 MiB/s
Writing objects:  22% (79/355), 197.84 MiB | 3.65 MiB/s
Writing objects:  22% (79/355), 200.90 MiB | 3.58 MiB/s
Writing objects:  22% (79/355), 203.77 MiB | 3.39 MiB/s
Writing objects:  22% (80/355), 205.10 MiB | 3.17 MiB/s
Writing objects:  22% (80/355), 206.04 MiB | 2.56 MiB/s
Writing objects:  22% (80/355), 209.18 MiB | 2.39 MiB/s
Writing objects:  22% (80/355), 212.34 MiB | 2.46 MiB/s
Writing objects:  22% (80/355), 214.88 MiB | 2.37 MiB/s
Writing objects:  22% (80/355), 217.87 MiB | 2.42 MiB/s
Writing objects:  22% (80/355), 219.49 MiB | 2.59 MiB/s
Writing objects:  22% (80/355), 221.24 MiB | 2.29 MiB/s
Writing objects:  22% (80/355), 223.32 MiB | 2.16 MiB/s
Writing objects:  22% (80/355), 226.38 MiB | 2.14 MiB/s
Writing objects:  22% (80/355), 230.24 MiB | 2.55 MiB/s
Writing objects:  22% (80/355), 233.23 MiB | 2.83 MiB/s
Writing objects:  22% (80/355), 235.91 MiB | 3.00 MiB/s
Writing objects:  22% (80/355), 237.84 MiB | 2.88 MiB/s
Writing objects:  22% (80/355), 240.65 MiB | 2.64 MiB/s
Writing objects:  22% (80/355), 242.95 MiB | 2.47 MiB/s
Writing objects:  22% (80/355), 246.46 MiB | 2.60 MiB/s
Writing objects:  22% (80/355), 251.48 MiB | 3.21 MiB/s
Writing objects:  22% (80/355), 253.96 MiB | 3.24 MiB/s
Writing objects:  22% (81/355), 254.05 MiB | 2.67 MiB/s
Writing objects:  22% (81/355), 256.44 MiB | 2.70 MiB/s
Writing objects:  22% (81/355), 258.64 MiB | 2.44 MiB/s
Writing objects:  22% (81/355), 261.23 MiB | 1.96 MiB/s
Writing objects:  22% (81/355), 263.42 MiB | 1.90 MiB/s
Writing objects:  22% (81/355), 265.20 MiB | 2.15 MiB/s
Writing objects:  22% (81/355), 267.84 MiB | 2.25 MiB/s
Writing objects:  22% (81/355), 272.09 MiB | 2.64 MiB/s
Writing objects:  22% (81/355), 275.23 MiB | 2.80 MiB/s
Writing objects:  22% (81/355), 277.95 MiB | 2.97 MiB/s
Writing objects:  22% (81/355), 280.38 MiB | 3.09 MiB/s
Writing objects:  22% (81/355), 283.38 MiB | 3.02 MiB/s
Writing objects:  22% (81/355), 286.69 MiB | 2.75 MiB/s
Writing objects:  22% (81/355), 289.66 MiB | 2.89 MiB/s
Writing objects:  22% (81/355), 294.01 MiB | 3.25 MiB/s
Writing objects:  22% (81/355), 296.84 MiB | 3.34 MiB/s
Writing objects:  22% (81/355), 298.44 MiB | 2.86 MiB/s
Writing objects:  22% (81/355), 299.78 MiB | 2.60 MiB/s
Writing objects:  22% (81/355), 301.24 MiB | 2.13 MiB/s
Writing objects:  23% (82/355), 301.24 MiB | 2.13 MiB/s
Writing objects:  23% (82/355), 302.06 MiB | 1.51 MiB/s
Writing objects:  23% (82/355), 303.35 MiB | 1.42 MiB/s
Writing objects:  23% (82/355), 306.04 MiB | 1.58 MiB/s
Writing objects:  23% (82/355), 310.21 MiB | 2.07 MiB/s
Writing objects:  23% (82/355), 313.69 MiB | 2.48 MiB/s
Writing objects:  23% (82/355), 316.53 MiB | 3.19 MiB/s
Writing objects:  23% (82/355), 319.77 MiB | 3.35 MiB/s
Writing objects:  23% (82/355), 323.66 MiB | 3.48 MiB/s
Writing objects:  23% (82/355), 327.73 MiB | 3.42 MiB/s
Writing objects:  23% (82/355), 331.54 MiB | 3.60 MiB/s
Writing objects:  23% (82/355), 335.92 MiB | 3.94 MiB/s
Writing objects:  23% (82/355), 339.27 MiB | 3.82 MiB/s
Writing objects:  23% (82/355), 341.17 MiB | 3.41 MiB/s
Writing objects:  23% (82/355), 343.12 MiB | 2.96 MiB/s
Writing objects:  23% (82/355), 345.61 MiB | 2.62 MiB/s
Writing objects:  23% (82/355), 347.16 MiB | 2.02 MiB/s
Writing objects:  23% (82/355), 348.78 MiB | 1.83 MiB/s
Writing objects:  23% (83/355), 350.08 MiB | 1.60 MiB/s
Writing objects:  23% (83/355), 352.09 MiB | 1.76 MiB/s
Writing objects:  23% (83/355), 355.09 MiB | 1.86 MiB/s
Writing objects:  23% (83/355), 358.85 MiB | 2.30 MiB/s
Writing objects:  23% (83/355), 361.85 MiB | 2.57 MiB/s
Writing objects:  23% (83/355), 365.32 MiB | 3.37 MiB/s
Writing objects:  23% (83/355), 369.59 MiB | 3.53 MiB/s
Writing objects:  23% (83/355), 372.78 MiB | 3.52 MiB/s
Writing objects:  23% (83/355), 377.26 MiB | 3.71 MiB/s
Writing objects:  23% (83/355), 380.46 MiB | 3.75 MiB/s
Writing objects:  23% (83/355), 384.10 MiB | 3.62 MiB/s
Writing objects:  23% (83/355), 387.88 MiB | 3.69 MiB/s
Writing objects:  23% (83/355), 391.14 MiB | 3.61 MiB/s
Writing objects:  23% (83/355), 393.79 MiB | 3.25 MiB/s
Writing objects:  23% (83/355), 396.80 MiB | 3.22 MiB/s
Writing objects:  23% (84/355), 398.09 MiB | 2.32 MiB/s
Writing objects:  23% (84/355), 399.50 MiB | 2.31 MiB/s
Writing objects:  23% (84/355), 401.63 MiB | 2.08 MiB/s
Writing objects:  23% (84/355), 404.19 MiB | 2.06 MiB/s
Writing objects:  23% (84/355), 407.23 MiB | 2.06 MiB/s
Writing objects:  23% (84/355), 410.77 MiB | 2.77 MiB/s
Writing objects:  23% (84/355), 415.03 MiB | 3.16 MiB/s
Writing objects:  23% (84/355), 418.16 MiB | 3.38 MiB/s
Writing objects:  23% (84/355), 422.58 MiB | 3.71 MiB/s
Writing objects:  23% (84/355), 425.47 MiB | 3.68 MiB/s
Writing objects:  23% (84/355), 429.07 MiB | 3.51 MiB/s
Writing objects:  23% (84/355), 431.64 MiB | 3.33 MiB/s
Writing objects:  23% (84/355), 434.59 MiB | 3.17 MiB/s
Writing objects:  23% (84/355), 437.21 MiB | 2.91 MiB/s
Writing objects:  23% (84/355), 441.20 MiB | 3.09 MiB/s
Writing objects:  23% (84/355), 445.91 MiB | 3.44 MiB/s
Writing objects:  23% (85/355), 446.11 MiB | 2.88 MiB/s
Writing objects:  23% (85/355), 449.14 MiB | 2.90 MiB/s
Writing objects:  23% (85/355), 452.55 MiB | 3.06 MiB/s
Writing objects:  23% (85/355), 455.58 MiB | 2.86 MiB/s
Writing objects:  23% (85/355), 458.78 MiB | 2.56 MiB/s
Writing objects:  23% (85/355), 462.56 MiB | 3.25 MiB/s
Writing objects:  23% (85/355), 466.66 MiB | 3.48 MiB/s
Writing objects:  23% (85/355), 470.44 MiB | 3.56 MiB/s
Writing objects:  23% (85/355), 473.79 MiB | 3.67 MiB/s
Writing objects:  23% (85/355), 478.48 MiB | 3.89 MiB/s
Writing objects:  23% (85/355), 481.54 MiB | 3.75 MiB/s
Writing objects:  23% (85/355), 484.55 MiB | 3.41 MiB/s
Writing objects:  23% (85/355), 489.12 MiB | 3.77 MiB/s
Writing objects:  23% (85/355), 492.74 MiB | 3.71 MiB/s
Writing objects:  24% (86/355), 492.74 MiB | 3.71 MiB/s
Writing objects:  24% (86/355), 494.12 MiB | 2.92 MiB/s
Writing objects:  24% (86/355), 497.48 MiB | 2.98 MiB/s
Writing objects:  24% (86/355), 500.04 MiB | 2.90 MiB/s
Writing objects:  24% (86/355), 503.53 MiB | 2.69 MiB/s
Writing objects:  24% (86/355), 506.74 MiB | 2.63 MiB/s
Writing objects:  24% (86/355), 509.99 MiB | 3.10 MiB/s
Writing objects:  24% (86/355), 514.80 MiB | 3.55 MiB/s
Writing objects:  24% (86/355), 518.55 MiB | 3.71 MiB/s
Writing objects:  24% (86/355), 522.38 MiB | 3.72 MiB/s
Writing objects:  24% (86/355), 526.01 MiB | 3.90 MiB/s
Writing objects:  24% (86/355), 528.86 MiB | 3.67 MiB/s
Writing objects:  24% (86/355), 531.85 MiB | 3.29 MiB/s
Writing objects:  24% (86/355), 536.52 MiB | 3.55 MiB/s
Writing objects:  24% (86/355), 541.70 MiB | 3.89 MiB/s
Writing objects:  24% (87/355), 542.13 MiB | 3.21 MiB/s
Writing objects:  24% (87/355), 546.37 MiB | 3.49 MiB/s
Writing objects:  24% (87/355), 549.48 MiB | 3.51 MiB/s
Writing objects:  24% (87/355), 552.57 MiB | 3.19 MiB/s
Writing objects:  24% (87/355), 556.12 MiB | 2.86 MiB/s
Writing objects:  24% (87/355), 557.91 MiB | 2.99 MiB/s
Writing objects:  24% (87/355), 559.99 MiB | 2.58 MiB/s
Writing objects:  24% (87/355), 560.79 MiB | 2.11 MiB/s
Writing objects:  24% (87/355), 560.98 MiB | 1.78 MiB/s
Writing objects:  24% (87/355), 561.30 MiB | 1.08 MiB/s
Writing objects:  24% (87/355), 561.62 MiB | 781.00 KiB/s
Writing objects:  24% (87/355), 562.73 MiB | 576.00 KiB/s
Writing objects:  24% (87/355), 565.52 MiB | 1.00 MiB/s  
Writing objects:  24% (87/355), 569.77 MiB | 1.84 MiB/s
Writing objects:  24% (87/355), 573.77 MiB | 2.68 MiB/s
Writing objects:  24% (87/355), 576.44 MiB | 3.18 MiB/s
Writing objects:  24% (87/355), 580.64 MiB | 3.69 MiB/s
Writing objects:  24% (87/355), 584.76 MiB | 3.82 MiB/s
Writing objects:  24% (87/355), 587.48 MiB | 3.29 MiB/s
Writing objects:  24% (88/355), 590.82 MiB | 3.48 MiB/s
Writing objects:  24% (88/355), 593.48 MiB | 3.33 MiB/s
Writing objects:  25% (89/355), 593.48 MiB | 3.33 MiB/s
Writing objects:  26% (93/355), 593.48 MiB | 3.33 MiB/s
Writing objects:  27% (96/355), 593.48 MiB | 3.33 MiB/s
Writing objects:  28% (100/355), 593.48 MiB | 3.33 MiB/s
Writing objects:  29% (103/355), 593.48 MiB | 3.33 MiB/s
Writing objects:  30% (108/355), 593.48 MiB | 3.33 MiB/s
Writing objects:  30% (109/355), 596.36 MiB | 2.79 MiB/s
Writing objects:  30% (109/355), 599.20 MiB | 2.86 MiB/s
Writing objects:  31% (111/355), 599.20 MiB | 2.86 MiB/s
Writing objects:  32% (114/355), 599.20 MiB | 2.86 MiB/s
Writing objects:  33% (119/355), 599.20 MiB | 2.86 MiB/s
Writing objects:  34% (121/355), 599.20 MiB | 2.86 MiB/s
Writing objects:  35% (125/355), 599.20 MiB | 2.86 MiB/s
Writing objects:  35% (127/355), 599.43 MiB | 2.27 MiB/s
Writing objects:  35% (127/355), 602.46 MiB | 2.21 MiB/s
Writing objects:  35% (127/355), 605.25 MiB | 2.23 MiB/s
Writing objects:  35% (127/355), 608.50 MiB | 2.34 MiB/s
Writing objects:  35% (127/355), 611.83 MiB | 2.44 MiB/s
Writing objects:  35% (127/355), 614.80 MiB | 3.03 MiB/s
Writing objects:  35% (127/355), 618.27 MiB | 3.16 MiB/s
Writing objects:  35% (127/355), 621.20 MiB | 3.17 MiB/s
Writing objects:  35% (127/355), 625.51 MiB | 3.29 MiB/s
Writing objects:  35% (127/355), 629.16 MiB | 3.49 MiB/s
Writing objects:  35% (127/355), 631.88 MiB | 3.30 MiB/s
Writing objects:  35% (127/355), 634.63 MiB | 3.30 MiB/s
Writing objects:  35% (127/355), 638.74 MiB | 3.46 MiB/s
Writing objects:  35% (127/355), 642.99 MiB | 3.27 MiB/s
Writing objects:  35% (127/355), 646.16 MiB | 3.43 MiB/s
Writing objects:  36% (128/355), 646.16 MiB | 3.43 MiB/s
Writing objects:  36% (128/355), 647.43 MiB | 3.32 MiB/s
Writing objects:  36% (128/355), 650.52 MiB | 3.39 MiB/s
Writing objects:  36% (128/355), 654.14 MiB | 3.28 MiB/s
Writing objects:  37% (132/355), 656.73 MiB | 3.27 MiB/s
Writing objects:  38% (135/355), 656.73 MiB | 3.27 MiB/s
Writing objects:  39% (140/355), 658.54 MiB | 3.33 MiB/s
Writing objects:  40% (142/355), 658.54 MiB | 3.33 MiB/s
Writing objects:  41% (146/355), 658.54 MiB | 3.33 MiB/s
Writing objects:  41% (148/355), 658.63 MiB | 2.67 MiB/s
Writing objects:  41% (148/355), 661.61 MiB | 2.79 MiB/s
Writing objects:  41% (148/355), 664.34 MiB | 2.72 MiB/s
Writing objects:  41% (148/355), 667.98 MiB | 2.72 MiB/s
Writing objects:  41% (148/355), 672.09 MiB | 2.67 MiB/s
Writing objects:  41% (148/355), 674.99 MiB | 3.25 MiB/s
Writing objects:  41% (148/355), 678.45 MiB | 3.38 MiB/s
Writing objects:  41% (148/355), 683.31 MiB | 3.77 MiB/s
Writing objects:  41% (148/355), 685.27 MiB | 3.37 MiB/s
Writing objects:  41% (148/355), 687.60 MiB | 3.07 MiB/s
Writing objects:  41% (148/355), 690.24 MiB | 3.00 MiB/s
Writing objects:  41% (148/355), 693.13 MiB | 2.70 MiB/s
Writing objects:  41% (148/355), 696.70 MiB | 2.71 MiB/s
Writing objects:  41% (148/355), 701.85 MiB | 3.40 MiB/s
Writing objects:  41% (148/355), 705.26 MiB | 3.62 MiB/s
Writing objects:  41% (149/355), 708.22 MiB | 3.51 MiB/s
Writing objects:  41% (149/355), 711.08 MiB | 3.47 MiB/s
Writing objects:  41% (149/355), 714.82 MiB | 3.35 MiB/s
Writing objects:  42% (150/355), 716.70 MiB | 3.18 MiB/s
Writing objects:  43% (153/355), 716.70 MiB | 3.18 MiB/s
Writing objects:  44% (157/355), 716.70 MiB | 3.18 MiB/s
Writing objects:  45% (160/355), 716.70 MiB | 3.18 MiB/s
Writing objects:  46% (165/355), 716.70 MiB | 3.18 MiB/s
Writing objects:  47% (168/355), 716.70 MiB | 3.18 MiB/s
Writing objects:  48% (171/355), 716.70 MiB | 3.18 MiB/s
Writing objects:  49% (174/355), 716.70 MiB | 3.18 MiB/s
Writing objects:  50% (180/355), 716.70 MiB | 3.18 MiB/s
Writing objects:  51% (182/355), 716.70 MiB | 3.18 MiB/s
Writing objects:  52% (187/355), 716.70 MiB | 3.18 MiB/s
Writing objects:  53% (189/355), 716.70 MiB | 3.18 MiB/s
Writing objects:  54% (192/355), 716.70 MiB | 3.18 MiB/s
Writing objects:  55% (196/355), 716.70 MiB | 3.18 MiB/s
Writing objects:  56% (199/355), 716.70 MiB | 3.18 MiB/s
Writing objects:  57% (203/355), 716.70 MiB | 3.18 MiB/s
Writing objects:  58% (206/355), 716.70 MiB | 3.18 MiB/s
Writing objects:  59% (210/355), 716.70 MiB | 3.18 MiB/s
Writing objects:  60% (213/355), 716.70 MiB | 3.18 MiB/s
Writing objects:  61% (217/355), 716.70 MiB | 3.18 MiB/s
Writing objects:  62% (221/355), 716.70 MiB | 3.18 MiB/s
Writing objects:  63% (224/355), 716.70 MiB | 3.18 MiB/s
Writing objects:  64% (228/355), 716.70 MiB | 3.18 MiB/s
Writing objects:  65% (231/355), 716.70 MiB | 3.18 MiB/s
Writing objects:  66% (235/355), 716.70 MiB | 3.18 MiB/s
Writing objects:  67% (238/355), 716.70 MiB | 3.18 MiB/s
Writing objects:  68% (242/355), 716.70 MiB | 3.18 MiB/s
Writing objects:  69% (245/355), 716.70 MiB | 3.18 MiB/s
Writing objects:  70% (249/355), 716.70 MiB | 3.18 MiB/s
Writing objects:  71% (253/355), 716.70 MiB | 3.18 MiB/s
Writing objects:  72% (256/355), 716.70 MiB | 3.18 MiB/s
Writing objects:  73% (260/355), 716.70 MiB | 3.18 MiB/s
Writing objects:  74% (263/355), 716.70 MiB | 3.18 MiB/s
Writing objects:  75% (267/355), 716.70 MiB | 3.18 MiB/s
Writing objects:  76% (270/355), 716.70 MiB | 3.18 MiB/s
Writing objects:  77% (274/355), 716.70 MiB | 3.18 MiB/s
Writing objects:  78% (277/355), 716.70 MiB | 3.18 MiB/s
Writing objects:  79% (281/355), 716.70 MiB | 3.18 MiB/s
Writing objects:  80% (284/355), 716.70 MiB | 3.18 MiB/s
Writing objects:  81% (288/355), 716.70 MiB | 3.18 MiB/s
Writing objects:  82% (292/355), 716.70 MiB | 3.18 MiB/s
Writing objects:  83% (295/355), 716.70 MiB | 3.18 MiB/s
Writing objects:  84% (299/355), 716.70 MiB | 3.18 MiB/s
Writing objects:  85% (302/355), 716.70 MiB | 3.18 MiB/s
Writing objects:  86% (306/355), 716.70 MiB | 3.18 MiB/s
Writing objects:  87% (309/355), 716.70 MiB | 3.18 MiB/s
Writing objects:  88% (313/355), 716.70 MiB | 3.18 MiB/s
Writing objects:  89% (316/355), 716.70 MiB | 3.18 MiB/s
Writing objects:  90% (320/355), 716.70 MiB | 3.18 MiB/s
Writing objects:  91% (324/355), 716.70 MiB | 3.18 MiB/s
Writing objects:  92% (327/355), 716.70 MiB | 3.18 MiB/s
Writing objects:  93% (331/355), 716.70 MiB | 3.18 MiB/s
Writing objects:  94% (334/355), 716.70 MiB | 3.18 MiB/s
Writing objects:  95% (338/355), 716.70 MiB | 3.18 MiB/s
Writing objects:  96% (341/355), 716.70 MiB | 3.18 MiB/s
Writing objects:  97% (345/355), 716.70 MiB | 3.18 MiB/s
Writing objects:  98% (348/355), 716.70 MiB | 3.18 MiB/s
Writing objects:  99% (352/355), 716.70 MiB | 3.18 MiB/s
Writing objects: 100% (355/355), 716.70 MiB | 3.18 MiB/s
Writing objects: 100% (355/355), 717.60 MiB | 2.96 MiB/s, done.
Total 355 (delta 224), reused 0 (delta 0), pack-reused 0 (from 0)
remote: Resolving deltas:   0% (0/224)        
remote: Resolving deltas:   1% (3/224)        
remote: Resolving deltas:   2% (5/224)        
remote: Resolving deltas:   3% (7/224)        
remote: Resolving deltas:   4% (9/224)        
remote: Resolving deltas:   5% (12/224)        
remote: Resolving deltas:   6% (14/224)        
remote: Resolving deltas:   7% (16/224)        
remote: Resolving deltas:   8% (18/224)        
remote: Resolving deltas:   9% (21/224)        
remote: Resolving deltas:  10% (23/224)        
remote: Resolving deltas:  11% (25/224)        
remote: Resolving deltas:  12% (27/224)        
remote: Resolving deltas:  13% (30/224)        
remote: Resolving deltas:  14% (32/224)        
remote: Resolving deltas:  15% (34/224)        
remote: Resolving deltas:  16% (36/224)        
remote: Resolving deltas:  17% (39/224)        
remote: Resolving deltas:  18% (41/224)        
remote: Resolving deltas:  19% (43/224)        
remote: Resolving deltas:  20% (45/224)        
remote: Resolving deltas:  21% (48/224)        
remote: Resolving deltas:  22% (50/224)        
remote: Resolving deltas:  23% (52/224)        
remote: Resolving deltas:  24% (54/224)        
remote: Resolving deltas:  25% (56/224)        
remote: Resolving deltas:  26% (59/224)        
remote: Resolving deltas:  27% (61/224)        
remote: Resolving deltas:  28% (63/224)        
remote: Resolving deltas:  29% (65/224)        
remote: Resolving deltas:  30% (68/224)        
remote: Resolving deltas:  31% (70/224)        
remote: Resolving deltas:  32% (72/224)        
remote: Resolving deltas:  33% (74/224)        
remote: Resolving deltas:  34% (77/224)        
remote: Resolving deltas:  35% (79/224)        
remote: Resolving deltas:  36% (81/224)        
remote: Resolving deltas:  37% (83/224)        
remote: Resolving deltas:  38% (86/224)        
remote: Resolving deltas:  39% (88/224)        
remote: Resolving deltas:  40% (90/224)        
remote: Resolving deltas:  41% (92/224)        
remote: Resolving deltas:  42% (95/224)        
remote: Resolving deltas:  43% (97/224)        
remote: Resolving deltas:  44% (99/224)        
remote: Resolving deltas:  45% (101/224)        
remote: Resolving deltas:  46% (104/224)        
remote: Resolving deltas:  47% (106/224)        
remote: Resolving deltas:  48% (108/224)        
remote: Resolving deltas:  49% (110/224)        
remote: Resolving deltas:  50% (112/224)        
remote: Resolving deltas:  51% (115/224)        
remote: Resolving deltas:  52% (117/224)        
remote: Resolving deltas:  53% (119/224)        
remote: Resolving deltas:  54% (121/224)        
remote: Resolving deltas:  55% (124/224)        
remote: Resolving deltas:  56% (126/224)        
remote: Resolving deltas:  57% (128/224)        
remote: Resolving deltas:  58% (130/224)        
remote: Resolving deltas:  59% (133/224)        
remote: Resolving deltas:  60% (135/224)        
remote: Resolving deltas:  61% (137/224)        
remote: Resolving deltas:  62% (139/224)        
remote: Resolving deltas:  63% (142/224)        
remote: Resolving deltas:  64% (144/224)        
remote: Resolving deltas:  65% (146/224)        
remote: Resolving deltas:  66% (148/224)        
remote: Resolving deltas:  67% (151/224)        
remote: Resolving deltas:  68% (153/224)        
remote: Resolving deltas:  69% (155/224)        
remote: Resolving deltas:  70% (157/224)        
remote: Resolving deltas:  71% (160/224)        
remote: Resolving deltas:  72% (162/224)        
remote: Resolving deltas:  73% (164/224)        
remote: Resolving deltas:  74% (166/224)        
remote: Resolving deltas:  75% (168/224)        
remote: Resolving deltas:  76% (171/224)        
remote: Resolving deltas:  77% (173/224)        
remote: Resolving deltas:  78% (175/224)        
remote: Resolving deltas:  79% (177/224)        
remote: Resolving deltas:  80% (180/224)        
remote: Resolving deltas:  81% (182/224)        
remote: Resolving deltas:  82% (184/224)        
remote: Resolving deltas:  83% (186/224)        
remote: Resolving deltas:  84% (189/224)        
remote: Resolving deltas:  85% (191/224)        
remote: Resolving deltas:  86% (193/224)        
remote: Resolving deltas:  87% (195/224)        
remote: Resolving deltas:  88% (198/224)        
remote: Resolving deltas:  89% (200/224)        
remote: Resolving deltas:  90% (202/224)        
remote: Resolving deltas:  91% (204/224)        
remote: Resolving deltas:  92% (207/224)        
remote: Resolving deltas:  93% (209/224)        
remote: Resolving deltas:  94% (211/224)        
remote: Resolving deltas:  95% (213/224)        
remote: Resolving deltas:  96% (216/224)        
remote: Resolving deltas:  97% (218/224)        
remote: Resolving deltas:  98% (220/224)        
remote: Resolving deltas:  99% (222/224)        
remote: Resolving deltas: 100% (224/224)        
remote: Resolving deltas: 100% (224/224), completed with 9 local objects.        
To https://github.com/A-lan-Z/Token-Reconstruction-Research.git
 	feb90eb8a66a824ca867dccce2ab1e99630f2fc1:refs/heads/task/TRR-0020	9b0bc7f..feb90eb
Done
