Enumerating objects: 319, done.
Counting objects:   0% (1/319)
Counting objects:   1% (4/319)
Counting objects:   2% (7/319)
Counting objects:   3% (10/319)
Counting objects:   4% (13/319)
Counting objects:   5% (16/319)
Counting objects:   6% (20/319)
Counting objects:   7% (23/319)
Counting objects:   8% (26/319)
Counting objects:   9% (29/319)
Counting objects:  10% (32/319)
Counting objects:  11% (36/319)
Counting objects:  12% (39/319)
Counting objects:  13% (42/319)
Counting objects:  14% (45/319)
Counting objects:  15% (48/319)
Counting objects:  16% (52/319)
Counting objects:  17% (55/319)
Counting objects:  18% (58/319)
Counting objects:  19% (61/319)
Counting objects:  20% (64/319)
Counting objects:  21% (67/319)
Counting objects:  22% (71/319)
Counting objects:  23% (74/319)
Counting objects:  24% (77/319)
Counting objects:  25% (80/319)
Counting objects:  26% (83/319)
Counting objects:  27% (87/319)
Counting objects:  28% (90/319)
Counting objects:  29% (93/319)
Counting objects:  30% (96/319)
Counting objects:  31% (99/319)
Counting objects:  32% (103/319)
Counting objects:  33% (106/319)
Counting objects:  34% (109/319)
Counting objects:  35% (112/319)
Counting objects:  36% (115/319)
Counting objects:  37% (119/319)
Counting objects:  38% (122/319)
Counting objects:  39% (125/319)
Counting objects:  40% (128/319)
Counting objects:  41% (131/319)
Counting objects:  42% (134/319)
Counting objects:  43% (138/319)
Counting objects:  44% (141/319)
Counting objects:  45% (144/319)
Counting objects:  46% (147/319)
Counting objects:  47% (150/319)
Counting objects:  48% (154/319)
Counting objects:  49% (157/319)
Counting objects:  50% (160/319)
Counting objects:  51% (163/319)
Counting objects:  52% (166/319)
Counting objects:  53% (170/319)
Counting objects:  54% (173/319)
Counting objects:  55% (176/319)
Counting objects:  56% (179/319)
Counting objects:  57% (182/319)
Counting objects:  58% (186/319)
Counting objects:  59% (189/319)
Counting objects:  60% (192/319)
Counting objects:  61% (195/319)
Counting objects:  62% (198/319)
Counting objects:  63% (201/319)
Counting objects:  64% (205/319)
Counting objects:  65% (208/319)
Counting objects:  66% (211/319)
Counting objects:  67% (214/319)
Counting objects:  68% (217/319)
Counting objects:  69% (221/319)
Counting objects:  70% (224/319)
Counting objects:  71% (227/319)
Counting objects:  72% (230/319)
Counting objects:  73% (233/319)
Counting objects:  74% (237/319)
Counting objects:  75% (240/319)
Counting objects:  76% (243/319)
Counting objects:  77% (246/319)
Counting objects:  78% (249/319)
Counting objects:  79% (253/319)
Counting objects:  80% (256/319)
Counting objects:  81% (259/319)
Counting objects:  82% (262/319)
Counting objects:  83% (265/319)
Counting objects:  84% (268/319)
Counting objects:  85% (272/319)
Counting objects:  86% (275/319)
Counting objects:  87% (278/319)
Counting objects:  88% (281/319)
Counting objects:  89% (284/319)
Counting objects:  90% (288/319)
Counting objects:  91% (291/319)
Counting objects:  92% (294/319)
Counting objects:  93% (297/319)
Counting objects:  94% (300/319)
Counting objects:  95% (304/319)
Counting objects:  96% (307/319)
Counting objects:  97% (310/319)
Counting objects:  98% (313/319)
Counting objects:  99% (316/319)
Counting objects: 100% (319/319)
Counting objects: 100% (319/319), done.
Delta compression using up to 2 threads
Compressing objects:   0% (1/309)
Compressing objects:   1% (4/309)
Compressing objects:   2% (7/309)
Compressing objects:   3% (10/309)
Compressing objects:   4% (13/309)
Compressing objects:   5% (16/309)
Compressing objects:   6% (19/309)
Compressing objects:   7% (22/309)
Compressing objects:   8% (25/309)
Compressing objects:   9% (28/309)
Compressing objects:  10% (31/309)
Compressing objects:  11% (34/309)
Compressing objects:  12% (38/309)
Compressing objects:  13% (41/309)
Compressing objects:  14% (44/309)
Compressing objects:  15% (47/309)
Compressing objects:  16% (50/309)
Compressing objects:  17% (53/309)
Compressing objects:  18% (56/309)
Compressing objects:  19% (59/309)
Compressing objects:  20% (62/309)
Compressing objects:  21% (65/309)
Compressing objects:  22% (68/309)
Compressing objects:  23% (72/309)
Compressing objects:  24% (75/309)
Compressing objects:  25% (78/309)
Compressing objects:  26% (81/309)
Compressing objects:  27% (84/309)
Compressing objects:  28% (87/309)
Compressing objects:  29% (90/309)
Compressing objects:  30% (93/309)
Compressing objects:  31% (96/309)
Compressing objects:  32% (99/309)
Compressing objects:  33% (102/309)
Compressing objects:  34% (106/309)
Compressing objects:  35% (109/309)
Compressing objects:  36% (112/309)
Compressing objects:  37% (115/309)
Compressing objects:  38% (118/309)
Compressing objects:  39% (121/309)
Compressing objects:  39% (123/309)
Compressing objects:  40% (124/309)
Compressing objects:  41% (127/309)
Compressing objects:  42% (130/309)
Compressing objects:  43% (133/309)
Compressing objects:  44% (136/309)
Compressing objects:  45% (140/309)
Compressing objects:  46% (143/309)
Compressing objects:  47% (146/309)
Compressing objects:  48% (149/309)
Compressing objects:  49% (152/309)
Compressing objects:  50% (155/309)
Compressing objects:  51% (158/309)
Compressing objects:  52% (161/309)
Compressing objects:  53% (164/309)
Compressing objects:  54% (167/309)
Compressing objects:  55% (170/309)
Compressing objects:  56% (174/309)
Compressing objects:  57% (177/309)
Compressing objects:  58% (180/309)
Compressing objects:  59% (183/309)
Compressing objects:  60% (186/309)
Compressing objects:  61% (189/309)
Compressing objects:  62% (192/309)
Compressing objects:  63% (195/309)
Compressing objects:  64% (198/309)
Compressing objects:  65% (201/309)
Compressing objects:  66% (204/309)
Compressing objects:  67% (208/309)
Compressing objects:  68% (211/309)
Compressing objects:  69% (214/309)
Compressing objects:  70% (217/309)
Compressing objects:  71% (220/309)
Compressing objects:  72% (223/309)
Compressing objects:  73% (226/309)
Compressing objects:  74% (229/309)
Compressing objects:  75% (232/309)
Compressing objects:  76% (235/309)
Compressing objects:  77% (238/309)
Compressing objects:  78% (242/309)
Compressing objects:  79% (245/309)
Compressing objects:  80% (248/309)
Compressing objects:  81% (251/309)
Compressing objects:  82% (254/309)
Compressing objects:  83% (257/309)
Compressing objects:  84% (260/309)
Compressing objects:  85% (263/309)
Compressing objects:  86% (266/309)
Compressing objects:  87% (269/309)
Compressing objects:  88% (272/309)
Compressing objects:  89% (276/309)
Compressing objects:  90% (279/309)
Compressing objects:  91% (282/309)
Compressing objects:  92% (285/309)
Compressing objects:  93% (288/309)
Compressing objects:  94% (291/309)
Compressing objects:  95% (294/309)
Compressing objects:  96% (297/309)
Compressing objects:  96% (299/309)
Compressing objects:  97% (300/309)
Compressing objects:  97% (301/309)
Compressing objects:  97% (302/309)
Compressing objects:  98% (303/309)
Compressing objects:  98% (304/309)
Compressing objects:  98% (305/309)
Compressing objects:  99% (306/309)
Compressing objects:  99% (307/309)
Compressing objects:  99% (308/309)
Compressing objects: 100% (309/309)
Compressing objects: 100% (309/309), done.
Writing objects:   0% (1/309)
Writing objects:   1% (4/309)
Writing objects:   2% (7/309)
Writing objects:   3% (10/309)
Writing objects:   4% (13/309)
Writing objects:   5% (16/309)
Writing objects:   6% (19/309)
Writing objects:   7% (22/309)
Writing objects:   8% (25/309)
Writing objects:   9% (28/309)
Writing objects:  10% (31/309)
Writing objects:  11% (35/309)
Writing objects:  12% (38/309)
Writing objects:  13% (41/309)
Writing objects:  14% (44/309)
Writing objects:  15% (47/309)
Writing objects:  16% (50/309)
Writing objects:  17% (53/309)
Writing objects:  18% (57/309)
Writing objects:  19% (59/309)
Writing objects:  20% (63/309)
Writing objects:  21% (65/309)
Writing objects:  22% (69/309)
Writing objects:  24% (75/309)
Writing objects:  25% (78/309)
Writing objects:  26% (82/309)
Writing objects:  27% (85/309)
Writing objects:  28% (88/309)
Writing objects:  29% (90/309)
Writing objects:  30% (93/309)
Writing objects:  31% (97/309)
Writing objects:  32% (100/309)
Writing objects:  33% (102/309)
Writing objects:  34% (106/309)
Writing objects:  35% (110/309)
Writing objects:  36% (112/309)
Writing objects:  37% (116/309)
Writing objects:  38% (118/309)
Writing objects:  39% (122/309)
Writing objects:  40% (124/309)
Writing objects:  41% (129/309)
Writing objects:  42% (131/309)
Writing objects:  43% (134/309)
Writing objects:  44% (137/309)
Writing objects:  45% (141/309)
Writing objects:  46% (144/309)
Writing objects:  47% (146/309)
Writing objects:  48% (149/309)
Writing objects:  48% (151/309), 984.00 KiB | 778.00 KiB/s
Writing objects:  49% (152/309), 984.00 KiB | 778.00 KiB/s
Writing objects:  50% (155/309), 984.00 KiB | 778.00 KiB/s
Writing objects:  50% (155/309), 1008.00 KiB | 409.00 KiB/s
Writing objects:  50% (155/309), 5.10 MiB | 1.47 MiB/s     
Writing objects:  50% (155/309), 8.17 MiB | 1.83 MiB/s
Writing objects:  50% (155/309), 12.41 MiB | 2.27 MiB/s
Writing objects:  50% (155/309), 16.13 MiB | 2.90 MiB/s
Writing objects:  50% (155/309), 19.00 MiB | 3.52 MiB/s
Writing objects:  50% (155/309), 22.23 MiB | 3.46 MiB/s
Writing objects:  50% (155/309), 24.12 MiB | 3.50 MiB/s
Writing objects:  50% (155/309), 26.84 MiB | 3.15 MiB/s
Writing objects:  50% (155/309), 28.90 MiB | 2.79 MiB/s
Writing objects:  50% (155/309), 30.60 MiB | 2.53 MiB/s
Writing objects:  50% (155/309), 33.05 MiB | 2.36 MiB/s
Writing objects:  50% (155/309), 36.23 MiB | 2.30 MiB/s
Writing objects:  50% (155/309), 38.83 MiB | 2.40 MiB/s
Writing objects:  50% (155/309), 42.32 MiB | 2.74 MiB/s
Writing objects:  50% (155/309), 44.98 MiB | 2.94 MiB/s
Writing objects:  50% (155/309), 48.11 MiB | 2.93 MiB/s
Writing objects:  50% (156/309), 48.73 MiB | 2.43 MiB/s
Writing objects:  50% (156/309), 51.89 MiB | 2.53 MiB/s
Writing objects:  50% (156/309), 55.03 MiB | 2.46 MiB/s
Writing objects:  50% (156/309), 58.20 MiB | 2.56 MiB/s
Writing objects:  50% (156/309), 61.04 MiB | 2.50 MiB/s
Writing objects:  50% (156/309), 63.07 MiB | 2.71 MiB/s
Writing objects:  50% (156/309), 64.97 MiB | 2.55 MiB/s
Writing objects:  50% (156/309), 65.58 MiB | 1.94 MiB/s
Writing objects:  50% (156/309), 66.09 MiB | 1.32 MiB/s
Writing objects:  50% (156/309), 66.50 MiB | 989.00 KiB/s
Writing objects:  50% (156/309), 67.73 MiB | 704.00 KiB/s
Writing objects:  50% (156/309), 70.45 MiB | 1.10 MiB/s  
Writing objects:  50% (156/309), 74.68 MiB | 1.92 MiB/s
Writing objects:  50% (156/309), 79.08 MiB | 2.78 MiB/s
Writing objects:  50% (157/309), 80.90 MiB | 3.15 MiB/s
Writing objects:  51% (158/309), 80.90 MiB | 3.15 MiB/s
Writing objects:  52% (161/309), 80.90 MiB | 3.15 MiB/s
Writing objects:  53% (164/309), 80.90 MiB | 3.15 MiB/s
Writing objects:  54% (167/309), 80.90 MiB | 3.15 MiB/s
Writing objects:  55% (170/309), 82.47 MiB | 3.30 MiB/s
Writing objects:  55% (170/309), 84.55 MiB | 3.58 MiB/s
Writing objects:  55% (171/309), 86.59 MiB | 3.39 MiB/s
Writing objects:  55% (171/309), 90.05 MiB | 3.21 MiB/s
Writing objects:  55% (172/309), 91.59 MiB | 2.97 MiB/s
Writing objects:  56% (175/309), 91.59 MiB | 2.97 MiB/s
Writing objects:  57% (177/309), 91.59 MiB | 2.97 MiB/s
Writing objects:  58% (180/309), 91.59 MiB | 2.97 MiB/s
Writing objects:  59% (183/309), 91.59 MiB | 2.97 MiB/s
Writing objects:  60% (186/309), 91.59 MiB | 2.97 MiB/s
Writing objects:  61% (189/309), 91.59 MiB | 2.97 MiB/s
Writing objects:  62% (192/309), 91.59 MiB | 2.97 MiB/s
Writing objects:  63% (195/309), 91.59 MiB | 2.97 MiB/s
Writing objects:  64% (198/309), 91.59 MiB | 2.97 MiB/s
Writing objects:  65% (202/309), 91.59 MiB | 2.97 MiB/s
Writing objects:  65% (202/309), 93.19 MiB | 2.43 MiB/s
Writing objects:  65% (202/309), 96.34 MiB | 2.44 MiB/s
Writing objects:  65% (202/309), 98.76 MiB | 2.16 MiB/s
Writing objects:  65% (202/309), 101.59 MiB | 2.30 MiB/s
Writing objects:  65% (202/309), 103.96 MiB | 2.21 MiB/s
Writing objects:  65% (202/309), 107.20 MiB | 2.60 MiB/s
Writing objects:  65% (202/309), 112.16 MiB | 3.24 MiB/s
Writing objects:  65% (202/309), 115.67 MiB | 3.40 MiB/s
Writing objects:  65% (202/309), 118.53 MiB | 3.48 MiB/s
Writing objects:  65% (202/309), 121.13 MiB | 3.46 MiB/s
Writing objects:  65% (202/309), 124.64 MiB | 3.34 MiB/s
Writing objects:  65% (202/309), 129.70 MiB | 3.42 MiB/s
Writing objects:  65% (202/309), 132.12 MiB | 3.28 MiB/s
Writing objects:  65% (202/309), 134.60 MiB | 3.26 MiB/s
Writing objects:  65% (202/309), 136.41 MiB | 3.02 MiB/s
Writing objects:  65% (202/309), 138.18 MiB | 2.48 MiB/s
Writing objects:  65% (202/309), 140.38 MiB | 2.08 MiB/s
Writing objects:  65% (203/309), 141.20 MiB | 1.70 MiB/s
Writing objects:  65% (203/309), 143.28 MiB | 1.82 MiB/s
Writing objects:  65% (203/309), 146.27 MiB | 2.04 MiB/s
Writing objects:  65% (203/309), 150.81 MiB | 2.53 MiB/s
Writing objects:  65% (203/309), 154.68 MiB | 2.87 MiB/s
Writing objects:  65% (203/309), 157.47 MiB | 3.56 MiB/s
Writing objects:  65% (203/309), 161.55 MiB | 3.70 MiB/s
Writing objects:  65% (203/309), 164.70 MiB | 3.60 MiB/s
Writing objects:  65% (203/309), 168.39 MiB | 3.29 MiB/s
Writing objects:  65% (203/309), 172.68 MiB | 3.68 MiB/s
Writing objects:  65% (203/309), 176.01 MiB | 3.68 MiB/s
Writing objects:  65% (203/309), 177.60 MiB | 3.17 MiB/s
Writing objects:  65% (203/309), 179.03 MiB | 2.77 MiB/s
Writing objects:  65% (203/309), 180.80 MiB | 2.14 MiB/s
Writing objects:  65% (203/309), 182.02 MiB | 1.69 MiB/s
Writing objects:  65% (203/309), 184.63 MiB | 1.67 MiB/s
Writing objects:  65% (203/309), 188.30 MiB | 2.16 MiB/s
Writing objects:  66% (204/309), 188.30 MiB | 2.16 MiB/s
Writing objects:  66% (204/309), 189.21 MiB | 1.88 MiB/s
Writing objects:  66% (204/309), 191.28 MiB | 2.08 MiB/s
Writing objects:  66% (204/309), 194.11 MiB | 2.40 MiB/s
Writing objects:  66% (204/309), 197.88 MiB | 2.74 MiB/s
Writing objects:  66% (204/309), 200.66 MiB | 2.63 MiB/s
Writing objects:  66% (204/309), 204.70 MiB | 3.41 MiB/s
Writing objects:  66% (204/309), 207.87 MiB | 3.37 MiB/s
Writing objects:  66% (204/309), 210.37 MiB | 3.15 MiB/s
Writing objects:  66% (204/309), 213.09 MiB | 3.05 MiB/s
Writing objects:  66% (204/309), 215.73 MiB | 2.91 MiB/s
Writing objects:  66% (204/309), 218.56 MiB | 2.56 MiB/s
Writing objects:  66% (204/309), 221.79 MiB | 2.81 MiB/s
Writing objects:  66% (204/309), 224.34 MiB | 2.72 MiB/s
Writing objects:  66% (204/309), 226.14 MiB | 2.59 MiB/s
Writing objects:  66% (204/309), 227.63 MiB | 2.30 MiB/s
Writing objects:  66% (204/309), 229.27 MiB | 1.96 MiB/s
Writing objects:  66% (204/309), 231.27 MiB | 1.80 MiB/s
Writing objects:  66% (204/309), 234.38 MiB | 1.92 MiB/s
Writing objects:  66% (205/309), 237.23 MiB | 1.97 MiB/s
Writing objects:  66% (205/309), 239.52 MiB | 2.27 MiB/s
Writing objects:  66% (205/309), 242.88 MiB | 2.60 MiB/s
Writing objects:  66% (205/309), 246.49 MiB | 2.91 MiB/s
Writing objects:  66% (205/309), 250.52 MiB | 3.08 MiB/s
Writing objects:  66% (205/309), 254.26 MiB | 3.75 MiB/s
Writing objects:  66% (205/309), 257.27 MiB | 3.57 MiB/s
Writing objects:  66% (205/309), 261.23 MiB | 3.63 MiB/s
Writing objects:  66% (205/309), 265.85 MiB | 3.86 MiB/s
Writing objects:  66% (205/309), 268.77 MiB | 3.58 MiB/s
Writing objects:  66% (205/309), 271.93 MiB | 3.56 MiB/s
Writing objects:  66% (205/309), 276.72 MiB | 3.87 MiB/s
Writing objects:  66% (205/309), 279.84 MiB | 3.51 MiB/s
Writing objects:  66% (205/309), 282.86 MiB | 3.40 MiB/s
Writing objects:  66% (206/309), 284.33 MiB | 3.42 MiB/s
Writing objects:  66% (206/309), 285.24 MiB | 2.85 MiB/s
Writing objects:  66% (206/309), 288.93 MiB | 2.81 MiB/s
Writing objects:  66% (206/309), 292.21 MiB | 2.57 MiB/s
Writing objects:  66% (206/309), 295.18 MiB | 2.66 MiB/s
Writing objects:  66% (206/309), 298.33 MiB | 2.67 MiB/s
Writing objects:  66% (206/309), 302.70 MiB | 3.38 MiB/s
Writing objects:  66% (206/309), 306.40 MiB | 3.48 MiB/s
Writing objects:  66% (206/309), 309.59 MiB | 3.49 MiB/s
Writing objects:  66% (206/309), 312.85 MiB | 3.60 MiB/s
Writing objects:  66% (206/309), 315.66 MiB | 3.40 MiB/s
Writing objects:  66% (206/309), 318.57 MiB | 3.03 MiB/s
Writing objects:  66% (206/309), 323.17 MiB | 3.32 MiB/s
Writing objects:  66% (206/309), 326.98 MiB | 3.50 MiB/s
Writing objects:  66% (206/309), 330.70 MiB | 3.55 MiB/s
Writing objects:  66% (206/309), 333.02 MiB | 3.51 MiB/s
Writing objects:  66% (207/309), 333.26 MiB | 2.91 MiB/s
Writing objects:  66% (207/309), 336.84 MiB | 2.71 MiB/s
Writing objects:  66% (207/309), 340.38 MiB | 2.66 MiB/s
Writing objects:  66% (207/309), 344.07 MiB | 2.66 MiB/s
Writing objects:  66% (207/309), 346.45 MiB | 2.68 MiB/s
Writing objects:  66% (207/309), 349.54 MiB | 3.12 MiB/s
Writing objects:  66% (207/309), 353.95 MiB | 3.43 MiB/s
Writing objects:  66% (207/309), 356.83 MiB | 3.24 MiB/s
Writing objects:  66% (207/309), 359.80 MiB | 3.22 MiB/s
Writing objects:  66% (207/309), 363.69 MiB | 3.50 MiB/s
Writing objects:  66% (207/309), 366.61 MiB | 3.38 MiB/s
Writing objects:  66% (207/309), 369.42 MiB | 3.03 MiB/s
Writing objects:  66% (207/309), 373.73 MiB | 3.43 MiB/s
Writing objects:  66% (207/309), 376.67 MiB | 3.25 MiB/s
Writing objects:  66% (207/309), 379.88 MiB | 3.15 MiB/s
Writing objects:  67% (208/309), 379.88 MiB | 3.15 MiB/s
Writing objects:  67% (208/309), 381.27 MiB | 2.70 MiB/s
Writing objects:  67% (208/309), 383.54 MiB | 2.89 MiB/s
Writing objects:  67% (208/309), 386.89 MiB | 2.85 MiB/s
Writing objects:  67% (208/309), 390.08 MiB | 2.72 MiB/s
Writing objects:  67% (208/309), 393.19 MiB | 2.70 MiB/s
Writing objects:  67% (208/309), 395.41 MiB | 3.07 MiB/s
Writing objects:  67% (208/309), 398.80 MiB | 2.99 MiB/s
Writing objects:  67% (208/309), 402.32 MiB | 2.93 MiB/s
Writing objects:  67% (208/309), 405.58 MiB | 3.07 MiB/s
Writing objects:  67% (208/309), 410.38 MiB | 3.54 MiB/s
Writing objects:  67% (208/309), 412.88 MiB | 3.51 MiB/s
Writing objects:  67% (208/309), 415.89 MiB | 3.30 MiB/s
Writing objects:  67% (208/309), 420.20 MiB | 3.59 MiB/s
Writing objects:  67% (208/309), 423.11 MiB | 3.36 MiB/s
Writing objects:  67% (208/309), 425.91 MiB | 3.07 MiB/s
Writing objects:  67% (209/309), 427.51 MiB | 3.20 MiB/s
Writing objects:  67% (209/309), 429.28 MiB | 2.75 MiB/s
Writing objects:  67% (209/309), 433.71 MiB | 2.86 MiB/s
Writing objects:  67% (209/309), 437.85 MiB | 2.98 MiB/s
Writing objects:  67% (209/309), 440.66 MiB | 2.96 MiB/s
Writing objects:  67% (209/309), 444.45 MiB | 3.11 MiB/s
Writing objects:  67% (209/309), 448.04 MiB | 3.56 MiB/s
Writing objects:  67% (209/309), 451.40 MiB | 3.44 MiB/s
Writing objects:  67% (209/309), 456.09 MiB | 3.74 MiB/s
Writing objects:  67% (209/309), 457.34 MiB | 3.24 MiB/s
Writing objects:  67% (209/309), 458.02 MiB | 2.42 MiB/s
Writing objects:  67% (209/309), 458.59 MiB | 1.89 MiB/s
Writing objects:  67% (209/309), 459.88 MiB | 1.33 MiB/s
Writing objects:  67% (209/309), 463.08 MiB | 1.31 MiB/s
Writing objects:  67% (209/309), 468.05 MiB | 2.24 MiB/s
Writing objects:  67% (209/309), 470.72 MiB | 2.73 MiB/s
Writing objects:  67% (209/309), 473.78 MiB | 3.28 MiB/s
Writing objects:  67% (210/309), 475.88 MiB | 3.52 MiB/s
Writing objects:  67% (210/309), 477.30 MiB | 2.87 MiB/s
Writing objects:  67% (210/309), 480.52 MiB | 2.72 MiB/s
Writing objects:  67% (210/309), 483.89 MiB | 2.58 MiB/s
Writing objects:  67% (210/309), 487.37 MiB | 2.75 MiB/s
Writing objects:  67% (210/309), 490.85 MiB | 2.68 MiB/s
Writing objects:  67% (210/309), 494.52 MiB | 3.36 MiB/s
Writing objects:  67% (210/309), 498.06 MiB | 3.55 MiB/s
Writing objects:  67% (210/309), 502.02 MiB | 3.63 MiB/s
Writing objects:  67% (210/309), 505.26 MiB | 3.54 MiB/s
Writing objects:  67% (210/309), 508.52 MiB | 3.53 MiB/s
Writing objects:  67% (210/309), 513.11 MiB | 3.68 MiB/s
Writing objects:  67% (210/309), 514.56 MiB | 3.62 MiB/s
Writing objects:  67% (210/309), 517.60 MiB | 3.41 MiB/s
Writing objects:  67% (210/309), 520.73 MiB | 3.39 MiB/s
Writing objects:  67% (210/309), 525.08 MiB | 3.63 MiB/s
Writing objects:  68% (211/309), 525.08 MiB | 3.63 MiB/s
Writing objects:  68% (211/309), 525.31 MiB | 2.67 MiB/s
Writing objects:  68% (211/309), 530.25 MiB | 2.87 MiB/s
Writing objects:  68% (211/309), 532.88 MiB | 2.79 MiB/s
Writing objects:  68% (211/309), 536.08 MiB | 2.79 MiB/s
Writing objects:  68% (211/309), 537.27 MiB | 2.64 MiB/s
Writing objects:  68% (211/309), 540.34 MiB | 3.26 MiB/s
Writing objects:  68% (211/309), 545.20 MiB | 3.26 MiB/s
Writing objects:  68% (211/309), 547.73 MiB | 3.24 MiB/s
Writing objects:  68% (211/309), 550.84 MiB | 3.24 MiB/s
Writing objects:  68% (211/309), 553.13 MiB | 3.19 MiB/s
Writing objects:  68% (211/309), 555.80 MiB | 2.91 MiB/s
Writing objects:  68% (211/309), 558.38 MiB | 2.60 MiB/s
Writing objects:  68% (211/309), 561.22 MiB | 2.66 MiB/s
Writing objects:  68% (211/309), 564.81 MiB | 2.82 MiB/s
Writing objects:  68% (211/309), 567.41 MiB | 2.83 MiB/s
Writing objects:  68% (211/309), 570.42 MiB | 2.90 MiB/s
Writing objects:  68% (212/309), 573.33 MiB | 2.53 MiB/s
Writing objects:  68% (212/309), 575.38 MiB | 2.63 MiB/s
Writing objects:  68% (212/309), 578.02 MiB | 2.46 MiB/s
Writing objects:  68% (212/309), 581.42 MiB | 2.60 MiB/s
Writing objects:  68% (212/309), 585.03 MiB | 2.72 MiB/s
Writing objects:  68% (212/309), 589.13 MiB | 3.48 MiB/s
Writing objects:  68% (212/309), 592.11 MiB | 3.42 MiB/s
Writing objects:  68% (212/309), 595.79 MiB | 3.53 MiB/s
Writing objects:  68% (212/309), 598.50 MiB | 3.39 MiB/s
Writing objects:  68% (212/309), 601.41 MiB | 3.14 MiB/s
Writing objects:  68% (212/309), 604.23 MiB | 3.02 MiB/s
Writing objects:  68% (212/309), 606.28 MiB | 2.72 MiB/s
Writing objects:  68% (212/309), 609.47 MiB | 2.73 MiB/s
Writing objects:  68% (212/309), 613.36 MiB | 2.94 MiB/s
Writing objects:  68% (212/309), 616.36 MiB | 2.97 MiB/s
Writing objects:  68% (212/309), 620.49 MiB | 3.40 MiB/s
Writing objects:  68% (213/309), 621.34 MiB | 3.09 MiB/s
Writing objects:  68% (213/309), 624.57 MiB | 3.09 MiB/s
Writing objects:  68% (213/309), 627.63 MiB | 2.92 MiB/s
Writing objects:  68% (213/309), 630.71 MiB | 2.93 MiB/s
Writing objects:  68% (213/309), 634.69 MiB | 2.90 MiB/s
Writing objects:  68% (213/309), 638.06 MiB | 3.23 MiB/s
Writing objects:  68% (213/309), 641.52 MiB | 3.41 MiB/s
Writing objects:  68% (213/309), 644.84 MiB | 3.46 MiB/s
Writing objects:  68% (213/309), 647.95 MiB | 3.38 MiB/s
Writing objects:  69% (214/309), 649.95 MiB | 3.34 MiB/s
Writing objects:  70% (217/309), 649.95 MiB | 3.34 MiB/s
Writing objects:  70% (218/309), 650.49 MiB | 2.70 MiB/s
Writing objects:  70% (218/309), 652.71 MiB | 2.86 MiB/s
Writing objects:  70% (218/309), 655.77 MiB | 2.78 MiB/s
Writing objects:  70% (218/309), 659.44 MiB | 2.86 MiB/s
Writing objects:  70% (218/309), 662.15 MiB | 2.78 MiB/s
Writing objects:  70% (218/309), 665.27 MiB | 3.25 MiB/s
Writing objects:  70% (218/309), 667.57 MiB | 2.95 MiB/s
Writing objects:  70% (218/309), 669.88 MiB | 2.69 MiB/s
Writing objects:  70% (218/309), 671.98 MiB | 2.49 MiB/s
Writing objects:  70% (218/309), 674.16 MiB | 2.27 MiB/s
Writing objects:  70% (218/309), 677.49 MiB | 2.43 MiB/s
Writing objects:  70% (218/309), 679.98 MiB | 2.48 MiB/s
Writing objects:  70% (218/309), 682.48 MiB | 2.52 MiB/s
Writing objects:  70% (218/309), 685.62 MiB | 2.76 MiB/s
Writing objects:  70% (218/309), 688.73 MiB | 2.82 MiB/s
Writing objects:  70% (218/309), 691.77 MiB | 2.86 MiB/s
Writing objects:  70% (218/309), 694.02 MiB | 2.79 MiB/s
Writing objects:  70% (218/309), 695.62 MiB | 2.56 MiB/s
Writing objects:  70% (219/309), 696.92 MiB | 2.47 MiB/s
Writing objects:  70% (219/309), 700.57 MiB | 2.36 MiB/s
Writing objects:  70% (219/309), 703.45 MiB | 2.33 MiB/s
Writing objects:  70% (219/309), 706.46 MiB | 2.49 MiB/s
Writing objects:  70% (219/309), 709.87 MiB | 2.85 MiB/s
Writing objects:  70% (219/309), 714.14 MiB | 3.46 MiB/s
Writing objects:  70% (219/309), 716.30 MiB | 3.19 MiB/s
Writing objects:  70% (219/309), 719.47 MiB | 3.21 MiB/s
Writing objects:  70% (219/309), 722.45 MiB | 3.16 MiB/s
Writing objects:  71% (220/309), 723.86 MiB | 3.07 MiB/s
Writing objects:  72% (223/309), 725.32 MiB | 2.92 MiB/s
Writing objects:  73% (226/309), 725.32 MiB | 2.92 MiB/s
Writing objects:  74% (229/309), 725.32 MiB | 2.92 MiB/s
Writing objects:  75% (232/309), 725.32 MiB | 2.92 MiB/s
Writing objects:  76% (235/309), 725.32 MiB | 2.92 MiB/s
Writing objects:  77% (239/309), 725.32 MiB | 2.92 MiB/s
Writing objects:  78% (242/309), 725.32 MiB | 2.92 MiB/s
Writing objects:  79% (245/309), 725.32 MiB | 2.92 MiB/s
Writing objects:  80% (248/309), 725.32 MiB | 2.92 MiB/s
Writing objects:  81% (251/309), 725.32 MiB | 2.92 MiB/s
Writing objects:  82% (254/309), 725.32 MiB | 2.92 MiB/s
Writing objects:  83% (257/309), 725.32 MiB | 2.92 MiB/s
Writing objects:  84% (260/309), 725.32 MiB | 2.92 MiB/s
Writing objects:  85% (263/309), 725.32 MiB | 2.92 MiB/s
Writing objects:  86% (266/309), 725.32 MiB | 2.92 MiB/s
Writing objects:  87% (269/309), 725.32 MiB | 2.92 MiB/s
Writing objects:  88% (272/309), 725.32 MiB | 2.92 MiB/s
Writing objects:  89% (276/309), 725.32 MiB | 2.92 MiB/s
Writing objects:  90% (279/309), 725.32 MiB | 2.92 MiB/s
Writing objects:  91% (282/309), 725.32 MiB | 2.92 MiB/s
Writing objects:  92% (285/309), 725.32 MiB | 2.92 MiB/s
Writing objects:  93% (288/309), 725.32 MiB | 2.92 MiB/s
Writing objects:  94% (291/309), 725.32 MiB | 2.92 MiB/s
Writing objects:  95% (294/309), 725.32 MiB | 2.92 MiB/s
Writing objects:  96% (297/309), 725.32 MiB | 2.92 MiB/s
Writing objects:  97% (300/309), 725.32 MiB | 2.92 MiB/s
Writing objects:  98% (303/309), 725.32 MiB | 2.92 MiB/s
Writing objects:  99% (306/309), 725.32 MiB | 2.92 MiB/s
Writing objects: 100% (309/309), 725.32 MiB | 2.92 MiB/s
Writing objects: 100% (309/309), 725.91 MiB | 2.86 MiB/s, done.
Total 309 (delta 171), reused 1 (delta 0), pack-reused 0 (from 0)
remote: Resolving deltas:   0% (0/171)        
remote: Resolving deltas:   1% (2/171)        
remote: Resolving deltas:   2% (4/171)        
remote: Resolving deltas:   3% (6/171)        
remote: Resolving deltas:   4% (7/171)        
remote: Resolving deltas:   5% (9/171)        
remote: Resolving deltas:   6% (11/171)        
remote: Resolving deltas:   7% (12/171)        
remote: Resolving deltas:   8% (14/171)        
remote: Resolving deltas:   9% (16/171)        
remote: Resolving deltas:  10% (18/171)        
remote: Resolving deltas:  11% (19/171)        
remote: Resolving deltas:  12% (21/171)        
remote: Resolving deltas:  13% (23/171)        
remote: Resolving deltas:  14% (24/171)        
remote: Resolving deltas:  15% (26/171)        
remote: Resolving deltas:  16% (28/171)        
remote: Resolving deltas:  17% (30/171)        
remote: Resolving deltas:  18% (31/171)        
remote: Resolving deltas:  19% (33/171)        
remote: Resolving deltas:  20% (35/171)        
remote: Resolving deltas:  21% (36/171)        
remote: Resolving deltas:  22% (38/171)        
remote: Resolving deltas:  23% (40/171)        
remote: Resolving deltas:  24% (42/171)        
remote: Resolving deltas:  25% (43/171)        
remote: Resolving deltas:  26% (45/171)        
remote: Resolving deltas:  27% (47/171)        
remote: Resolving deltas:  28% (48/171)        
remote: Resolving deltas:  29% (50/171)        
remote: Resolving deltas:  30% (52/171)        
remote: Resolving deltas:  31% (54/171)        
remote: Resolving deltas:  32% (55/171)        
remote: Resolving deltas:  33% (57/171)        
remote: Resolving deltas:  34% (59/171)        
remote: Resolving deltas:  35% (60/171)        
remote: Resolving deltas:  36% (62/171)        
remote: Resolving deltas:  37% (64/171)        
remote: Resolving deltas:  38% (65/171)        
remote: Resolving deltas:  39% (67/171)        
remote: Resolving deltas:  40% (69/171)        
remote: Resolving deltas:  41% (71/171)        
remote: Resolving deltas:  42% (72/171)        
remote: Resolving deltas:  43% (74/171)        
remote: Resolving deltas:  44% (76/171)        
remote: Resolving deltas:  45% (77/171)        
remote: Resolving deltas:  46% (79/171)        
remote: Resolving deltas:  47% (81/171)        
remote: Resolving deltas:  48% (83/171)        
remote: Resolving deltas:  49% (84/171)        
remote: Resolving deltas:  50% (86/171)        
remote: Resolving deltas:  51% (88/171)        
remote: Resolving deltas:  52% (89/171)        
remote: Resolving deltas:  53% (91/171)        
remote: Resolving deltas:  54% (93/171)        
remote: Resolving deltas:  55% (95/171)        
remote: Resolving deltas:  56% (96/171)        
remote: Resolving deltas:  57% (98/171)        
remote: Resolving deltas:  58% (100/171)        
remote: Resolving deltas:  59% (101/171)        
remote: Resolving deltas:  60% (103/171)        
remote: Resolving deltas:  61% (105/171)        
remote: Resolving deltas:  62% (107/171)        
remote: Resolving deltas:  63% (108/171)        
remote: Resolving deltas:  64% (110/171)        
remote: Resolving deltas:  65% (112/171)        
remote: Resolving deltas:  66% (113/171)        
remote: Resolving deltas:  67% (115/171)        
remote: Resolving deltas:  68% (117/171)        
remote: Resolving deltas:  69% (118/171)        
remote: Resolving deltas:  70% (120/171)        
remote: Resolving deltas:  71% (122/171)        
remote: Resolving deltas:  72% (124/171)        
remote: Resolving deltas:  73% (125/171)        
remote: Resolving deltas:  74% (127/171)        
remote: Resolving deltas:  75% (129/171)        
remote: Resolving deltas:  76% (130/171)        
remote: Resolving deltas:  77% (132/171)        
remote: Resolving deltas:  78% (134/171)        
remote: Resolving deltas:  79% (136/171)        
remote: Resolving deltas:  80% (137/171)        
remote: Resolving deltas:  81% (139/171)        
remote: Resolving deltas:  82% (141/171)        
remote: Resolving deltas:  83% (142/171)        
remote: Resolving deltas:  84% (144/171)        
remote: Resolving deltas:  85% (146/171)        
remote: Resolving deltas:  86% (148/171)        
remote: Resolving deltas:  87% (149/171)        
remote: Resolving deltas:  88% (151/171)        
remote: Resolving deltas:  89% (153/171)        
remote: Resolving deltas:  90% (154/171)        
remote: Resolving deltas:  91% (156/171)        
remote: Resolving deltas:  92% (158/171)        
remote: Resolving deltas:  93% (160/171)        
remote: Resolving deltas:  94% (161/171)        
remote: Resolving deltas:  95% (163/171)        
remote: Resolving deltas:  96% (165/171)        
remote: Resolving deltas:  97% (166/171)        
remote: Resolving deltas:  98% (168/171)        
remote: Resolving deltas:  99% (170/171)        
remote: Resolving deltas: 100% (171/171)        
remote: Resolving deltas: 100% (171/171), completed with 9 local objects.        
To https://github.com/A-lan-Z/Token-Reconstruction-Research.git
 	a47ee5bef4fadc1e40b11bdcfea901a956e224ce:refs/heads/task/TRR-0020	feb90eb..a47ee5b
Done
