Enumerating objects: 151, done.
Counting objects:   0% (1/151)
Counting objects:   1% (2/151)
Counting objects:   2% (4/151)
Counting objects:   3% (5/151)
Counting objects:   4% (7/151)
Counting objects:   5% (8/151)
Counting objects:   6% (10/151)
Counting objects:   7% (11/151)
Counting objects:   8% (13/151)
Counting objects:   9% (14/151)
Counting objects:  10% (16/151)
Counting objects:  11% (17/151)
Counting objects:  12% (19/151)
Counting objects:  13% (20/151)
Counting objects:  14% (22/151)
Counting objects:  15% (23/151)
Counting objects:  16% (25/151)
Counting objects:  17% (26/151)
Counting objects:  18% (28/151)
Counting objects:  19% (29/151)
Counting objects:  20% (31/151)
Counting objects:  21% (32/151)
Counting objects:  22% (34/151)
Counting objects:  23% (35/151)
Counting objects:  24% (37/151)
Counting objects:  25% (38/151)
Counting objects:  26% (40/151)
Counting objects:  27% (41/151)
Counting objects:  28% (43/151)
Counting objects:  29% (44/151)
Counting objects:  30% (46/151)
Counting objects:  31% (47/151)
Counting objects:  32% (49/151)
Counting objects:  33% (50/151)
Counting objects:  34% (52/151)
Counting objects:  35% (53/151)
Counting objects:  36% (55/151)
Counting objects:  37% (56/151)
Counting objects:  38% (58/151)
Counting objects:  39% (59/151)
Counting objects:  40% (61/151)
Counting objects:  41% (62/151)
Counting objects:  42% (64/151)
Counting objects:  43% (65/151)
Counting objects:  44% (67/151)
Counting objects:  45% (68/151)
Counting objects:  46% (70/151)
Counting objects:  47% (71/151)
Counting objects:  48% (73/151)
Counting objects:  49% (74/151)
Counting objects:  50% (76/151)
Counting objects:  51% (78/151)
Counting objects:  52% (79/151)
Counting objects:  53% (81/151)
Counting objects:  54% (82/151)
Counting objects:  55% (84/151)
Counting objects:  56% (85/151)
Counting objects:  57% (87/151)
Counting objects:  58% (88/151)
Counting objects:  59% (90/151)
Counting objects:  60% (91/151)
Counting objects:  61% (93/151)
Counting objects:  62% (94/151)
Counting objects:  63% (96/151)
Counting objects:  64% (97/151)
Counting objects:  65% (99/151)
Counting objects:  66% (100/151)
Counting objects:  67% (102/151)
Counting objects:  68% (103/151)
Counting objects:  69% (105/151)
Counting objects:  70% (106/151)
Counting objects:  71% (108/151)
Counting objects:  72% (109/151)
Counting objects:  73% (111/151)
Counting objects:  74% (112/151)
Counting objects:  75% (114/151)
Counting objects:  76% (115/151)
Counting objects:  77% (117/151)
Counting objects:  78% (118/151)
Counting objects:  79% (120/151)
Counting objects:  80% (121/151)
Counting objects:  81% (123/151)
Counting objects:  82% (124/151)
Counting objects:  83% (126/151)
Counting objects:  84% (127/151)
Counting objects:  85% (129/151)
Counting objects:  86% (130/151)
Counting objects:  87% (132/151)
Counting objects:  88% (133/151)
Counting objects:  89% (135/151)
Counting objects:  90% (136/151)
Counting objects:  91% (138/151)
Counting objects:  92% (139/151)
Counting objects:  93% (141/151)
Counting objects:  94% (142/151)
Counting objects:  95% (144/151)
Counting objects:  96% (145/151)
Counting objects:  97% (147/151)
Counting objects:  98% (148/151)
Counting objects:  99% (150/151)
Counting objects: 100% (151/151)
Counting objects: 100% (151/151), done.
Delta compression using up to 2 threads
Compressing objects:   0% (1/105)
Compressing objects:   1% (2/105)
Compressing objects:   2% (3/105)
Compressing objects:   3% (4/105)
Compressing objects:   4% (5/105)
Compressing objects:   5% (6/105)
Compressing objects:   6% (7/105)
Compressing objects:   7% (8/105)
Compressing objects:   8% (9/105)
Compressing objects:   9% (10/105)
Compressing objects:  10% (11/105)
Compressing objects:  11% (12/105)
Compressing objects:  12% (13/105)
Compressing objects:  13% (14/105)
Compressing objects:  14% (15/105)
Compressing objects:  15% (16/105)
Compressing objects:  16% (17/105)
Compressing objects:  17% (18/105)
Compressing objects:  18% (19/105)
Compressing objects:  19% (20/105)
Compressing objects:  20% (21/105)
Compressing objects:  21% (23/105)
Compressing objects:  22% (24/105)
Compressing objects:  23% (25/105)
Compressing objects:  24% (26/105)
Compressing objects:  25% (27/105)
Compressing objects:  26% (28/105)
Compressing objects:  27% (29/105)
Compressing objects:  28% (30/105)
Compressing objects:  29% (31/105)
Compressing objects:  30% (32/105)
Compressing objects:  31% (33/105)
Compressing objects:  32% (34/105)
Compressing objects:  33% (35/105)
Compressing objects:  34% (36/105)
Compressing objects:  35% (37/105)
Compressing objects:  36% (38/105)
Compressing objects:  37% (39/105)
Compressing objects:  38% (40/105)
Compressing objects:  39% (41/105)
Compressing objects:  40% (42/105)
Compressing objects:  41% (44/105)
Compressing objects:  42% (45/105)
Compressing objects:  43% (46/105)
Compressing objects:  44% (47/105)
Compressing objects:  45% (48/105)
Compressing objects:  46% (49/105)
Compressing objects:  47% (50/105)
Compressing objects:  48% (51/105)
Compressing objects:  49% (52/105)
Compressing objects:  50% (53/105)
Compressing objects:  51% (54/105)
Compressing objects:  52% (55/105)
Compressing objects:  53% (56/105)
Compressing objects:  54% (57/105)
Compressing objects:  55% (58/105)
Compressing objects:  56% (59/105)
Compressing objects:  57% (60/105)
Compressing objects:  58% (61/105)
Compressing objects:  59% (62/105)
Compressing objects:  60% (63/105)
Compressing objects:  61% (65/105)
Compressing objects:  62% (66/105)
Compressing objects:  63% (67/105)
Compressing objects:  64% (68/105)
Compressing objects:  65% (69/105)
Compressing objects:  66% (70/105)
Compressing objects:  67% (71/105)
Compressing objects:  68% (72/105)
Compressing objects:  69% (73/105)
Compressing objects:  70% (74/105)
Compressing objects:  71% (75/105)
Compressing objects:  72% (76/105)
Compressing objects:  73% (77/105)
Compressing objects:  74% (78/105)
Compressing objects:  75% (79/105)
Compressing objects:  76% (80/105)
Compressing objects:  77% (81/105)
Compressing objects:  78% (82/105)
Compressing objects:  79% (83/105)
Compressing objects:  80% (84/105)
Compressing objects:  81% (86/105)
Compressing objects:  82% (87/105)
Compressing objects:  83% (88/105)
Compressing objects:  84% (89/105)
Compressing objects:  85% (90/105)
Compressing objects:  86% (91/105)
Compressing objects:  87% (92/105)
Compressing objects:  88% (93/105)
Compressing objects:  89% (94/105)
Compressing objects:  90% (95/105)
Compressing objects:  91% (96/105)
Compressing objects:  92% (97/105)
Compressing objects:  93% (98/105)
Compressing objects:  94% (99/105)
Compressing objects:  95% (100/105)
Compressing objects:  96% (101/105)
Compressing objects:  97% (102/105)
Compressing objects:  98% (103/105)
Compressing objects:  99% (104/105)
Compressing objects: 100% (105/105)
Compressing objects: 100% (105/105), done.
Writing objects:   0% (1/140)
Writing objects:   1% (2/140)
Writing objects:   2% (3/140)
Writing objects:   3% (5/140)
Writing objects:   4% (6/140)
Writing objects:   5% (7/140)
Writing objects:   6% (9/140)
Writing objects:   7% (10/140)
Writing objects:   8% (12/140)
Writing objects:   9% (13/140)
Writing objects:  10% (14/140)
Writing objects:  11% (16/140)
Writing objects:  12% (17/140)
Writing objects:  13% (19/140)
Writing objects:  14% (20/140)
Writing objects:  15% (21/140)
Writing objects:  16% (23/140)
Writing objects:  17% (24/140)
Writing objects:  18% (26/140)
Writing objects:  19% (27/140)
Writing objects:  20% (28/140)
Writing objects:  21% (30/140)
Writing objects:  22% (31/140)
Writing objects:  22% (31/140), 2.53 MiB | 1.85 MiB/s
Writing objects:  22% (31/140), 6.41 MiB | 2.68 MiB/s
Writing objects:  22% (31/140), 9.55 MiB | 2.81 MiB/s
Writing objects:  22% (31/140), 13.57 MiB | 3.08 MiB/s
Writing objects:  22% (31/140), 17.80 MiB | 3.70 MiB/s
Writing objects:  22% (32/140), 22.02 MiB | 3.88 MiB/s
Writing objects:  22% (32/140), 25.17 MiB | 3.82 MiB/s
Writing objects:  22% (32/140), 29.56 MiB | 3.95 MiB/s
Writing objects:  22% (32/140), 32.92 MiB | 3.81 MiB/s
Writing objects:  22% (32/140), 36.65 MiB | 3.62 MiB/s
Writing objects:  22% (32/140), 39.30 MiB | 3.48 MiB/s
Writing objects:  23% (33/140), 39.30 MiB | 3.48 MiB/s
Writing objects:  23% (33/140), 42.61 MiB | 3.42 MiB/s
Writing objects:  23% (33/140), 47.63 MiB | 3.59 MiB/s
Writing objects:  23% (33/140), 51.04 MiB | 3.63 MiB/s
Writing objects:  23% (33/140), 55.05 MiB | 3.78 MiB/s
Writing objects:  23% (33/140), 58.93 MiB | 4.01 MiB/s
Writing objects:  24% (34/140), 58.93 MiB | 4.01 MiB/s
Writing objects:  24% (34/140), 61.63 MiB | 3.71 MiB/s
Writing objects:  24% (34/140), 64.93 MiB | 3.43 MiB/s
Writing objects:  24% (34/140), 68.98 MiB | 3.57 MiB/s
Writing objects:  24% (34/140), 72.73 MiB | 3.34 MiB/s
Writing objects:  24% (34/140), 75.38 MiB | 3.30 MiB/s
Writing objects:  24% (34/140), 78.78 MiB | 3.46 MiB/s
Writing objects:  25% (35/140), 78.78 MiB | 3.46 MiB/s
Writing objects:  25% (35/140), 82.16 MiB | 3.33 MiB/s
Writing objects:  25% (35/140), 85.25 MiB | 3.13 MiB/s
Writing objects:  25% (35/140), 88.31 MiB | 3.18 MiB/s
Writing objects:  25% (35/140), 91.54 MiB | 3.19 MiB/s
Writing objects:  25% (35/140), 93.45 MiB | 2.86 MiB/s
Writing objects:  25% (35/140), 96.23 MiB | 2.78 MiB/s
Writing objects:  25% (36/140), 98.37 MiB | 2.89 MiB/s
Writing objects:  25% (36/140), 104.27 MiB | 3.13 MiB/s
Writing objects:  25% (36/140), 108.21 MiB | 3.47 MiB/s
Writing objects:  25% (36/140), 112.08 MiB | 3.86 MiB/s
Writing objects:  25% (36/140), 115.56 MiB | 3.80 MiB/s
Writing objects:  26% (37/140), 117.80 MiB | 3.71 MiB/s
Writing objects:  26% (37/140), 124.22 MiB | 4.01 MiB/s
Writing objects:  26% (37/140), 127.86 MiB | 3.79 MiB/s
Writing objects:  26% (37/140), 132.90 MiB | 4.23 MiB/s
Writing objects:  26% (37/140), 135.45 MiB | 3.88 MiB/s
Writing objects:  26% (37/140), 138.69 MiB | 3.56 MiB/s
Writing objects:  27% (38/140), 138.69 MiB | 3.56 MiB/s
Writing objects:  27% (38/140), 141.08 MiB | 3.38 MiB/s
Writing objects:  27% (38/140), 144.49 MiB | 3.10 MiB/s
Writing objects:  27% (38/140), 149.52 MiB | 3.38 MiB/s
Writing objects:  27% (38/140), 152.03 MiB | 3.34 MiB/s
Writing objects:  27% (38/140), 153.41 MiB | 2.98 MiB/s
Writing objects:  27% (38/140), 155.81 MiB | 2.91 MiB/s
Writing objects:  27% (39/140), 157.63 MiB | 2.89 MiB/s
Writing objects:  27% (39/140), 161.80 MiB | 2.43 MiB/s
Writing objects:  27% (39/140), 165.81 MiB | 2.89 MiB/s
Writing objects:  27% (39/140), 170.46 MiB | 3.54 MiB/s
Writing objects:  28% (40/140), 172.02 MiB | 3.58 MiB/s
Writing objects:  29% (41/140), 172.02 MiB | 3.58 MiB/s
Writing objects:  30% (42/140), 172.02 MiB | 3.58 MiB/s
Writing objects:  31% (44/140), 172.02 MiB | 3.58 MiB/s
Writing objects:  32% (45/140), 172.02 MiB | 3.58 MiB/s
Writing objects:  33% (47/140), 172.02 MiB | 3.58 MiB/s
Writing objects:  34% (48/140), 172.02 MiB | 3.58 MiB/s
Writing objects:  35% (50/140), 172.02 MiB | 3.58 MiB/s
Writing objects:  36% (51/140), 172.02 MiB | 3.58 MiB/s
Writing objects:  37% (52/140), 172.02 MiB | 3.58 MiB/s
Writing objects:  38% (54/140), 172.02 MiB | 3.58 MiB/s
Writing objects:  40% (56/140), 172.02 MiB | 3.58 MiB/s
Writing objects:  42% (59/140), 172.02 MiB | 3.58 MiB/s
Writing objects:  43% (61/140), 172.02 MiB | 3.58 MiB/s
Writing objects:  44% (62/140), 172.02 MiB | 3.58 MiB/s
Writing objects:  45% (63/140), 172.02 MiB | 3.58 MiB/s
Writing objects:  46% (65/140), 172.02 MiB | 3.58 MiB/s
Writing objects:  47% (66/140), 172.02 MiB | 3.58 MiB/s
Writing objects:  48% (68/140), 172.02 MiB | 3.58 MiB/s
Writing objects:  49% (69/140), 172.02 MiB | 3.58 MiB/s
Writing objects:  50% (70/140), 172.02 MiB | 3.58 MiB/s
Writing objects:  51% (72/140), 172.02 MiB | 3.58 MiB/s
Writing objects:  52% (73/140), 172.02 MiB | 3.58 MiB/s
Writing objects:  53% (75/140), 172.02 MiB | 3.58 MiB/s
Writing objects:  54% (76/140), 172.02 MiB | 3.58 MiB/s
Writing objects:  55% (77/140), 172.02 MiB | 3.58 MiB/s
Writing objects:  56% (79/140), 172.02 MiB | 3.58 MiB/s
Writing objects:  57% (80/140), 172.02 MiB | 3.58 MiB/s
Writing objects:  58% (82/140), 172.02 MiB | 3.58 MiB/s
Writing objects:  60% (84/140), 172.02 MiB | 3.58 MiB/s
Writing objects:  61% (86/140), 172.02 MiB | 3.58 MiB/s
Writing objects:  62% (87/140), 172.02 MiB | 3.58 MiB/s
Writing objects:  63% (89/140), 172.02 MiB | 3.58 MiB/s
Writing objects:  64% (90/140), 172.02 MiB | 3.58 MiB/s
Writing objects:  65% (91/140), 172.02 MiB | 3.58 MiB/s
Writing objects:  66% (93/140), 172.02 MiB | 3.58 MiB/s
Writing objects:  67% (94/140), 172.02 MiB | 3.58 MiB/s
Writing objects:  68% (96/140), 172.02 MiB | 3.58 MiB/s
Writing objects:  69% (97/140), 172.02 MiB | 3.58 MiB/s
Writing objects:  70% (98/140), 172.02 MiB | 3.58 MiB/s
Writing objects:  71% (100/140), 172.02 MiB | 3.58 MiB/s
Writing objects:  72% (101/140), 172.02 MiB | 3.58 MiB/s
Writing objects:  73% (103/140), 172.02 MiB | 3.58 MiB/s
Writing objects:  74% (104/140), 172.02 MiB | 3.58 MiB/s
Writing objects:  75% (105/140), 172.02 MiB | 3.58 MiB/s
Writing objects:  76% (107/140), 172.02 MiB | 3.58 MiB/s
Writing objects:  77% (108/140), 172.02 MiB | 3.58 MiB/s
Writing objects:  78% (110/140), 172.02 MiB | 3.58 MiB/s
Writing objects:  79% (111/140), 172.02 MiB | 3.58 MiB/s
Writing objects:  80% (112/140), 172.02 MiB | 3.58 MiB/s
Writing objects:  81% (114/140), 172.02 MiB | 3.58 MiB/s
Writing objects:  82% (115/140), 172.02 MiB | 3.58 MiB/s
Writing objects:  83% (117/140), 172.02 MiB | 3.58 MiB/s
Writing objects:  84% (118/140), 172.02 MiB | 3.58 MiB/s
Writing objects:  85% (119/140), 172.02 MiB | 3.58 MiB/s
Writing objects:  86% (121/140), 172.02 MiB | 3.58 MiB/s
Writing objects:  87% (122/140), 172.02 MiB | 3.58 MiB/s
Writing objects:  88% (124/140), 172.02 MiB | 3.58 MiB/s
Writing objects:  89% (125/140), 172.02 MiB | 3.58 MiB/s
Writing objects:  90% (126/140), 172.02 MiB | 3.58 MiB/s
Writing objects:  91% (128/140), 172.02 MiB | 3.58 MiB/s
Writing objects:  92% (129/140), 172.02 MiB | 3.58 MiB/s
Writing objects:  93% (131/140), 172.02 MiB | 3.58 MiB/s
Writing objects:  94% (132/140), 172.02 MiB | 3.58 MiB/s
Writing objects:  95% (133/140), 172.02 MiB | 3.58 MiB/s
Writing objects:  96% (135/140), 172.02 MiB | 3.58 MiB/s
Writing objects:  97% (136/140), 172.02 MiB | 3.58 MiB/s
Writing objects:  98% (138/140), 172.02 MiB | 3.58 MiB/s
Writing objects:  99% (139/140), 172.02 MiB | 3.58 MiB/s
Writing objects: 100% (140/140), 172.02 MiB | 3.58 MiB/s
Writing objects: 100% (140/140), 173.58 MiB | 3.42 MiB/s, done.
Total 140 (delta 63), reused 101 (delta 34), pack-reused 0 (from 0)
remote: Resolving deltas:   0% (0/63)        
remote: Resolving deltas:   1% (1/63)        
remote: Resolving deltas:   3% (2/63)        
remote: Resolving deltas:   4% (3/63)        
remote: Resolving deltas:   6% (4/63)        
remote: Resolving deltas:   7% (5/63)        
remote: Resolving deltas:   9% (6/63)        
remote: Resolving deltas:  11% (7/63)        
remote: Resolving deltas:  12% (8/63)        
remote: Resolving deltas:  14% (9/63)        
remote: Resolving deltas:  15% (10/63)        
remote: Resolving deltas:  17% (11/63)        
remote: Resolving deltas:  19% (12/63)        
remote: Resolving deltas:  20% (13/63)        
remote: Resolving deltas:  22% (14/63)        
remote: Resolving deltas:  23% (15/63)        
remote: Resolving deltas:  25% (16/63)        
remote: Resolving deltas:  26% (17/63)        
remote: Resolving deltas:  28% (18/63)        
remote: Resolving deltas:  30% (19/63)        
remote: Resolving deltas:  31% (20/63)        
remote: Resolving deltas:  33% (21/63)        
remote: Resolving deltas:  34% (22/63)        
remote: Resolving deltas:  36% (23/63)        
remote: Resolving deltas:  38% (24/63)        
remote: Resolving deltas:  39% (25/63)        
remote: Resolving deltas:  41% (26/63)        
remote: Resolving deltas:  42% (27/63)        
remote: Resolving deltas:  44% (28/63)        
remote: Resolving deltas:  46% (29/63)        
remote: Resolving deltas:  47% (30/63)        
remote: Resolving deltas:  49% (31/63)        
remote: Resolving deltas:  50% (32/63)        
remote: Resolving deltas:  52% (33/63)        
remote: Resolving deltas:  53% (34/63)        
remote: Resolving deltas:  55% (35/63)        
remote: Resolving deltas:  57% (36/63)        
remote: Resolving deltas:  58% (37/63)        
remote: Resolving deltas:  60% (38/63)        
remote: Resolving deltas:  61% (39/63)        
remote: Resolving deltas:  63% (40/63)        
remote: Resolving deltas:  65% (41/63)        
remote: Resolving deltas:  66% (42/63)        
remote: Resolving deltas:  68% (43/63)        
remote: Resolving deltas:  69% (44/63)        
remote: Resolving deltas:  71% (45/63)        
remote: Resolving deltas:  73% (46/63)        
remote: Resolving deltas:  74% (47/63)        
remote: Resolving deltas:  76% (48/63)        
remote: Resolving deltas:  77% (49/63)        
remote: Resolving deltas:  79% (50/63)        
remote: Resolving deltas:  80% (51/63)        
remote: Resolving deltas:  82% (52/63)        
remote: Resolving deltas:  84% (53/63)        
remote: Resolving deltas:  85% (54/63)        
remote: Resolving deltas:  87% (55/63)        
remote: Resolving deltas:  88% (56/63)        
remote: Resolving deltas:  90% (57/63)        
remote: Resolving deltas:  92% (58/63)        
remote: Resolving deltas:  93% (59/63)        
remote: Resolving deltas:  95% (60/63)        
remote: Resolving deltas:  96% (61/63)        
remote: Resolving deltas:  98% (62/63)        
remote: Resolving deltas: 100% (63/63)        
remote: Resolving deltas: 100% (63/63), completed with 11 local objects.        
remote: 
remote: Create a pull request for 'task/TRR-0017' on GitHub by visiting:        
remote:      https://github.com/A-lan-Z/Token-Reconstruction-Research/pull/new/task/TRR-0017        
remote: 
To https://github.com/A-lan-Z/Token-Reconstruction-Research.git
*	02a2ead7348cd68027024fe1464a148e5ca4da65:refs/heads/task/TRR-0017	[new branch]
Done
