Enumerating objects: 359, done.
Counting objects:   0% (1/359)
Counting objects:   1% (4/359)
Counting objects:   2% (8/359)
Counting objects:   3% (11/359)
Counting objects:   4% (15/359)
Counting objects:   5% (18/359)
Counting objects:   6% (22/359)
Counting objects:   7% (26/359)
Counting objects:   8% (29/359)
Counting objects:   9% (33/359)
Counting objects:  10% (36/359)
Counting objects:  11% (40/359)
Counting objects:  12% (44/359)
Counting objects:  13% (47/359)
Counting objects:  14% (51/359)
Counting objects:  15% (54/359)
Counting objects:  16% (58/359)
Counting objects:  17% (62/359)
Counting objects:  18% (65/359)
Counting objects:  19% (69/359)
Counting objects:  20% (72/359)
Counting objects:  21% (76/359)
Counting objects:  22% (79/359)
Counting objects:  23% (83/359)
Counting objects:  24% (87/359)
Counting objects:  25% (90/359)
Counting objects:  26% (94/359)
Counting objects:  27% (97/359)
Counting objects:  28% (101/359)
Counting objects:  29% (105/359)
Counting objects:  30% (108/359)
Counting objects:  31% (112/359)
Counting objects:  32% (115/359)
Counting objects:  33% (119/359)
Counting objects:  34% (123/359)
Counting objects:  35% (126/359)
Counting objects:  36% (130/359)
Counting objects:  37% (133/359)
Counting objects:  38% (137/359)
Counting objects:  39% (141/359)
Counting objects:  40% (144/359)
Counting objects:  41% (148/359)
Counting objects:  42% (151/359)
Counting objects:  43% (155/359)
Counting objects:  44% (158/359)
Counting objects:  45% (162/359)
Counting objects:  46% (166/359)
Counting objects:  47% (169/359)
Counting objects:  48% (173/359)
Counting objects:  49% (176/359)
Counting objects:  50% (180/359)
Counting objects:  51% (184/359)
Counting objects:  52% (187/359)
Counting objects:  53% (191/359)
Counting objects:  54% (194/359)
Counting objects:  55% (198/359)
Counting objects:  56% (202/359)
Counting objects:  57% (205/359)
Counting objects:  58% (209/359)
Counting objects:  59% (212/359)
Counting objects:  60% (216/359)
Counting objects:  61% (219/359)
Counting objects:  62% (223/359)
Counting objects:  63% (227/359)
Counting objects:  64% (230/359)
Counting objects:  65% (234/359)
Counting objects:  66% (237/359)
Counting objects:  67% (241/359)
Counting objects:  68% (245/359)
Counting objects:  69% (248/359)
Counting objects:  70% (252/359)
Counting objects:  71% (255/359)
Counting objects:  72% (259/359)
Counting objects:  73% (263/359)
Counting objects:  74% (266/359)
Counting objects:  75% (270/359)
Counting objects:  76% (273/359)
Counting objects:  77% (277/359)
Counting objects:  78% (281/359)
Counting objects:  79% (284/359)
Counting objects:  80% (288/359)
Counting objects:  81% (291/359)
Counting objects:  82% (295/359)
Counting objects:  83% (298/359)
Counting objects:  84% (302/359)
Counting objects:  85% (306/359)
Counting objects:  86% (309/359)
Counting objects:  87% (313/359)
Counting objects:  88% (316/359)
Counting objects:  89% (320/359)
Counting objects:  90% (324/359)
Counting objects:  91% (327/359)
Counting objects:  92% (331/359)
Counting objects:  93% (334/359)
Counting objects:  94% (338/359)
Counting objects:  95% (342/359)
Counting objects:  96% (345/359)
Counting objects:  97% (349/359)
Counting objects:  98% (352/359)
Counting objects:  99% (356/359)
Counting objects: 100% (359/359)
Counting objects: 100% (359/359), done.
Delta compression using up to 2 threads
Compressing objects:   0% (1/344)
Compressing objects:   1% (4/344)
Compressing objects:   2% (7/344)
Compressing objects:   3% (11/344)
Compressing objects:   4% (14/344)
Compressing objects:   5% (18/344)
Compressing objects:   6% (21/344)
Compressing objects:   7% (25/344)
Compressing objects:   8% (28/344)
Compressing objects:   9% (31/344)
Compressing objects:  10% (35/344)
Compressing objects:  11% (38/344)
Compressing objects:  12% (42/344)
Compressing objects:  13% (45/344)
Compressing objects:  14% (49/344)
Compressing objects:  15% (52/344)
Compressing objects:  16% (56/344)
Compressing objects:  17% (59/344)
Compressing objects:  18% (62/344)
Compressing objects:  19% (66/344)
Compressing objects:  20% (69/344)
Compressing objects:  21% (73/344)
Compressing objects:  22% (76/344)
Compressing objects:  23% (80/344)
Compressing objects:  24% (83/344)
Compressing objects:  25% (86/344)
Compressing objects:  26% (90/344)
Compressing objects:  27% (93/344)
Compressing objects:  28% (97/344)
Compressing objects:  29% (100/344)
Compressing objects:  30% (104/344)
Compressing objects:  31% (107/344)
Compressing objects:  32% (111/344)
Compressing objects:  33% (114/344)
Compressing objects:  34% (117/344)
Compressing objects:  35% (121/344)
Compressing objects:  36% (124/344)
Compressing objects:  37% (128/344)
Compressing objects:  38% (131/344)
Compressing objects:  39% (135/344)
Compressing objects:  40% (138/344)
Compressing objects:  41% (142/344)
Compressing objects:  42% (145/344)
Compressing objects:  43% (148/344)
Compressing objects:  44% (152/344)
Compressing objects:  45% (155/344)
Compressing objects:  46% (159/344)
Compressing objects:  47% (162/344)
Compressing objects:  48% (166/344)
Compressing objects:  49% (169/344)
Compressing objects:  50% (172/344)
Compressing objects:  51% (176/344)
Compressing objects:  52% (179/344)
Compressing objects:  53% (183/344)
Compressing objects:  54% (186/344)
Compressing objects:  55% (190/344)
Compressing objects:  56% (193/344)
Compressing objects:  57% (197/344)
Compressing objects:  58% (200/344)
Compressing objects:  59% (203/344)
Compressing objects:  60% (207/344)
Compressing objects:  61% (210/344)
Compressing objects:  62% (214/344)
Compressing objects:  63% (217/344)
Compressing objects:  64% (221/344)
Compressing objects:  65% (224/344)
Compressing objects:  66% (228/344)
Compressing objects:  67% (231/344)
Compressing objects:  68% (234/344)
Compressing objects:  69% (238/344)
Compressing objects:  70% (241/344)
Compressing objects:  71% (245/344)
Compressing objects:  72% (248/344)
Compressing objects:  73% (252/344)
Compressing objects:  74% (255/344)
Compressing objects:  75% (258/344)
Compressing objects:  76% (262/344)
Compressing objects:  77% (265/344)
Compressing objects:  78% (269/344)
Compressing objects:  79% (272/344)
Compressing objects:  80% (276/344)
Compressing objects:  81% (279/344)
Compressing objects:  82% (283/344)
Compressing objects:  83% (286/344)
Compressing objects:  84% (289/344)
Compressing objects:  85% (293/344)
Compressing objects:  86% (296/344)
Compressing objects:  87% (300/344)
Compressing objects:  88% (303/344)
Compressing objects:  89% (307/344)
Compressing objects:  90% (310/344)
Compressing objects:  91% (314/344)
Compressing objects:  91% (316/344)
Compressing objects:  92% (317/344)
Compressing objects:  93% (320/344)
Compressing objects:  94% (324/344)
Compressing objects:  94% (325/344)
Compressing objects:  94% (326/344)
Compressing objects:  95% (327/344)
Compressing objects:  95% (328/344)
Compressing objects:  95% (330/344)
Compressing objects:  96% (331/344)
Compressing objects:  97% (334/344)
Compressing objects:  97% (335/344)
Compressing objects:  97% (336/344)
Compressing objects:  98% (338/344)
Compressing objects:  98% (340/344)
Compressing objects:  99% (341/344)
Compressing objects:  99% (342/344)
Compressing objects:  99% (343/344)
Compressing objects: 100% (344/344)
Compressing objects: 100% (344/344), done.
Writing objects:   0% (1/349)
Writing objects:   1% (4/349)
Writing objects:   2% (7/349)
Writing objects:   3% (11/349)
Writing objects:   4% (14/349)
Writing objects:   5% (18/349)
Writing objects:   6% (21/349)
Writing objects:   7% (25/349)
Writing objects:   8% (28/349)
Writing objects:   9% (33/349)
Writing objects:  10% (35/349)
Writing objects:  11% (39/349)
Writing objects:  12% (42/349)
Writing objects:  13% (46/349)
Writing objects:  14% (50/349)
Writing objects:  15% (53/349)
Writing objects:  15% (53/349), 984.00 KiB | 541.00 KiB/s
Writing objects:  15% (53/349), 2.79 MiB | 1.20 MiB/s    
Writing objects:  15% (53/349), 7.08 MiB | 2.13 MiB/s
Writing objects:  15% (53/349), 9.45 MiB | 2.18 MiB/s
Writing objects:  15% (53/349), 12.32 MiB | 2.29 MiB/s
Writing objects:  15% (53/349), 14.83 MiB | 3.03 MiB/s
Writing objects:  15% (53/349), 17.69 MiB | 2.87 MiB/s
Writing objects:  15% (53/349), 20.46 MiB | 2.64 MiB/s
Writing objects:  15% (53/349), 23.28 MiB | 2.75 MiB/s
Writing objects:  15% (53/349), 26.83 MiB | 2.89 MiB/s
Writing objects:  15% (53/349), 30.62 MiB | 3.20 MiB/s
Writing objects:  15% (53/349), 34.20 MiB | 3.27 MiB/s
Writing objects:  15% (53/349), 36.59 MiB | 3.26 MiB/s
Writing objects:  15% (53/349), 39.79 MiB | 3.21 MiB/s
Writing objects:  15% (53/349), 42.32 MiB | 2.99 MiB/s
Writing objects:  15% (53/349), 45.52 MiB | 2.78 MiB/s
Writing objects:  15% (54/349), 47.09 MiB | 2.82 MiB/s
Writing objects:  15% (54/349), 48.06 MiB | 2.36 MiB/s
Writing objects:  15% (54/349), 50.38 MiB | 2.29 MiB/s
Writing objects:  15% (54/349), 51.98 MiB | 2.02 MiB/s
Writing objects:  15% (54/349), 53.77 MiB | 1.86 MiB/s
Writing objects:  15% (54/349), 56.41 MiB | 1.73 MiB/s
Writing objects:  15% (54/349), 59.05 MiB | 2.03 MiB/s
Writing objects:  15% (54/349), 60.38 MiB | 2.02 MiB/s
Writing objects:  15% (54/349), 62.37 MiB | 2.09 MiB/s
Writing objects:  15% (54/349), 64.44 MiB | 2.10 MiB/s
Writing objects:  15% (54/349), 67.79 MiB | 2.11 MiB/s
Writing objects:  15% (54/349), 71.09 MiB | 2.54 MiB/s
Writing objects:  15% (54/349), 75.34 MiB | 3.05 MiB/s
Writing objects:  15% (54/349), 78.24 MiB | 3.31 MiB/s
Writing objects:  15% (54/349), 81.66 MiB | 3.46 MiB/s
Writing objects:  15% (54/349), 84.91 MiB | 3.43 MiB/s
Writing objects:  15% (54/349), 88.90 MiB | 3.48 MiB/s
Writing objects:  15% (54/349), 91.56 MiB | 3.25 MiB/s
Writing objects:  15% (54/349), 95.02 MiB | 3.31 MiB/s
Writing objects:  15% (55/349), 96.08 MiB | 2.79 MiB/s
Writing objects:  15% (55/349), 100.21 MiB | 2.96 MiB/s
Writing objects:  15% (55/349), 103.44 MiB | 2.82 MiB/s
Writing objects:  15% (55/349), 106.60 MiB | 2.92 MiB/s
Writing objects:  15% (55/349), 110.00 MiB | 2.92 MiB/s
Writing objects:  15% (55/349), 112.39 MiB | 3.06 MiB/s
Writing objects:  15% (55/349), 115.91 MiB | 3.11 MiB/s
Writing objects:  15% (55/349), 118.73 MiB | 2.98 MiB/s
Writing objects:  15% (55/349), 121.98 MiB | 3.00 MiB/s
Writing objects:  15% (55/349), 124.55 MiB | 2.96 MiB/s
Writing objects:  15% (55/349), 127.57 MiB | 3.00 MiB/s
Writing objects:  15% (55/349), 130.55 MiB | 2.72 MiB/s
Writing objects:  16% (57/349), 130.55 MiB | 2.72 MiB/s
Writing objects:  17% (61/349), 130.55 MiB | 2.72 MiB/s
Writing objects:  18% (64/349), 130.55 MiB | 2.72 MiB/s
Writing objects:  18% (66/349), 132.37 MiB | 2.42 MiB/s
Writing objects:  18% (66/349), 134.51 MiB | 2.53 MiB/s
Writing objects:  18% (66/349), 136.38 MiB | 2.32 MiB/s
Writing objects:  18% (66/349), 138.20 MiB | 2.17 MiB/s
Writing objects:  18% (66/349), 141.48 MiB | 2.21 MiB/s
Writing objects:  18% (66/349), 144.08 MiB | 2.59 MiB/s
Writing objects:  18% (66/349), 147.38 MiB | 2.62 MiB/s
Writing objects:  18% (66/349), 152.52 MiB | 3.41 MiB/s
Writing objects:  18% (66/349), 155.70 MiB | 3.55 MiB/s
Writing objects:  18% (66/349), 157.84 MiB | 3.33 MiB/s
Writing objects:  18% (66/349), 161.03 MiB | 3.42 MiB/s
Writing objects:  18% (66/349), 165.01 MiB | 3.32 MiB/s
Writing objects:  18% (66/349), 168.84 MiB | 3.21 MiB/s
Writing objects:  18% (66/349), 171.97 MiB | 3.32 MiB/s
Writing objects:  18% (66/349), 174.96 MiB | 3.43 MiB/s
Writing objects:  18% (66/349), 178.59 MiB | 3.38 MiB/s
Writing objects:  19% (67/349), 179.95 MiB | 3.27 MiB/s
Writing objects:  19% (67/349), 182.48 MiB | 2.66 MiB/s
Writing objects:  19% (67/349), 185.50 MiB | 2.64 MiB/s
Writing objects:  19% (67/349), 189.93 MiB | 2.93 MiB/s
Writing objects:  19% (67/349), 192.69 MiB | 3.08 MiB/s
Writing objects:  19% (67/349), 195.88 MiB | 3.10 MiB/s
Writing objects:  19% (67/349), 197.82 MiB | 3.36 MiB/s
Writing objects:  19% (67/349), 199.63 MiB | 3.08 MiB/s
Writing objects:  19% (67/349), 200.92 MiB | 2.39 MiB/s
Writing objects:  19% (67/349), 203.11 MiB | 1.92 MiB/s
Writing objects:  19% (67/349), 205.60 MiB | 1.92 MiB/s
Writing objects:  19% (67/349), 208.16 MiB | 2.04 MiB/s
Writing objects:  19% (67/349), 211.94 MiB | 2.56 MiB/s
Writing objects:  19% (67/349), 215.72 MiB | 3.05 MiB/s
Writing objects:  19% (67/349), 219.05 MiB | 3.20 MiB/s
Writing objects:  19% (67/349), 222.88 MiB | 3.54 MiB/s
Writing objects:  19% (67/349), 225.57 MiB | 3.45 MiB/s
Writing objects:  20% (70/349), 227.23 MiB | 3.37 MiB/s
Writing objects:  21% (75/349), 227.23 MiB | 3.37 MiB/s
Writing objects:  22% (78/349), 227.23 MiB | 3.37 MiB/s
Writing objects:  22% (78/349), 228.52 MiB | 3.13 MiB/s
Writing objects:  22% (78/349), 231.95 MiB | 3.14 MiB/s
Writing objects:  22% (78/349), 235.55 MiB | 3.11 MiB/s
Writing objects:  22% (78/349), 239.98 MiB | 3.38 MiB/s
Writing objects:  22% (78/349), 242.33 MiB | 3.21 MiB/s
Writing objects:  22% (78/349), 245.65 MiB | 3.29 MiB/s
Writing objects:  23% (81/349), 245.65 MiB | 3.29 MiB/s
Writing objects:  24% (84/349), 245.65 MiB | 3.29 MiB/s
Writing objects:  24% (84/349), 246.39 MiB | 2.80 MiB/s
Writing objects:  24% (84/349), 249.95 MiB | 2.79 MiB/s
Writing objects:  24% (84/349), 253.56 MiB | 2.64 MiB/s
Writing objects:  24% (84/349), 256.97 MiB | 2.85 MiB/s
Writing objects:  24% (84/349), 259.80 MiB | 2.76 MiB/s
Writing objects:  24% (84/349), 262.20 MiB | 3.02 MiB/s
Writing objects:  24% (84/349), 265.41 MiB | 3.04 MiB/s
Writing objects:  24% (84/349), 268.18 MiB | 2.85 MiB/s
Writing objects:  24% (84/349), 271.23 MiB | 2.76 MiB/s
Writing objects:  24% (84/349), 274.38 MiB | 2.94 MiB/s
Writing objects:  24% (84/349), 278.85 MiB | 3.30 MiB/s
Writing objects:  24% (84/349), 282.70 MiB | 3.49 MiB/s
Writing objects:  24% (84/349), 286.51 MiB | 3.67 MiB/s
Writing objects:  24% (84/349), 289.57 MiB | 3.72 MiB/s
Writing objects:  24% (84/349), 292.78 MiB | 3.60 MiB/s
Writing objects:  24% (85/349), 294.41 MiB | 2.89 MiB/s
Writing objects:  24% (85/349), 297.06 MiB | 2.97 MiB/s
Writing objects:  24% (85/349), 301.37 MiB | 3.15 MiB/s
Writing objects:  24% (85/349), 306.45 MiB | 3.37 MiB/s
Writing objects:  24% (85/349), 308.91 MiB | 3.31 MiB/s
Writing objects:  24% (85/349), 312.37 MiB | 3.93 MiB/s
Writing objects:  24% (85/349), 316.45 MiB | 3.80 MiB/s
Writing objects:  24% (85/349), 319.71 MiB | 3.48 MiB/s
Writing objects:  24% (85/349), 322.98 MiB | 3.39 MiB/s
Writing objects:  24% (85/349), 325.92 MiB | 3.40 MiB/s
Writing objects:  24% (85/349), 330.44 MiB | 3.44 MiB/s
Writing objects:  24% (85/349), 334.36 MiB | 3.60 MiB/s
Writing objects:  24% (85/349), 338.16 MiB | 3.62 MiB/s
Writing objects:  24% (85/349), 341.59 MiB | 3.79 MiB/s
Writing objects:  24% (86/349), 342.42 MiB | 3.16 MiB/s
Writing objects:  24% (86/349), 345.91 MiB | 2.96 MiB/s
Writing objects:  24% (86/349), 349.41 MiB | 2.89 MiB/s
Writing objects:  24% (86/349), 353.13 MiB | 2.86 MiB/s
Writing objects:  24% (86/349), 356.55 MiB | 2.86 MiB/s
Writing objects:  24% (86/349), 359.95 MiB | 3.39 MiB/s
Writing objects:  24% (86/349), 363.89 MiB | 3.61 MiB/s
Writing objects:  24% (86/349), 366.60 MiB | 3.28 MiB/s
Writing objects:  24% (86/349), 370.30 MiB | 3.43 MiB/s
Writing objects:  24% (86/349), 373.09 MiB | 3.26 MiB/s
Writing objects:  24% (86/349), 374.70 MiB | 2.84 MiB/s
Writing objects:  24% (86/349), 376.40 MiB | 2.46 MiB/s
Writing objects:  24% (86/349), 379.28 MiB | 2.42 MiB/s
Writing objects:  24% (86/349), 384.03 MiB | 2.63 MiB/s
Writing objects:  24% (86/349), 388.55 MiB | 3.21 MiB/s
Writing objects:  24% (87/349), 390.44 MiB | 3.11 MiB/s
Writing objects:  24% (87/349), 395.38 MiB | 3.74 MiB/s
Writing objects:  24% (87/349), 400.55 MiB | 4.21 MiB/s
Writing objects:  24% (87/349), 405.43 MiB | 4.25 MiB/s
Writing objects:  24% (87/349), 410.78 MiB | 4.39 MiB/s
Writing objects:  24% (87/349), 413.89 MiB | 4.55 MiB/s
Writing objects:  24% (87/349), 417.29 MiB | 4.29 MiB/s
Writing objects:  24% (87/349), 421.02 MiB | 3.96 MiB/s
Writing objects:  25% (88/349), 423.31 MiB | 3.93 MiB/s
Writing objects:  26% (91/349), 423.31 MiB | 3.93 MiB/s
Writing objects:  26% (91/349), 424.04 MiB | 3.11 MiB/s
Writing objects:  26% (91/349), 426.85 MiB | 3.17 MiB/s
Writing objects:  26% (91/349), 431.68 MiB | 3.51 MiB/s
Writing objects:  26% (91/349), 434.30 MiB | 3.36 MiB/s
Writing objects:  26% (91/349), 437.94 MiB | 3.34 MiB/s
Writing objects:  26% (91/349), 440.94 MiB | 3.74 MiB/s
Writing objects:  26% (91/349), 444.20 MiB | 3.33 MiB/s
Writing objects:  26% (91/349), 448.80 MiB | 3.50 MiB/s
Writing objects:  26% (91/349), 451.95 MiB | 3.53 MiB/s
Writing objects:  26% (91/349), 455.99 MiB | 3.60 MiB/s
Writing objects:  26% (91/349), 461.01 MiB | 4.07 MiB/s
Writing objects:  26% (91/349), 466.16 MiB | 4.34 MiB/s
Writing objects:  26% (91/349), 469.00 MiB | 4.13 MiB/s
Writing objects:  26% (92/349), 470.58 MiB | 4.12 MiB/s
Writing objects:  26% (92/349), 475.94 MiB | 3.79 MiB/s
Writing objects:  26% (93/349), 477.48 MiB | 3.63 MiB/s
Writing objects:  27% (95/349), 477.48 MiB | 3.63 MiB/s
Writing objects:  28% (98/349), 479.22 MiB | 3.45 MiB/s
Writing objects:  29% (102/349), 479.22 MiB | 3.45 MiB/s
Writing objects:  29% (104/349), 479.37 MiB | 2.64 MiB/s
Writing objects:  29% (104/349), 483.34 MiB | 2.85 MiB/s
Writing objects:  29% (104/349), 486.47 MiB | 2.87 MiB/s
Writing objects:  29% (104/349), 489.41 MiB | 2.67 MiB/s
Writing objects:  29% (104/349), 493.24 MiB | 2.77 MiB/s
Writing objects:  29% (104/349), 496.02 MiB | 3.09 MiB/s
Writing objects:  29% (104/349), 498.07 MiB | 2.86 MiB/s
Writing objects:  29% (104/349), 498.68 MiB | 2.36 MiB/s
Writing objects:  29% (104/349), 499.38 MiB | 1.77 MiB/s
Writing objects:  29% (104/349), 500.11 MiB | 1.21 MiB/s
Writing objects:  29% (104/349), 502.12 MiB | 1000.00 KiB/s
Writing objects:  29% (104/349), 505.34 MiB | 1.53 MiB/s   
Writing objects:  29% (104/349), 510.24 MiB | 2.46 MiB/s
Writing objects:  29% (104/349), 513.44 MiB | 3.00 MiB/s
Writing objects:  29% (104/349), 516.56 MiB | 3.39 MiB/s
Writing objects:  29% (104/349), 520.16 MiB | 3.64 MiB/s
Writing objects:  29% (104/349), 525.13 MiB | 3.86 MiB/s
Writing objects:  30% (105/349), 526.73 MiB | 3.62 MiB/s
Writing objects:  30% (105/349), 529.56 MiB | 3.13 MiB/s
Writing objects:  30% (105/349), 532.78 MiB | 3.15 MiB/s
Writing objects:  30% (105/349), 535.41 MiB | 2.96 MiB/s
Writing objects:  30% (105/349), 538.56 MiB | 2.60 MiB/s
Writing objects:  30% (105/349), 543.19 MiB | 3.48 MiB/s
Writing objects:  30% (105/349), 546.25 MiB | 3.34 MiB/s
Writing objects:  30% (105/349), 550.17 MiB | 3.52 MiB/s
Writing objects:  30% (105/349), 554.90 MiB | 4.00 MiB/s
Writing objects:  30% (105/349), 558.41 MiB | 3.93 MiB/s
Writing objects:  30% (105/349), 563.05 MiB | 4.07 MiB/s
Writing objects:  30% (105/349), 567.00 MiB | 4.18 MiB/s
Writing objects:  30% (105/349), 570.77 MiB | 3.96 MiB/s
Writing objects:  30% (106/349), 573.18 MiB | 4.04 MiB/s
Writing objects:  30% (106/349), 577.80 MiB | 3.92 MiB/s
Writing objects:  30% (106/349), 581.41 MiB | 3.72 MiB/s
Writing objects:  30% (106/349), 584.68 MiB | 3.58 MiB/s
Writing objects:  30% (106/349), 587.98 MiB | 3.49 MiB/s
Writing objects:  30% (106/349), 590.77 MiB | 3.40 MiB/s
Writing objects:  30% (106/349), 594.25 MiB | 3.24 MiB/s
Writing objects:  30% (106/349), 599.16 MiB | 3.57 MiB/s
Writing objects:  31% (109/349), 600.72 MiB | 3.53 MiB/s
Writing objects:  32% (112/349), 600.72 MiB | 3.53 MiB/s
Writing objects:  33% (116/349), 600.72 MiB | 3.53 MiB/s
Writing objects:  33% (116/349), 600.99 MiB | 2.87 MiB/s
Writing objects:  33% (116/349), 603.17 MiB | 3.00 MiB/s
Writing objects:  33% (116/349), 606.48 MiB | 3.11 MiB/s
Writing objects:  33% (116/349), 611.20 MiB | 3.36 MiB/s
Writing objects:  33% (116/349), 615.07 MiB | 3.15 MiB/s
Writing objects:  33% (116/349), 618.40 MiB | 3.83 MiB/s
Writing objects:  33% (116/349), 620.95 MiB | 3.57 MiB/s
Writing objects:  33% (116/349), 624.48 MiB | 3.50 MiB/s
Writing objects:  33% (116/349), 627.42 MiB | 3.08 MiB/s
Writing objects:  33% (116/349), 630.78 MiB | 3.05 MiB/s
Writing objects:  33% (116/349), 632.80 MiB | 2.91 MiB/s
Writing objects:  33% (116/349), 635.38 MiB | 2.80 MiB/s
Writing objects:  33% (116/349), 639.16 MiB | 2.88 MiB/s
Writing objects:  33% (116/349), 641.95 MiB | 2.85 MiB/s
Writing objects:  33% (116/349), 645.76 MiB | 3.06 MiB/s
Writing objects:  33% (117/349), 647.54 MiB | 3.26 MiB/s
Writing objects:  33% (117/349), 649.00 MiB | 2.81 MiB/s
Writing objects:  33% (117/349), 652.42 MiB | 2.82 MiB/s
Writing objects:  33% (117/349), 655.70 MiB | 2.85 MiB/s
Writing objects:  33% (117/349), 658.41 MiB | 2.75 MiB/s
Writing objects:  33% (117/349), 660.63 MiB | 2.44 MiB/s
Writing objects:  33% (117/349), 662.67 MiB | 2.56 MiB/s
Writing objects:  33% (117/349), 664.66 MiB | 2.35 MiB/s
Writing objects:  33% (117/349), 667.22 MiB | 2.23 MiB/s
Writing objects:  33% (117/349), 670.80 MiB | 2.46 MiB/s
Writing objects:  33% (117/349), 673.59 MiB | 2.60 MiB/s
Writing objects:  33% (117/349), 677.52 MiB | 3.02 MiB/s
Writing objects:  33% (117/349), 680.84 MiB | 3.31 MiB/s
Writing objects:  33% (117/349), 684.27 MiB | 3.33 MiB/s
Writing objects:  33% (117/349), 689.44 MiB | 3.82 MiB/s
Writing objects:  33% (117/349), 692.17 MiB | 3.71 MiB/s
Writing objects:  33% (117/349), 695.23 MiB | 3.48 MiB/s
Writing objects:  33% (118/349), 697.02 MiB | 2.99 MiB/s
Writing objects:  33% (118/349), 698.63 MiB | 2.99 MiB/s
Writing objects:  33% (118/349), 700.16 MiB | 2.49 MiB/s
Writing objects:  33% (118/349), 701.60 MiB | 1.96 MiB/s
Writing objects:  33% (118/349), 704.41 MiB | 2.00 MiB/s
Writing objects:  33% (118/349), 708.48 MiB | 2.52 MiB/s
Writing objects:  33% (118/349), 712.67 MiB | 2.91 MiB/s
Writing objects:  33% (118/349), 717.83 MiB | 3.77 MiB/s
Writing objects:  33% (118/349), 720.48 MiB | 3.90 MiB/s
Writing objects:  33% (118/349), 723.47 MiB | 3.77 MiB/s
Writing objects:  33% (118/349), 726.00 MiB | 3.40 MiB/s
Writing objects:  33% (118/349), 727.73 MiB | 2.78 MiB/s
Writing objects:  33% (118/349), 729.47 MiB | 2.25 MiB/s
Writing objects:  33% (118/349), 730.76 MiB | 1.95 MiB/s
Writing objects:  33% (118/349), 733.13 MiB | 1.84 MiB/s
Writing objects:  33% (118/349), 735.84 MiB | 1.97 MiB/s
Writing objects:  33% (118/349), 738.57 MiB | 2.21 MiB/s
Writing objects:  33% (118/349), 741.73 MiB | 2.56 MiB/s
Writing objects:  34% (119/349), 743.83 MiB | 2.88 MiB/s
Writing objects:  34% (119/349), 745.02 MiB | 2.77 MiB/s
Writing objects:  34% (119/349), 749.05 MiB | 3.06 MiB/s
Writing objects:  34% (119/349), 753.09 MiB | 3.29 MiB/s
Writing objects:  34% (119/349), 755.98 MiB | 3.30 MiB/s
Writing objects:  34% (119/349), 759.95 MiB | 3.33 MiB/s
Writing objects:  34% (119/349), 764.20 MiB | 3.69 MiB/s
Writing objects:  34% (119/349), 766.81 MiB | 3.49 MiB/s
Writing objects:  34% (119/349), 770.82 MiB | 3.60 MiB/s
Writing objects:  35% (123/349), 770.82 MiB | 3.60 MiB/s
Writing objects:  36% (126/349), 770.82 MiB | 3.60 MiB/s
Writing objects:  36% (126/349), 771.63 MiB | 3.04 MiB/s
Writing objects:  36% (126/349), 773.72 MiB | 3.11 MiB/s
Writing objects:  36% (126/349), 775.32 MiB | 2.47 MiB/s
Writing objects:  36% (126/349), 776.49 MiB | 2.15 MiB/s
Writing objects:  36% (126/349), 777.58 MiB | 1.74 MiB/s
Writing objects:  36% (126/349), 780.11 MiB | 1.86 MiB/s
Writing objects:  36% (126/349), 784.32 MiB | 2.13 MiB/s
Writing objects:  36% (126/349), 787.85 MiB | 2.61 MiB/s
Writing objects:  36% (126/349), 790.73 MiB | 3.05 MiB/s
Writing objects:  36% (126/349), 795.26 MiB | 3.66 MiB/s
Writing objects:  36% (126/349), 798.73 MiB | 3.67 MiB/s
Writing objects:  36% (126/349), 801.62 MiB | 3.27 MiB/s
Writing objects:  36% (126/349), 804.98 MiB | 3.48 MiB/s
Writing objects:  36% (126/349), 808.09 MiB | 3.38 MiB/s
Writing objects:  36% (126/349), 810.60 MiB | 2.88 MiB/s
Writing objects:  36% (126/349), 814.66 MiB | 3.22 MiB/s
Writing objects:  36% (126/349), 819.10 MiB | 3.46 MiB/s
Writing objects:  36% (127/349), 819.63 MiB | 2.87 MiB/s
Writing objects:  36% (127/349), 823.30 MiB | 2.97 MiB/s
Writing objects:  36% (127/349), 826.95 MiB | 3.19 MiB/s
Writing objects:  36% (127/349), 831.89 MiB | 3.37 MiB/s
Writing objects:  36% (127/349), 834.26 MiB | 2.96 MiB/s
Writing objects:  36% (127/349), 837.44 MiB | 3.43 MiB/s
Writing objects:  36% (127/349), 840.77 MiB | 3.46 MiB/s
Writing objects:  36% (127/349), 843.84 MiB | 3.18 MiB/s
Writing objects:  36% (127/349), 846.65 MiB | 3.01 MiB/s
Writing objects:  36% (127/349), 849.75 MiB | 3.08 MiB/s
Writing objects:  36% (127/349), 852.48 MiB | 2.98 MiB/s
Writing objects:  36% (127/349), 855.58 MiB | 2.83 MiB/s
Writing objects:  36% (127/349), 859.19 MiB | 3.08 MiB/s
Writing objects:  36% (127/349), 863.63 MiB | 3.33 MiB/s
Writing objects:  36% (127/349), 866.81 MiB | 3.46 MiB/s
Writing objects:  36% (128/349), 867.65 MiB | 2.92 MiB/s
Writing objects:  36% (128/349), 871.69 MiB | 3.10 MiB/s
Writing objects:  36% (128/349), 874.67 MiB | 2.99 MiB/s
Writing objects:  36% (128/349), 877.66 MiB | 2.71 MiB/s
Writing objects:  36% (128/349), 880.88 MiB | 2.72 MiB/s
Writing objects:  36% (128/349), 885.41 MiB | 3.39 MiB/s
Writing objects:  36% (128/349), 889.12 MiB | 3.52 MiB/s
Writing objects:  36% (128/349), 892.78 MiB | 3.63 MiB/s
Writing objects:  36% (128/349), 896.71 MiB | 3.88 MiB/s
Writing objects:  36% (128/349), 899.92 MiB | 3.75 MiB/s
Writing objects:  36% (128/349), 902.82 MiB | 3.36 MiB/s
Writing objects:  36% (128/349), 906.13 MiB | 3.37 MiB/s
Writing objects:  36% (128/349), 908.66 MiB | 2.98 MiB/s
Writing objects:  36% (128/349), 910.08 MiB | 2.60 MiB/s
Writing objects:  36% (128/349), 911.85 MiB | 2.32 MiB/s
Writing objects:  36% (128/349), 913.91 MiB | 2.05 MiB/s
Writing objects:  36% (129/349), 915.66 MiB | 1.57 MiB/s
Writing objects:  36% (129/349), 917.91 MiB | 1.84 MiB/s
Writing objects:  36% (129/349), 921.46 MiB | 2.27 MiB/s
Writing objects:  36% (129/349), 924.67 MiB | 2.55 MiB/s
Writing objects:  36% (129/349), 927.92 MiB | 2.78 MiB/s
Writing objects:  36% (129/349), 930.34 MiB | 3.23 MiB/s
Writing objects:  36% (129/349), 932.80 MiB | 2.90 MiB/s
Writing objects:  36% (129/349), 936.03 MiB | 2.88 MiB/s
Writing objects:  36% (129/349), 938.61 MiB | 2.68 MiB/s
Writing objects:  36% (129/349), 942.38 MiB | 2.90 MiB/s
Writing objects:  36% (129/349), 947.52 MiB | 3.56 MiB/s
Writing objects:  36% (129/349), 952.84 MiB | 4.07 MiB/s
Writing objects:  36% (129/349), 957.22 MiB | 4.41 MiB/s
Writing objects:  36% (129/349), 960.02 MiB | 4.36 MiB/s
Writing objects:  36% (129/349), 963.20 MiB | 3.99 MiB/s
Writing objects:  37% (130/349), 963.20 MiB | 3.99 MiB/s
Writing objects:  37% (130/349), 963.68 MiB | 3.40 MiB/s
Writing objects:  37% (130/349), 968.02 MiB | 3.19 MiB/s
Writing objects:  37% (130/349), 971.68 MiB | 3.04 MiB/s
Writing objects:  37% (130/349), 974.36 MiB | 3.02 MiB/s
Writing objects:  37% (130/349), 977.70 MiB | 3.05 MiB/s
Writing objects:  37% (130/349), 980.38 MiB | 3.11 MiB/s
Writing objects:  37% (130/349), 984.32 MiB | 3.14 MiB/s
Writing objects:  37% (130/349), 987.65 MiB | 3.23 MiB/s
Writing objects:  37% (130/349), 990.17 MiB | 3.06 MiB/s
Writing objects:  37% (130/349), 991.82 MiB | 2.81 MiB/s
Writing objects:  37% (130/349), 993.70 MiB | 2.53 MiB/s
Writing objects:  37% (131/349), 994.48 MiB | 2.22 MiB/s
Writing objects:  38% (133/349), 994.48 MiB | 2.22 MiB/s
Writing objects:  39% (137/349), 994.48 MiB | 2.22 MiB/s
Writing objects:  40% (140/349), 994.48 MiB | 2.22 MiB/s
Writing objects:  41% (144/349), 994.48 MiB | 2.22 MiB/s
Writing objects:  42% (148/349), 994.48 MiB | 2.22 MiB/s
Writing objects:  43% (151/349), 994.48 MiB | 2.22 MiB/s
Writing objects:  44% (154/349), 994.48 MiB | 2.22 MiB/s
Writing objects:  45% (158/349), 995.48 MiB | 2.03 MiB/s
Writing objects:  46% (161/349), 995.48 MiB | 2.03 MiB/s
Writing objects:  47% (165/349), 995.48 MiB | 2.03 MiB/s
Writing objects:  48% (168/349), 995.48 MiB | 2.03 MiB/s
Writing objects:  49% (172/349), 995.48 MiB | 2.03 MiB/s
Writing objects:  50% (175/349), 995.48 MiB | 2.03 MiB/s
Writing objects:  51% (178/349), 995.48 MiB | 2.03 MiB/s
Writing objects:  52% (182/349), 995.48 MiB | 2.03 MiB/s
Writing objects:  53% (185/349), 995.48 MiB | 2.03 MiB/s
Writing objects:  54% (189/349), 995.48 MiB | 2.03 MiB/s
Writing objects:  55% (192/349), 995.48 MiB | 2.03 MiB/s
Writing objects:  56% (196/349), 995.48 MiB | 2.03 MiB/s
Writing objects:  57% (199/349), 995.48 MiB | 2.03 MiB/s
Writing objects:  58% (203/349), 995.48 MiB | 2.03 MiB/s
Writing objects:  59% (207/349), 995.48 MiB | 2.03 MiB/s
Writing objects:  60% (210/349), 995.48 MiB | 2.03 MiB/s
Writing objects:  61% (213/349), 995.48 MiB | 2.03 MiB/s
Writing objects:  62% (217/349), 995.48 MiB | 2.03 MiB/s
Writing objects:  63% (220/349), 995.48 MiB | 2.03 MiB/s
Writing objects:  64% (224/349), 995.48 MiB | 2.03 MiB/s
Writing objects:  65% (227/349), 995.48 MiB | 2.03 MiB/s
Writing objects:  66% (231/349), 995.48 MiB | 2.03 MiB/s
Writing objects:  67% (234/349), 995.48 MiB | 2.03 MiB/s
Writing objects:  68% (238/349), 995.48 MiB | 2.03 MiB/s
Writing objects:  69% (241/349), 995.48 MiB | 2.03 MiB/s
Writing objects:  70% (245/349), 995.48 MiB | 2.03 MiB/s
Writing objects:  71% (248/349), 995.48 MiB | 2.03 MiB/s
Writing objects:  72% (252/349), 995.48 MiB | 2.03 MiB/s
Writing objects:  73% (255/349), 995.48 MiB | 2.03 MiB/s
Writing objects:  74% (259/349), 995.48 MiB | 2.03 MiB/s
Writing objects:  75% (262/349), 995.48 MiB | 2.03 MiB/s
Writing objects:  76% (266/349), 995.48 MiB | 2.03 MiB/s
Writing objects:  77% (269/349), 995.48 MiB | 2.03 MiB/s
Writing objects:  78% (273/349), 995.48 MiB | 2.03 MiB/s
Writing objects:  79% (276/349), 995.48 MiB | 2.03 MiB/s
Writing objects:  80% (280/349), 995.48 MiB | 2.03 MiB/s
Writing objects:  81% (283/349), 995.48 MiB | 2.03 MiB/s
Writing objects:  82% (287/349), 995.48 MiB | 2.03 MiB/s
Writing objects:  83% (290/349), 995.48 MiB | 2.03 MiB/s
Writing objects:  84% (294/349), 995.48 MiB | 2.03 MiB/s
Writing objects:  85% (297/349), 995.48 MiB | 2.03 MiB/s
Writing objects:  86% (301/349), 995.48 MiB | 2.03 MiB/s
Writing objects:  87% (304/349), 995.48 MiB | 2.03 MiB/s
Writing objects:  88% (308/349), 995.48 MiB | 2.03 MiB/s
Writing objects:  89% (311/349), 995.48 MiB | 2.03 MiB/s
Writing objects:  90% (315/349), 995.48 MiB | 2.03 MiB/s
Writing objects:  91% (318/349), 995.48 MiB | 2.03 MiB/s
Writing objects:  92% (322/349), 995.48 MiB | 2.03 MiB/s
Writing objects:  93% (325/349), 995.48 MiB | 2.03 MiB/s
Writing objects:  94% (329/349), 995.48 MiB | 2.03 MiB/s
Writing objects:  95% (332/349), 995.48 MiB | 2.03 MiB/s
Writing objects:  96% (336/349), 995.48 MiB | 2.03 MiB/s
Writing objects:  97% (339/349), 995.48 MiB | 2.03 MiB/s
Writing objects:  98% (343/349), 995.48 MiB | 2.03 MiB/s
Writing objects:  99% (346/349), 995.48 MiB | 2.03 MiB/s
Writing objects: 100% (349/349), 995.48 MiB | 2.03 MiB/s
Writing objects: 100% (349/349), 995.53 MiB | 3.03 MiB/s, done.
Total 349 (delta 188), reused 0 (delta 0), pack-reused 0 (from 0)
remote: Resolving deltas:   0% (0/188)        
remote: Resolving deltas:   1% (2/188)        
remote: Resolving deltas:   2% (4/188)        
remote: Resolving deltas:   3% (6/188)        
remote: Resolving deltas:   4% (8/188)        
remote: Resolving deltas:   5% (10/188)        
remote: Resolving deltas:   6% (12/188)        
remote: Resolving deltas:   7% (14/188)        
remote: Resolving deltas:   8% (16/188)        
remote: Resolving deltas:   9% (17/188)        
remote: Resolving deltas:  10% (19/188)        
remote: Resolving deltas:  11% (21/188)        
remote: Resolving deltas:  12% (23/188)        
remote: Resolving deltas:  13% (25/188)        
remote: Resolving deltas:  14% (27/188)        
remote: Resolving deltas:  15% (29/188)        
remote: Resolving deltas:  16% (31/188)        
remote: Resolving deltas:  17% (32/188)        
remote: Resolving deltas:  18% (34/188)        
remote: Resolving deltas:  19% (36/188)        
remote: Resolving deltas:  20% (38/188)        
remote: Resolving deltas:  21% (40/188)        
remote: Resolving deltas:  22% (42/188)        
remote: Resolving deltas:  23% (44/188)        
remote: Resolving deltas:  24% (46/188)        
remote: Resolving deltas:  25% (47/188)        
remote: Resolving deltas:  26% (49/188)        
remote: Resolving deltas:  27% (51/188)        
remote: Resolving deltas:  28% (53/188)        
remote: Resolving deltas:  29% (55/188)        
remote: Resolving deltas:  30% (57/188)        
remote: Resolving deltas:  31% (59/188)        
remote: Resolving deltas:  32% (61/188)        
remote: Resolving deltas:  33% (63/188)        
remote: Resolving deltas:  34% (64/188)        
remote: Resolving deltas:  35% (66/188)        
remote: Resolving deltas:  36% (68/188)        
remote: Resolving deltas:  37% (70/188)        
remote: Resolving deltas:  38% (72/188)        
remote: Resolving deltas:  39% (74/188)        
remote: Resolving deltas:  40% (76/188)        
remote: Resolving deltas:  41% (78/188)        
remote: Resolving deltas:  42% (79/188)        
remote: Resolving deltas:  43% (81/188)        
remote: Resolving deltas:  44% (83/188)        
remote: Resolving deltas:  45% (85/188)        
remote: Resolving deltas:  46% (87/188)        
remote: Resolving deltas:  47% (89/188)        
remote: Resolving deltas:  48% (91/188)        
remote: Resolving deltas:  49% (93/188)        
remote: Resolving deltas:  50% (94/188)        
remote: Resolving deltas:  51% (96/188)        
remote: Resolving deltas:  52% (98/188)        
remote: Resolving deltas:  53% (100/188)        
remote: Resolving deltas:  54% (102/188)        
remote: Resolving deltas:  55% (104/188)        
remote: Resolving deltas:  56% (106/188)        
remote: Resolving deltas:  57% (108/188)        
remote: Resolving deltas:  58% (110/188)        
remote: Resolving deltas:  59% (111/188)        
remote: Resolving deltas:  60% (113/188)        
remote: Resolving deltas:  61% (115/188)        
remote: Resolving deltas:  62% (117/188)        
remote: Resolving deltas:  63% (119/188)        
remote: Resolving deltas:  64% (121/188)        
remote: Resolving deltas:  65% (123/188)        
remote: Resolving deltas:  66% (125/188)        
remote: Resolving deltas:  67% (126/188)        
remote: Resolving deltas:  68% (128/188)        
remote: Resolving deltas:  69% (130/188)        
remote: Resolving deltas:  70% (132/188)        
remote: Resolving deltas:  71% (134/188)        
remote: Resolving deltas:  72% (136/188)        
remote: Resolving deltas:  73% (138/188)        
remote: Resolving deltas:  74% (140/188)        
remote: Resolving deltas:  75% (141/188)        
remote: Resolving deltas:  76% (143/188)        
remote: Resolving deltas:  77% (145/188)        
remote: Resolving deltas:  78% (147/188)        
remote: Resolving deltas:  79% (149/188)        
remote: Resolving deltas:  80% (151/188)        
remote: Resolving deltas:  81% (153/188)        
remote: Resolving deltas:  82% (155/188)        
remote: Resolving deltas:  83% (157/188)        
remote: Resolving deltas:  84% (158/188)        
remote: Resolving deltas:  85% (160/188)        
remote: Resolving deltas:  86% (162/188)        
remote: Resolving deltas:  87% (164/188)        
remote: Resolving deltas:  88% (166/188)        
remote: Resolving deltas:  89% (168/188)        
remote: Resolving deltas:  90% (170/188)        
remote: Resolving deltas:  91% (172/188)        
remote: Resolving deltas:  92% (173/188)        
remote: Resolving deltas:  93% (175/188)        
remote: Resolving deltas:  94% (177/188)        
remote: Resolving deltas:  95% (179/188)        
remote: Resolving deltas:  96% (181/188)        
remote: Resolving deltas:  97% (183/188)        
remote: Resolving deltas:  98% (185/188)        
remote: Resolving deltas:  99% (187/188)        
remote: Resolving deltas: 100% (188/188)        
remote: Resolving deltas: 100% (188/188), completed with 9 local objects.        
To https://github.com/A-lan-Z/Token-Reconstruction-Research.git
 	2a3b31ab7c6ae84c7ff4deea1bb30630ce6271a1:refs/heads/task/TRR-0020	ef92028..2a3b31a
Done
