Enumerating objects: 305, done.
Counting objects:   0% (1/305)
Counting objects:   1% (4/305)
Counting objects:   2% (7/305)
Counting objects:   3% (10/305)
Counting objects:   4% (13/305)
Counting objects:   5% (16/305)
Counting objects:   6% (19/305)
Counting objects:   7% (22/305)
Counting objects:   8% (25/305)
Counting objects:   9% (28/305)
Counting objects:  10% (31/305)
Counting objects:  11% (34/305)
Counting objects:  12% (37/305)
Counting objects:  13% (40/305)
Counting objects:  14% (43/305)
Counting objects:  15% (46/305)
Counting objects:  16% (49/305)
Counting objects:  17% (52/305)
Counting objects:  18% (55/305)
Counting objects:  19% (58/305)
Counting objects:  20% (61/305)
Counting objects:  21% (65/305)
Counting objects:  22% (68/305)
Counting objects:  23% (71/305)
Counting objects:  24% (74/305)
Counting objects:  25% (77/305)
Counting objects:  26% (80/305)
Counting objects:  27% (83/305)
Counting objects:  28% (86/305)
Counting objects:  29% (89/305)
Counting objects:  30% (92/305)
Counting objects:  31% (95/305)
Counting objects:  32% (98/305)
Counting objects:  33% (101/305)
Counting objects:  34% (104/305)
Counting objects:  35% (107/305)
Counting objects:  36% (110/305)
Counting objects:  37% (113/305)
Counting objects:  38% (116/305)
Counting objects:  39% (119/305)
Counting objects:  40% (122/305)
Counting objects:  41% (126/305)
Counting objects:  42% (129/305)
Counting objects:  43% (132/305)
Counting objects:  44% (135/305)
Counting objects:  45% (138/305)
Counting objects:  46% (141/305)
Counting objects:  47% (144/305)
Counting objects:  48% (147/305)
Counting objects:  49% (150/305)
Counting objects:  50% (153/305)
Counting objects:  51% (156/305)
Counting objects:  52% (159/305)
Counting objects:  53% (162/305)
Counting objects:  54% (165/305)
Counting objects:  55% (168/305)
Counting objects:  56% (171/305)
Counting objects:  57% (174/305)
Counting objects:  58% (177/305)
Counting objects:  59% (180/305)
Counting objects:  60% (183/305)
Counting objects:  61% (187/305)
Counting objects:  62% (190/305)
Counting objects:  63% (193/305)
Counting objects:  64% (196/305)
Counting objects:  65% (199/305)
Counting objects:  66% (202/305)
Counting objects:  67% (205/305)
Counting objects:  68% (208/305)
Counting objects:  69% (211/305)
Counting objects:  70% (214/305)
Counting objects:  71% (217/305)
Counting objects:  72% (220/305)
Counting objects:  73% (223/305)
Counting objects:  74% (226/305)
Counting objects:  75% (229/305)
Counting objects:  76% (232/305)
Counting objects:  77% (235/305)
Counting objects:  78% (238/305)
Counting objects:  79% (241/305)
Counting objects:  80% (244/305)
Counting objects:  81% (248/305)
Counting objects:  82% (251/305)
Counting objects:  83% (254/305)
Counting objects:  84% (257/305)
Counting objects:  85% (260/305)
Counting objects:  86% (263/305)
Counting objects:  87% (266/305)
Counting objects:  88% (269/305)
Counting objects:  89% (272/305)
Counting objects:  90% (275/305)
Counting objects:  91% (278/305)
Counting objects:  92% (281/305)
Counting objects:  93% (284/305)
Counting objects:  94% (287/305)
Counting objects:  95% (290/305)
Counting objects:  96% (293/305)
Counting objects:  97% (296/305)
Counting objects:  98% (299/305)
Counting objects:  99% (302/305)
Counting objects: 100% (305/305)
Counting objects: 100% (305/305), done.
Delta compression using up to 2 threads
Compressing objects:   0% (1/140)
Compressing objects:   1% (2/140)
Compressing objects:   2% (3/140)
Compressing objects:   3% (5/140)
Compressing objects:   4% (6/140)
Compressing objects:   5% (7/140)
Compressing objects:   6% (9/140)
Compressing objects:   7% (10/140)
Compressing objects:   8% (12/140)
Compressing objects:   9% (13/140)
Compressing objects:  10% (14/140)
Compressing objects:  11% (16/140)
Compressing objects:  12% (17/140)
Compressing objects:  13% (19/140)
Compressing objects:  14% (20/140)
Compressing objects:  15% (21/140)
Compressing objects:  16% (23/140)
Compressing objects:  17% (24/140)
Compressing objects:  18% (26/140)
Compressing objects:  19% (27/140)
Compressing objects:  20% (28/140)
Compressing objects:  21% (30/140)
Compressing objects:  22% (31/140)
Compressing objects:  23% (33/140)
Compressing objects:  24% (34/140)
Compressing objects:  25% (35/140)
Compressing objects:  26% (37/140)
Compressing objects:  27% (38/140)
Compressing objects:  28% (40/140)
Compressing objects:  29% (41/140)
Compressing objects:  30% (42/140)
Compressing objects:  31% (44/140)
Compressing objects:  32% (45/140)
Compressing objects:  33% (47/140)
Compressing objects:  34% (48/140)
Compressing objects:  35% (49/140)
Compressing objects:  36% (51/140)
Compressing objects:  37% (52/140)
Compressing objects:  38% (54/140)
Compressing objects:  39% (55/140)
Compressing objects:  40% (56/140)
Compressing objects:  41% (58/140)
Compressing objects:  42% (59/140)
Compressing objects:  43% (61/140)
Compressing objects:  44% (62/140)
Compressing objects:  45% (63/140)
Compressing objects:  46% (65/140)
Compressing objects:  47% (66/140)
Compressing objects:  48% (68/140)
Compressing objects:  49% (69/140)
Compressing objects:  50% (70/140)
Compressing objects:  51% (72/140)
Compressing objects:  52% (73/140)
Compressing objects:  53% (75/140)
Compressing objects:  54% (76/140)
Compressing objects:  55% (77/140)
Compressing objects:  56% (79/140)
Compressing objects:  57% (80/140)
Compressing objects:  58% (82/140)
Compressing objects:  59% (83/140)
Compressing objects:  60% (84/140)
Compressing objects:  61% (86/140)
Compressing objects:  62% (87/140)
Compressing objects:  63% (89/140)
Compressing objects:  64% (90/140)
Compressing objects:  65% (91/140)
Compressing objects:  66% (93/140)
Compressing objects:  67% (94/140)
Compressing objects:  68% (96/140)
Compressing objects:  69% (97/140)
Compressing objects:  70% (98/140)
Compressing objects:  71% (100/140)
Compressing objects:  72% (101/140)
Compressing objects:  73% (103/140)
Compressing objects:  74% (104/140)
Compressing objects:  75% (105/140)
Compressing objects:  76% (107/140)
Compressing objects:  77% (108/140)
Compressing objects:  78% (110/140)
Compressing objects:  79% (111/140)
Compressing objects:  80% (112/140)
Compressing objects:  81% (114/140)
Compressing objects:  82% (115/140)
Compressing objects:  83% (117/140)
Compressing objects:  84% (118/140)
Compressing objects:  85% (119/140)
Compressing objects:  86% (121/140)
Compressing objects:  87% (122/140)
Compressing objects:  88% (124/140)
Compressing objects:  89% (125/140)
Compressing objects:  90% (126/140)
Compressing objects:  91% (128/140)
Compressing objects:  92% (129/140)
Compressing objects:  93% (131/140)
Compressing objects:  94% (132/140)
Compressing objects:  95% (133/140)
Compressing objects:  96% (135/140)
Compressing objects:  97% (136/140)
Compressing objects:  98% (138/140)
Compressing objects:  99% (139/140)
Compressing objects: 100% (140/140)
Compressing objects: 100% (140/140), done.
Writing objects:   0% (1/290)
Writing objects:   1% (3/290)
Writing objects:   2% (6/290)
Writing objects:   3% (9/290)
Writing objects:   4% (12/290)
Writing objects:   5% (15/290)
Writing objects:   6% (18/290)
Writing objects:   7% (21/290)
Writing objects:   8% (24/290)
Writing objects:   9% (27/290)
Writing objects:  10% (29/290)
Writing objects:  11% (32/290)
Writing objects:  12% (35/290)
Writing objects:  13% (38/290)
Writing objects:  14% (41/290)
Writing objects:  15% (44/290)
Writing objects:  16% (47/290)
Writing objects:  17% (50/290)
Writing objects:  18% (53/290)
Writing objects:  19% (56/290)
Writing objects:  20% (58/290)
Writing objects:  21% (61/290)
Writing objects:  22% (64/290)
Writing objects:  23% (67/290)
Writing objects:  24% (70/290)
Writing objects:  25% (73/290)
Writing objects:  26% (76/290)
Writing objects:  27% (79/290)
Writing objects:  28% (82/290)
Writing objects:  29% (85/290)
Writing objects:  30% (87/290)
Writing objects:  31% (90/290)
Writing objects:  32% (93/290)
Writing objects:  33% (96/290)
Writing objects:  34% (99/290)
Writing objects:  35% (102/290)
Writing objects:  36% (105/290)
Writing objects:  37% (108/290)
Writing objects:  38% (111/290)
Writing objects:  39% (114/290)
Writing objects:  40% (116/290)
Writing objects:  41% (119/290)
Writing objects:  42% (122/290)
Writing objects:  43% (125/290)
Writing objects:  44% (128/290)
Writing objects:  45% (131/290)
Writing objects:  46% (134/290)
Writing objects:  47% (137/290)
Writing objects:  48% (140/290)
Writing objects:  49% (143/290), 984.00 KiB | 1.01 MiB/s
Writing objects:  49% (144/290), 984.00 KiB | 1.01 MiB/s
Writing objects:  50% (145/290), 984.00 KiB | 1.01 MiB/s
Writing objects:  51% (148/290), 984.00 KiB | 1.01 MiB/s
Writing objects:  52% (152/290), 984.00 KiB | 1.01 MiB/s
Writing objects:  53% (154/290), 984.00 KiB | 1.01 MiB/s
Writing objects:  54% (157/290), 984.00 KiB | 1.01 MiB/s
Writing objects:  55% (160/290), 984.00 KiB | 1.01 MiB/s
Writing objects:  56% (163/290), 984.00 KiB | 1.01 MiB/s
Writing objects:  57% (166/290), 984.00 KiB | 1.01 MiB/s
Writing objects:  58% (169/290), 984.00 KiB | 1.01 MiB/s
Writing objects:  59% (172/290), 984.00 KiB | 1.01 MiB/s
Writing objects:  60% (174/290), 984.00 KiB | 1.01 MiB/s
Writing objects:  61% (177/290), 984.00 KiB | 1.01 MiB/s
Writing objects:  62% (180/290), 984.00 KiB | 1.01 MiB/s
Writing objects:  63% (183/290), 984.00 KiB | 1.01 MiB/s
Writing objects:  64% (186/290), 984.00 KiB | 1.01 MiB/s
Writing objects:  65% (189/290), 984.00 KiB | 1.01 MiB/s
Writing objects:  66% (192/290), 984.00 KiB | 1.01 MiB/s
Writing objects:  67% (195/290), 984.00 KiB | 1.01 MiB/s
Writing objects:  68% (198/290), 984.00 KiB | 1.01 MiB/s
Writing objects:  69% (201/290), 984.00 KiB | 1.01 MiB/s
Writing objects:  70% (203/290), 984.00 KiB | 1.01 MiB/s
Writing objects:  71% (206/290), 984.00 KiB | 1.01 MiB/s
Writing objects:  72% (209/290), 984.00 KiB | 1.01 MiB/s
Writing objects:  73% (212/290), 984.00 KiB | 1.01 MiB/s
Writing objects:  74% (215/290), 984.00 KiB | 1.01 MiB/s
Writing objects:  75% (218/290), 984.00 KiB | 1.01 MiB/s
Writing objects:  76% (221/290), 984.00 KiB | 1.01 MiB/s
Writing objects:  77% (224/290), 984.00 KiB | 1.01 MiB/s
Writing objects:  78% (227/290), 984.00 KiB | 1.01 MiB/s
Writing objects:  79% (230/290), 984.00 KiB | 1.01 MiB/s
Writing objects:  80% (232/290), 984.00 KiB | 1.01 MiB/s
Writing objects:  81% (235/290), 984.00 KiB | 1.01 MiB/s
Writing objects:  82% (238/290), 984.00 KiB | 1.01 MiB/s
Writing objects:  83% (241/290), 984.00 KiB | 1.01 MiB/s
Writing objects:  84% (244/290), 984.00 KiB | 1.01 MiB/s
Writing objects:  85% (247/290), 984.00 KiB | 1.01 MiB/s
Writing objects:  86% (250/290), 984.00 KiB | 1.01 MiB/s
Writing objects:  87% (253/290), 984.00 KiB | 1.01 MiB/s
Writing objects:  88% (256/290), 984.00 KiB | 1.01 MiB/s
Writing objects:  89% (259/290), 984.00 KiB | 1.01 MiB/s
Writing objects:  90% (261/290), 984.00 KiB | 1.01 MiB/s
Writing objects:  91% (264/290), 984.00 KiB | 1.01 MiB/s
Writing objects:  92% (267/290), 984.00 KiB | 1.01 MiB/s
Writing objects:  93% (270/290), 984.00 KiB | 1.01 MiB/s
Writing objects:  94% (273/290), 984.00 KiB | 1.01 MiB/s
Writing objects:  95% (276/290), 984.00 KiB | 1.01 MiB/s
Writing objects:  96% (279/290), 984.00 KiB | 1.01 MiB/s
Writing objects:  97% (282/290), 984.00 KiB | 1.01 MiB/s
Writing objects:  98% (285/290), 984.00 KiB | 1.01 MiB/s
Writing objects:  99% (288/290), 984.00 KiB | 1.01 MiB/s
Writing objects: 100% (290/290), 984.00 KiB | 1.01 MiB/s
Writing objects: 100% (290/290), 1.29 MiB | 1.12 MiB/s, done.
Total 290 (delta 138), reused 277 (delta 128), pack-reused 0 (from 0)
remote: Resolving deltas:   0% (0/138)        
remote: Resolving deltas:   1% (2/138)        
remote: Resolving deltas:   2% (3/138)        
remote: Resolving deltas:   3% (5/138)        
remote: Resolving deltas:   4% (6/138)        
remote: Resolving deltas:   5% (7/138)        
remote: Resolving deltas:   6% (9/138)        
remote: Resolving deltas:   7% (10/138)        
remote: Resolving deltas:   8% (12/138)        
remote: Resolving deltas:   9% (13/138)        
remote: Resolving deltas:  10% (14/138)        
remote: Resolving deltas:  11% (16/138)        
remote: Resolving deltas:  12% (17/138)        
remote: Resolving deltas:  13% (18/138)        
remote: Resolving deltas:  14% (20/138)        
remote: Resolving deltas:  15% (21/138)        
remote: Resolving deltas:  16% (23/138)        
remote: Resolving deltas:  17% (24/138)        
remote: Resolving deltas:  18% (25/138)        
remote: Resolving deltas:  19% (27/138)        
remote: Resolving deltas:  20% (28/138)        
remote: Resolving deltas:  21% (29/138)        
remote: Resolving deltas:  22% (31/138)        
remote: Resolving deltas:  23% (32/138)        
remote: Resolving deltas:  24% (34/138)        
remote: Resolving deltas:  25% (35/138)        
remote: Resolving deltas:  26% (36/138)        
remote: Resolving deltas:  27% (38/138)        
remote: Resolving deltas:  28% (39/138)        
remote: Resolving deltas:  29% (41/138)        
remote: Resolving deltas:  30% (42/138)        
remote: Resolving deltas:  31% (43/138)        
remote: Resolving deltas:  32% (45/138)        
remote: Resolving deltas:  33% (46/138)        
remote: Resolving deltas:  34% (47/138)        
remote: Resolving deltas:  35% (49/138)        
remote: Resolving deltas:  36% (50/138)        
remote: Resolving deltas:  37% (52/138)        
remote: Resolving deltas:  38% (53/138)        
remote: Resolving deltas:  39% (54/138)        
remote: Resolving deltas:  40% (56/138)        
remote: Resolving deltas:  41% (57/138)        
remote: Resolving deltas:  42% (58/138)        
remote: Resolving deltas:  43% (60/138)        
remote: Resolving deltas:  44% (61/138)        
remote: Resolving deltas:  45% (63/138)        
remote: Resolving deltas:  46% (64/138)        
remote: Resolving deltas:  47% (65/138)        
remote: Resolving deltas:  48% (67/138)        
remote: Resolving deltas:  49% (68/138)        
remote: Resolving deltas:  50% (69/138)        
remote: Resolving deltas:  51% (71/138)        
remote: Resolving deltas:  52% (72/138)        
remote: Resolving deltas:  53% (74/138)        
remote: Resolving deltas:  54% (75/138)        
remote: Resolving deltas:  55% (76/138)        
remote: Resolving deltas:  56% (78/138)        
remote: Resolving deltas:  57% (79/138)        
remote: Resolving deltas:  58% (81/138)        
remote: Resolving deltas:  59% (82/138)        
remote: Resolving deltas:  60% (83/138)        
remote: Resolving deltas:  61% (85/138)        
remote: Resolving deltas:  62% (86/138)        
remote: Resolving deltas:  63% (87/138)        
remote: Resolving deltas:  64% (89/138)        
remote: Resolving deltas:  65% (90/138)        
remote: Resolving deltas:  66% (92/138)        
remote: Resolving deltas:  67% (93/138)        
remote: Resolving deltas:  68% (94/138)        
remote: Resolving deltas:  69% (96/138)        
remote: Resolving deltas:  70% (97/138)        
remote: Resolving deltas:  71% (98/138)        
remote: Resolving deltas:  72% (100/138)        
remote: Resolving deltas:  73% (101/138)        
remote: Resolving deltas:  74% (103/138)        
remote: Resolving deltas:  75% (104/138)        
remote: Resolving deltas:  76% (105/138)        
remote: Resolving deltas:  77% (107/138)        
remote: Resolving deltas:  78% (108/138)        
remote: Resolving deltas:  79% (110/138)        
remote: Resolving deltas:  80% (111/138)        
remote: Resolving deltas:  81% (112/138)        
remote: Resolving deltas:  82% (114/138)        
remote: Resolving deltas:  83% (115/138)        
remote: Resolving deltas:  84% (116/138)        
remote: Resolving deltas:  85% (118/138)        
remote: Resolving deltas:  86% (119/138)        
remote: Resolving deltas:  87% (121/138)        
remote: Resolving deltas:  88% (122/138)        
remote: Resolving deltas:  89% (123/138)        
remote: Resolving deltas:  90% (125/138)        
remote: Resolving deltas:  91% (126/138)        
remote: Resolving deltas:  92% (127/138)        
remote: Resolving deltas:  93% (129/138)        
remote: Resolving deltas:  94% (130/138)        
remote: Resolving deltas:  95% (132/138)        
remote: Resolving deltas:  96% (133/138)        
remote: Resolving deltas:  97% (134/138)        
remote: Resolving deltas:  98% (136/138)        
remote: Resolving deltas:  99% (137/138)        
remote: Resolving deltas: 100% (138/138)        
remote: Resolving deltas: 100% (138/138), completed with 10 local objects.        
To https://github.com/A-lan-Z/Token-Reconstruction-Research.git
 	d4d3d9bcc068536ea6883ac329b666347eba64a1:refs/heads/task/TRR-P12	675b29d..d4d3d9b
Done
