Enumerating objects: 114, done.
Counting objects:   0% (1/114)
Counting objects:   1% (2/114)
Counting objects:   2% (3/114)
Counting objects:   3% (4/114)
Counting objects:   4% (5/114)
Counting objects:   5% (6/114)
Counting objects:   6% (7/114)
Counting objects:   7% (8/114)
Counting objects:   8% (10/114)
Counting objects:   9% (11/114)
Counting objects:  10% (12/114)
Counting objects:  11% (13/114)
Counting objects:  12% (14/114)
Counting objects:  13% (15/114)
Counting objects:  14% (16/114)
Counting objects:  15% (18/114)
Counting objects:  16% (19/114)
Counting objects:  17% (20/114)
Counting objects:  18% (21/114)
Counting objects:  19% (22/114)
Counting objects:  20% (23/114)
Counting objects:  21% (24/114)
Counting objects:  22% (26/114)
Counting objects:  23% (27/114)
Counting objects:  24% (28/114)
Counting objects:  25% (29/114)
Counting objects:  26% (30/114)
Counting objects:  27% (31/114)
Counting objects:  28% (32/114)
Counting objects:  29% (34/114)
Counting objects:  30% (35/114)
Counting objects:  31% (36/114)
Counting objects:  32% (37/114)
Counting objects:  33% (38/114)
Counting objects:  34% (39/114)
Counting objects:  35% (40/114)
Counting objects:  36% (42/114)
Counting objects:  37% (43/114)
Counting objects:  38% (44/114)
Counting objects:  39% (45/114)
Counting objects:  40% (46/114)
Counting objects:  41% (47/114)
Counting objects:  42% (48/114)
Counting objects:  43% (50/114)
Counting objects:  44% (51/114)
Counting objects:  45% (52/114)
Counting objects:  46% (53/114)
Counting objects:  47% (54/114)
Counting objects:  48% (55/114)
Counting objects:  49% (56/114)
Counting objects:  50% (57/114)
Counting objects:  51% (59/114)
Counting objects:  52% (60/114)
Counting objects:  53% (61/114)
Counting objects:  54% (62/114)
Counting objects:  55% (63/114)
Counting objects:  56% (64/114)
Counting objects:  57% (65/114)
Counting objects:  58% (67/114)
Counting objects:  59% (68/114)
Counting objects:  60% (69/114)
Counting objects:  61% (70/114)
Counting objects:  62% (71/114)
Counting objects:  63% (72/114)
Counting objects:  64% (73/114)
Counting objects:  65% (75/114)
Counting objects:  66% (76/114)
Counting objects:  67% (77/114)
Counting objects:  68% (78/114)
Counting objects:  69% (79/114)
Counting objects:  70% (80/114)
Counting objects:  71% (81/114)
Counting objects:  72% (83/114)
Counting objects:  73% (84/114)
Counting objects:  74% (85/114)
Counting objects:  75% (86/114)
Counting objects:  76% (87/114)
Counting objects:  77% (88/114)
Counting objects:  78% (89/114)
Counting objects:  79% (91/114)
Counting objects:  80% (92/114)
Counting objects:  81% (93/114)
Counting objects:  82% (94/114)
Counting objects:  83% (95/114)
Counting objects:  84% (96/114)
Counting objects:  85% (97/114)
Counting objects:  86% (99/114)
Counting objects:  87% (100/114)
Counting objects:  88% (101/114)
Counting objects:  89% (102/114)
Counting objects:  90% (103/114)
Counting objects:  91% (104/114)
Counting objects:  92% (105/114)
Counting objects:  93% (107/114)
Counting objects:  94% (108/114)
Counting objects:  95% (109/114)
Counting objects:  96% (110/114)
Counting objects:  97% (111/114)
Counting objects:  98% (112/114)
Counting objects:  99% (113/114)
Counting objects: 100% (114/114)
Counting objects: 100% (114/114), done.
Delta compression using up to 2 threads
Compressing objects:   1% (1/80)
Compressing objects:   2% (2/80)
Compressing objects:   3% (3/80)
Compressing objects:   5% (4/80)
Compressing objects:   6% (5/80)
Compressing objects:   7% (6/80)
Compressing objects:   8% (7/80)
Compressing objects:  10% (8/80)
Compressing objects:  11% (9/80)
Compressing objects:  12% (10/80)
Compressing objects:  13% (11/80)
Compressing objects:  15% (12/80)
Compressing objects:  16% (13/80)
Compressing objects:  17% (14/80)
Compressing objects:  18% (15/80)
Compressing objects:  20% (16/80)
Compressing objects:  21% (17/80)
Compressing objects:  22% (18/80)
Compressing objects:  23% (19/80)
Compressing objects:  25% (20/80)
Compressing objects:  26% (21/80)
Compressing objects:  27% (22/80)
Compressing objects:  28% (23/80)
Compressing objects:  30% (24/80)
Compressing objects:  31% (25/80)
Compressing objects:  32% (26/80)
Compressing objects:  33% (27/80)
Compressing objects:  35% (28/80)
Compressing objects:  36% (29/80)
Compressing objects:  37% (30/80)
Compressing objects:  38% (31/80)
Compressing objects:  40% (32/80)
Compressing objects:  41% (33/80)
Compressing objects:  42% (34/80)
Compressing objects:  43% (35/80)
Compressing objects:  45% (36/80)
Compressing objects:  46% (37/80)
Compressing objects:  47% (38/80)
Compressing objects:  48% (39/80)
Compressing objects:  50% (40/80)
Compressing objects:  51% (41/80)
Compressing objects:  52% (42/80)
Compressing objects:  53% (43/80)
Compressing objects:  55% (44/80)
Compressing objects:  56% (45/80)
Compressing objects:  57% (46/80)
Compressing objects:  58% (47/80)
Compressing objects:  60% (48/80)
Compressing objects:  61% (49/80)
Compressing objects:  62% (50/80)
Compressing objects:  63% (51/80)
Compressing objects:  65% (52/80)
Compressing objects:  66% (53/80)
Compressing objects:  67% (54/80)
Compressing objects:  68% (55/80)
Compressing objects:  70% (56/80)
Compressing objects:  71% (57/80)
Compressing objects:  72% (58/80)
Compressing objects:  73% (59/80)
Compressing objects:  75% (60/80)
Compressing objects:  76% (61/80)
Compressing objects:  77% (62/80)
Compressing objects:  78% (63/80)
Compressing objects:  80% (64/80)
Compressing objects:  81% (65/80)
Compressing objects:  82% (66/80)
Compressing objects:  83% (67/80)
Compressing objects:  85% (68/80)
Compressing objects:  86% (69/80)
Compressing objects:  87% (70/80)
Compressing objects:  88% (71/80)
Compressing objects:  90% (72/80)
Compressing objects:  91% (73/80)
Compressing objects:  92% (74/80)
Compressing objects:  93% (75/80)
Compressing objects:  95% (76/80)
Compressing objects:  96% (77/80)
Compressing objects:  97% (78/80)
Compressing objects:  98% (79/80)
Compressing objects: 100% (80/80)
Compressing objects: 100% (80/80), done.
Writing objects:   0% (1/104)
Writing objects:   1% (2/104)
Writing objects:   2% (3/104)
Writing objects:   3% (4/104)
Writing objects:   4% (5/104)
Writing objects:   5% (6/104)
Writing objects:   6% (7/104)
Writing objects:   7% (8/104)
Writing objects:   8% (9/104)
Writing objects:   9% (10/104)
Writing objects:  10% (11/104)
Writing objects:  11% (12/104)
Writing objects:  12% (13/104)
Writing objects:  13% (14/104)
Writing objects:  14% (15/104)
Writing objects:  15% (16/104)
Writing objects:  16% (17/104)
Writing objects:  17% (18/104)
Writing objects:  18% (19/104)
Writing objects:  19% (20/104)
Writing objects:  20% (21/104)
Writing objects:  21% (22/104)
Writing objects:  22% (23/104)
Writing objects:  23% (24/104)
Writing objects:  24% (25/104)
Writing objects:  25% (26/104)
Writing objects:  25% (27/104), 2.44 MiB | 1.84 MiB/s
Writing objects:  25% (27/104), 6.95 MiB | 2.97 MiB/s
Writing objects:  25% (27/104), 9.12 MiB | 2.72 MiB/s
Writing objects:  25% (27/104), 11.60 MiB | 2.66 MiB/s
Writing objects:  25% (27/104), 15.53 MiB | 3.20 MiB/s
Writing objects:  25% (27/104), 19.86 MiB | 3.41 MiB/s
Writing objects:  25% (27/104), 23.33 MiB | 3.36 MiB/s
Writing objects:  25% (27/104), 26.46 MiB | 3.58 MiB/s
Writing objects:  25% (27/104), 30.02 MiB | 3.66 MiB/s
Writing objects:  25% (27/104), 33.65 MiB | 3.39 MiB/s
Writing objects:  25% (27/104), 36.81 MiB | 3.37 MiB/s
Writing objects:  25% (27/104), 40.08 MiB | 3.36 MiB/s
Writing objects:  25% (27/104), 44.77 MiB | 3.61 MiB/s
Writing objects:  25% (27/104), 47.60 MiB | 3.49 MiB/s
Writing objects:  25% (27/104), 49.40 MiB | 3.05 MiB/s
Writing objects:  25% (27/104), 52.22 MiB | 3.07 MiB/s
Writing objects:  25% (27/104), 56.72 MiB | 3.21 MiB/s
Writing objects:  25% (27/104), 60.21 MiB | 2.96 MiB/s
Writing objects:  25% (27/104), 63.06 MiB | 3.22 MiB/s
Writing objects:  26% (28/104), 63.06 MiB | 3.22 MiB/s
Writing objects:  26% (28/104), 67.69 MiB | 3.76 MiB/s
Writing objects:  26% (28/104), 71.73 MiB | 3.85 MiB/s
Writing objects:  26% (28/104), 75.48 MiB | 3.63 MiB/s
Writing objects:  26% (28/104), 79.48 MiB | 3.97 MiB/s
Writing objects:  26% (28/104), 82.63 MiB | 3.85 MiB/s
Writing objects:  26% (28/104), 87.26 MiB | 3.78 MiB/s
Writing objects:  26% (28/104), 90.35 MiB | 3.73 MiB/s
Writing objects:  26% (28/104), 94.20 MiB | 3.61 MiB/s
Writing objects:  26% (28/104), 99.26 MiB | 4.05 MiB/s
Writing objects:  26% (28/104), 103.59 MiB | 4.16 MiB/s
Writing objects:  26% (28/104), 106.58 MiB | 3.92 MiB/s
Writing objects:  26% (28/104), 110.63 MiB | 4.08 MiB/s
Writing objects:  26% (28/104), 115.52 MiB | 4.13 MiB/s
Writing objects:  26% (28/104), 119.18 MiB | 3.85 MiB/s
Writing objects:  26% (28/104), 123.43 MiB | 4.05 MiB/s
Writing objects:  26% (28/104), 126.27 MiB | 3.94 MiB/s
Writing objects:  27% (29/104), 127.98 MiB | 3.82 MiB/s
Writing objects:  27% (29/104), 130.01 MiB | 3.67 MiB/s
Writing objects:  27% (29/104), 133.40 MiB | 3.56 MiB/s
Writing objects:  27% (29/104), 137.01 MiB | 3.44 MiB/s
Writing objects:  27% (29/104), 141.81 MiB | 3.78 MiB/s
Writing objects:  27% (29/104), 144.77 MiB | 3.70 MiB/s
Writing objects:  27% (29/104), 146.27 MiB | 3.14 MiB/s
Writing objects:  27% (29/104), 148.27 MiB | 2.92 MiB/s
Writing objects:  27% (29/104), 151.93 MiB | 2.73 MiB/s
Writing objects:  27% (29/104), 156.66 MiB | 2.94 MiB/s
Writing objects:  27% (29/104), 160.05 MiB | 3.19 MiB/s
Writing objects:  27% (29/104), 164.48 MiB | 3.83 MiB/s
Writing objects:  27% (29/104), 167.91 MiB | 3.97 MiB/s
Writing objects:  27% (29/104), 170.70 MiB | 3.58 MiB/s
Writing objects:  27% (29/104), 175.19 MiB | 3.74 MiB/s
Writing objects:  28% (30/104), 175.19 MiB | 3.74 MiB/s
Writing objects:  30% (32/104), 175.19 MiB | 3.74 MiB/s
Writing objects:  32% (34/104), 175.19 MiB | 3.74 MiB/s
Writing objects:  33% (35/104), 175.19 MiB | 3.74 MiB/s
Writing objects:  34% (36/104), 175.19 MiB | 3.74 MiB/s
Writing objects:  35% (37/104), 175.19 MiB | 3.74 MiB/s
Writing objects:  36% (38/104), 175.19 MiB | 3.74 MiB/s
Writing objects:  37% (39/104), 175.19 MiB | 3.74 MiB/s
Writing objects:  38% (40/104), 175.19 MiB | 3.74 MiB/s
Writing objects:  39% (41/104), 175.19 MiB | 3.74 MiB/s
Writing objects:  40% (42/104), 175.19 MiB | 3.74 MiB/s
Writing objects:  41% (43/104), 175.19 MiB | 3.74 MiB/s
Writing objects:  42% (44/104), 175.19 MiB | 3.74 MiB/s
Writing objects:  43% (45/104), 175.19 MiB | 3.74 MiB/s
Writing objects:  45% (47/104), 175.19 MiB | 3.74 MiB/s
Writing objects:  46% (48/104), 175.19 MiB | 3.74 MiB/s
Writing objects:  47% (49/104), 175.19 MiB | 3.74 MiB/s
Writing objects:  48% (50/104), 175.19 MiB | 3.74 MiB/s
Writing objects:  49% (51/104), 175.19 MiB | 3.74 MiB/s
Writing objects:  50% (52/104), 177.51 MiB | 3.85 MiB/s
Writing objects:  51% (54/104), 177.51 MiB | 3.85 MiB/s
Writing objects:  52% (55/104), 177.51 MiB | 3.85 MiB/s
Writing objects:  53% (56/104), 177.51 MiB | 3.85 MiB/s
Writing objects:  54% (57/104), 177.51 MiB | 3.85 MiB/s
Writing objects:  55% (58/104), 177.51 MiB | 3.85 MiB/s
Writing objects:  56% (59/104), 177.51 MiB | 3.85 MiB/s
Writing objects:  57% (60/104), 177.51 MiB | 3.85 MiB/s
Writing objects:  58% (61/104), 177.51 MiB | 3.85 MiB/s
Writing objects:  59% (62/104), 177.51 MiB | 3.85 MiB/s
Writing objects:  60% (63/104), 177.51 MiB | 3.85 MiB/s
Writing objects:  61% (64/104), 177.51 MiB | 3.85 MiB/s
Writing objects:  62% (65/104), 177.51 MiB | 3.85 MiB/s
Writing objects:  63% (66/104), 177.51 MiB | 3.85 MiB/s
Writing objects:  64% (67/104), 177.51 MiB | 3.85 MiB/s
Writing objects:  65% (68/104), 177.51 MiB | 3.85 MiB/s
Writing objects:  66% (69/104), 177.51 MiB | 3.85 MiB/s
Writing objects:  67% (70/104), 177.51 MiB | 3.85 MiB/s
Writing objects:  68% (71/104), 177.51 MiB | 3.85 MiB/s
Writing objects:  69% (72/104), 177.51 MiB | 3.85 MiB/s
Writing objects:  70% (73/104), 177.51 MiB | 3.85 MiB/s
Writing objects:  71% (74/104), 177.51 MiB | 3.85 MiB/s
Writing objects:  72% (75/104), 177.51 MiB | 3.85 MiB/s
Writing objects:  73% (76/104), 177.51 MiB | 3.85 MiB/s
Writing objects:  74% (77/104), 177.51 MiB | 3.85 MiB/s
Writing objects:  75% (78/104), 177.51 MiB | 3.85 MiB/s
Writing objects:  76% (80/104), 177.51 MiB | 3.85 MiB/s
Writing objects:  77% (81/104), 177.51 MiB | 3.85 MiB/s
Writing objects:  78% (82/104), 177.51 MiB | 3.85 MiB/s
Writing objects:  79% (83/104), 177.51 MiB | 3.85 MiB/s
Writing objects:  80% (84/104), 177.51 MiB | 3.85 MiB/s
Writing objects:  81% (85/104), 177.51 MiB | 3.85 MiB/s
Writing objects:  82% (86/104), 177.51 MiB | 3.85 MiB/s
Writing objects:  83% (87/104), 177.51 MiB | 3.85 MiB/s
Writing objects:  84% (88/104), 177.51 MiB | 3.85 MiB/s
Writing objects:  85% (89/104), 177.51 MiB | 3.85 MiB/s
Writing objects:  86% (90/104), 177.51 MiB | 3.85 MiB/s
Writing objects:  87% (91/104), 177.51 MiB | 3.85 MiB/s
Writing objects:  88% (92/104), 177.51 MiB | 3.85 MiB/s
Writing objects:  89% (93/104), 177.51 MiB | 3.85 MiB/s
Writing objects:  90% (94/104), 177.51 MiB | 3.85 MiB/s
Writing objects:  91% (95/104), 177.51 MiB | 3.85 MiB/s
Writing objects:  92% (96/104), 177.51 MiB | 3.85 MiB/s
Writing objects:  93% (97/104), 177.51 MiB | 3.85 MiB/s
Writing objects:  94% (98/104), 177.51 MiB | 3.85 MiB/s
Writing objects:  95% (99/104), 177.51 MiB | 3.85 MiB/s
Writing objects:  96% (100/104), 177.51 MiB | 3.85 MiB/s
Writing objects:  97% (101/104), 177.51 MiB | 3.85 MiB/s
Writing objects:  98% (102/104), 177.51 MiB | 3.85 MiB/s
Writing objects:  99% (103/104), 177.51 MiB | 3.85 MiB/s
Writing objects: 100% (104/104), 177.51 MiB | 3.85 MiB/s
Writing objects: 100% (104/104), 177.60 MiB | 3.53 MiB/s, done.
Total 104 (delta 48), reused 73 (delta 21), pack-reused 0 (from 0)
remote: Resolving deltas:   0% (0/48)        
remote: Resolving deltas:   2% (1/48)        
remote: Resolving deltas:   4% (2/48)        
remote: Resolving deltas:   6% (3/48)        
remote: Resolving deltas:   8% (4/48)        
remote: Resolving deltas:  10% (5/48)        
remote: Resolving deltas:  12% (6/48)        
remote: Resolving deltas:  14% (7/48)        
remote: Resolving deltas:  16% (8/48)        
remote: Resolving deltas:  18% (9/48)        
remote: Resolving deltas:  20% (10/48)        
remote: Resolving deltas:  22% (11/48)        
remote: Resolving deltas:  25% (12/48)        
remote: Resolving deltas:  27% (13/48)        
remote: Resolving deltas:  29% (14/48)        
remote: Resolving deltas:  31% (15/48)        
remote: Resolving deltas:  33% (16/48)        
remote: Resolving deltas:  35% (17/48)        
remote: Resolving deltas:  37% (18/48)        
remote: Resolving deltas:  39% (19/48)        
remote: Resolving deltas:  41% (20/48)        
remote: Resolving deltas:  43% (21/48)        
remote: Resolving deltas:  45% (22/48)        
remote: Resolving deltas:  47% (23/48)        
remote: Resolving deltas:  50% (24/48)        
remote: Resolving deltas:  52% (25/48)        
remote: Resolving deltas:  54% (26/48)        
remote: Resolving deltas:  56% (27/48)        
remote: Resolving deltas:  58% (28/48)        
remote: Resolving deltas:  60% (29/48)        
remote: Resolving deltas:  62% (30/48)        
remote: Resolving deltas:  64% (31/48)        
remote: Resolving deltas:  66% (32/48)        
remote: Resolving deltas:  68% (33/48)        
remote: Resolving deltas:  70% (34/48)        
remote: Resolving deltas:  72% (35/48)        
remote: Resolving deltas:  75% (36/48)        
remote: Resolving deltas:  77% (37/48)        
remote: Resolving deltas:  79% (38/48)        
remote: Resolving deltas:  81% (39/48)        
remote: Resolving deltas:  83% (40/48)        
remote: Resolving deltas:  85% (41/48)        
remote: Resolving deltas:  87% (42/48)        
remote: Resolving deltas:  89% (43/48)        
remote: Resolving deltas:  91% (44/48)        
remote: Resolving deltas:  93% (45/48)        
remote: Resolving deltas:  95% (46/48)        
remote: Resolving deltas:  97% (47/48)        
remote: Resolving deltas: 100% (48/48)        
remote: Resolving deltas: 100% (48/48), completed with 7 local objects.        
remote: warning: See https://gh.io/lfs for more information.        
remote: warning: File experiments/TRR-0019/artifacts/raw-01.zip is 64.19 MB; this is larger than GitHub's recommended maximum file size of 50.00 MB        
remote: warning: File experiments/TRR-0019/artifacts/raw-00.zip is 64.08 MB; this is larger than GitHub's recommended maximum file size of 50.00 MB        
remote: warning: GH001: Large files detected. You may want to try Git Large File Storage - https://git-lfs.github.com.        
remote: 
remote: Create a pull request for 'task/TRR-0019' on GitHub by visiting:        
remote:      https://github.com/A-lan-Z/Token-Reconstruction-Research/pull/new/task/TRR-0019        
remote: 
To https://github.com/A-lan-Z/Token-Reconstruction-Research.git
*	1f70d412f414cff635ee3b52309ec67ee2461195:refs/heads/task/TRR-0019	[new branch]
Done
