Enumerating objects: 71, done.
Counting objects:   1% (1/71)
Counting objects:   2% (2/71)
Counting objects:   4% (3/71)
Counting objects:   5% (4/71)
Counting objects:   7% (5/71)
Counting objects:   8% (6/71)
Counting objects:   9% (7/71)
Counting objects:  11% (8/71)
Counting objects:  12% (9/71)
Counting objects:  14% (10/71)
Counting objects:  15% (11/71)
Counting objects:  16% (12/71)
Counting objects:  18% (13/71)
Counting objects:  19% (14/71)
Counting objects:  21% (15/71)
Counting objects:  22% (16/71)
Counting objects:  23% (17/71)
Counting objects:  25% (18/71)
Counting objects:  26% (19/71)
Counting objects:  28% (20/71)
Counting objects:  29% (21/71)
Counting objects:  30% (22/71)
Counting objects:  32% (23/71)
Counting objects:  33% (24/71)
Counting objects:  35% (25/71)
Counting objects:  36% (26/71)
Counting objects:  38% (27/71)
Counting objects:  39% (28/71)
Counting objects:  40% (29/71)
Counting objects:  42% (30/71)
Counting objects:  43% (31/71)
Counting objects:  45% (32/71)
Counting objects:  46% (33/71)
Counting objects:  47% (34/71)
Counting objects:  49% (35/71)
Counting objects:  50% (36/71)
Counting objects:  52% (37/71)
Counting objects:  53% (38/71)
Counting objects:  54% (39/71)
Counting objects:  56% (40/71)
Counting objects:  57% (41/71)
Counting objects:  59% (42/71)
Counting objects:  60% (43/71)
Counting objects:  61% (44/71)
Counting objects:  63% (45/71)
Counting objects:  64% (46/71)
Counting objects:  66% (47/71)
Counting objects:  67% (48/71)
Counting objects:  69% (49/71)
Counting objects:  70% (50/71)
Counting objects:  71% (51/71)
Counting objects:  73% (52/71)
Counting objects:  74% (53/71)
Counting objects:  76% (54/71)
Counting objects:  77% (55/71)
Counting objects:  78% (56/71)
Counting objects:  80% (57/71)
Counting objects:  81% (58/71)
Counting objects:  83% (59/71)
Counting objects:  84% (60/71)
Counting objects:  85% (61/71)
Counting objects:  87% (62/71)
Counting objects:  88% (63/71)
Counting objects:  90% (64/71)
Counting objects:  91% (65/71)
Counting objects:  92% (66/71)
Counting objects:  94% (67/71)
Counting objects:  95% (68/71)
Counting objects:  97% (69/71)
Counting objects:  98% (70/71)
Counting objects: 100% (71/71)
Counting objects: 100% (71/71), done.
Delta compression using up to 2 threads
Compressing objects:   1% (1/55)
Compressing objects:   3% (2/55)
Compressing objects:   5% (3/55)
Compressing objects:   7% (4/55)
Compressing objects:   9% (5/55)
Compressing objects:  10% (6/55)
Compressing objects:  12% (7/55)
Compressing objects:  14% (8/55)
Compressing objects:  16% (9/55)
Compressing objects:  18% (10/55)
Compressing objects:  20% (11/55)
Compressing objects:  21% (12/55)
Compressing objects:  23% (13/55)
Compressing objects:  25% (14/55)
Compressing objects:  27% (15/55)
Compressing objects:  29% (16/55)
Compressing objects:  30% (17/55)
Compressing objects:  32% (18/55)
Compressing objects:  34% (19/55)
Compressing objects:  36% (20/55)
Compressing objects:  38% (21/55)
Compressing objects:  40% (22/55)
Compressing objects:  41% (23/55)
Compressing objects:  43% (24/55)
Compressing objects:  45% (25/55)
Compressing objects:  47% (26/55)
Compressing objects:  49% (27/55)
Compressing objects:  50% (28/55)
Compressing objects:  52% (29/55)
Compressing objects:  54% (30/55)
Compressing objects:  56% (31/55)
Compressing objects:  58% (32/55)
Compressing objects:  60% (33/55)
Compressing objects:  61% (34/55)
Compressing objects:  63% (35/55)
Compressing objects:  65% (36/55)
Compressing objects:  67% (37/55)
Compressing objects:  69% (38/55)
Compressing objects:  70% (39/55)
Compressing objects:  72% (40/55)
Compressing objects:  74% (41/55)
Compressing objects:  76% (42/55)
Compressing objects:  78% (43/55)
Compressing objects:  80% (44/55)
Compressing objects:  81% (45/55)
Compressing objects:  83% (46/55)
Compressing objects:  85% (47/55)
Compressing objects:  87% (48/55)
Compressing objects:  89% (49/55)
Compressing objects:  90% (50/55)
Compressing objects:  92% (51/55)
Compressing objects:  94% (52/55)
Compressing objects:  96% (53/55)
Compressing objects:  98% (54/55)
Compressing objects: 100% (55/55)
Compressing objects: 100% (55/55), done.
Writing objects:   1% (1/64)
Writing objects:   3% (2/64)
Writing objects:   4% (3/64)
Writing objects:   6% (4/64)
Writing objects:   7% (5/64)
Writing objects:   9% (6/64)
Writing objects:  10% (7/64)
Writing objects:  12% (8/64)
Writing objects:  14% (9/64)
Writing objects:  15% (10/64)
Writing objects:  17% (11/64)
Writing objects:  18% (12/64)
Writing objects:  20% (13/64)
Writing objects:  21% (14/64)
Writing objects:  23% (15/64)
Writing objects:  25% (16/64)
Writing objects:  26% (17/64)
Writing objects:  28% (18/64)
Writing objects:  29% (19/64)
Writing objects:  32% (21/64)
Writing objects:  34% (22/64)
Writing objects:  35% (23/64)
Writing objects:  37% (24/64)
Writing objects:  39% (25/64)
Writing objects:  40% (26/64)
Writing objects:  42% (27/64)
Writing objects:  43% (28/64)
Writing objects:  45% (29/64)
Writing objects:  46% (30/64)
Writing objects:  48% (31/64)
Writing objects:  50% (32/64)
Writing objects:  51% (33/64)
Writing objects:  53% (34/64)
Writing objects:  54% (35/64)
Writing objects:  56% (36/64)
Writing objects:  57% (37/64)
Writing objects:  60% (39/64)
Writing objects:  62% (40/64)
Writing objects:  64% (41/64)
Writing objects:  65% (42/64)
Writing objects:  67% (43/64)
Writing objects:  68% (44/64)
Writing objects:  70% (45/64)
Writing objects:  71% (46/64)
Writing objects:  73% (47/64)
Writing objects:  75% (48/64)
Writing objects:  76% (49/64)
Writing objects:  78% (50/64)
Writing objects:  79% (51/64)
Writing objects:  81% (52/64)
Writing objects:  82% (53/64)
Writing objects:  84% (54/64)
Writing objects:  85% (55/64)
Writing objects:  87% (56/64)
Writing objects:  89% (57/64)
Writing objects:  90% (58/64)
Writing objects:  92% (59/64)
Writing objects:  93% (60/64)
Writing objects:  95% (61/64)
Writing objects:  96% (62/64)
Writing objects:  98% (63/64)
Writing objects: 100% (64/64)
Writing objects: 100% (64/64), 137.23 KiB | 34.31 MiB/s, done.
Total 64 (delta 15), reused 57 (delta 9), pack-reused 0 (from 0)
remote: Resolving deltas:   0% (0/15)        
remote: Resolving deltas:   6% (1/15)        
remote: Resolving deltas:  13% (2/15)        
remote: Resolving deltas:  20% (3/15)        
remote: Resolving deltas:  26% (4/15)        
remote: Resolving deltas:  33% (5/15)        
remote: Resolving deltas:  40% (6/15)        
remote: Resolving deltas:  46% (7/15)        
remote: Resolving deltas:  53% (8/15)        
remote: Resolving deltas:  60% (9/15)        
remote: Resolving deltas:  66% (10/15)        
remote: Resolving deltas:  73% (11/15)        
remote: Resolving deltas:  80% (12/15)        
remote: Resolving deltas:  86% (13/15)        
remote: Resolving deltas:  93% (14/15)        
remote: Resolving deltas: 100% (15/15)        
remote: Resolving deltas: 100% (15/15), completed with 6 local objects.        
remote: 
remote: Create a pull request for 'task/agent4-joint-native-gate' on GitHub by visiting:        
remote:      https://github.com/A-lan-Z/Token-Reconstruction-Research/pull/new/task/agent4-joint-native-gate        
remote: 
To https://github.com/A-lan-Z/Token-Reconstruction-Research.git
*	6ce8a8be603fa805fc3edfe9618324fa5ccb50de:refs/heads/task/agent4-joint-native-gate	[new branch]
Done
