Enumerating objects: 198, done.
Counting objects:   0% (1/198)
Counting objects:   1% (2/198)
Counting objects:   2% (4/198)
Counting objects:   3% (6/198)
Counting objects:   4% (8/198)
Counting objects:   5% (10/198)
Counting objects:   6% (12/198)
Counting objects:   7% (14/198)
Counting objects:   8% (16/198)
Counting objects:   9% (18/198)
Counting objects:  10% (20/198)
Counting objects:  11% (22/198)
Counting objects:  12% (24/198)
Counting objects:  13% (26/198)
Counting objects:  14% (28/198)
Counting objects:  15% (30/198)
Counting objects:  16% (32/198)
Counting objects:  17% (34/198)
Counting objects:  18% (36/198)
Counting objects:  19% (38/198)
Counting objects:  20% (40/198)
Counting objects:  21% (42/198)
Counting objects:  22% (44/198)
Counting objects:  23% (46/198)
Counting objects:  24% (48/198)
Counting objects:  25% (50/198)
Counting objects:  26% (52/198)
Counting objects:  27% (54/198)
Counting objects:  28% (56/198)
Counting objects:  29% (58/198)
Counting objects:  30% (60/198)
Counting objects:  31% (62/198)
Counting objects:  32% (64/198)
Counting objects:  33% (66/198)
Counting objects:  34% (68/198)
Counting objects:  35% (70/198)
Counting objects:  36% (72/198)
Counting objects:  37% (74/198)
Counting objects:  38% (76/198)
Counting objects:  39% (78/198)
Counting objects:  40% (80/198)
Counting objects:  41% (82/198)
Counting objects:  42% (84/198)
Counting objects:  43% (86/198)
Counting objects:  44% (88/198)
Counting objects:  45% (90/198)
Counting objects:  46% (92/198)
Counting objects:  47% (94/198)
Counting objects:  48% (96/198)
Counting objects:  49% (98/198)
Counting objects:  50% (99/198)
Counting objects:  51% (101/198)
Counting objects:  52% (103/198)
Counting objects:  53% (105/198)
Counting objects:  54% (107/198)
Counting objects:  55% (109/198)
Counting objects:  56% (111/198)
Counting objects:  57% (113/198)
Counting objects:  58% (115/198)
Counting objects:  59% (117/198)
Counting objects:  60% (119/198)
Counting objects:  61% (121/198)
Counting objects:  62% (123/198)
Counting objects:  63% (125/198)
Counting objects:  64% (127/198)
Counting objects:  65% (129/198)
Counting objects:  66% (131/198)
Counting objects:  67% (133/198)
Counting objects:  68% (135/198)
Counting objects:  69% (137/198)
Counting objects:  70% (139/198)
Counting objects:  71% (141/198)
Counting objects:  72% (143/198)
Counting objects:  73% (145/198)
Counting objects:  74% (147/198)
Counting objects:  75% (149/198)
Counting objects:  76% (151/198)
Counting objects:  77% (153/198)
Counting objects:  78% (155/198)
Counting objects:  79% (157/198)
Counting objects:  80% (159/198)
Counting objects:  81% (161/198)
Counting objects:  82% (163/198)
Counting objects:  83% (165/198)
Counting objects:  84% (167/198)
Counting objects:  85% (169/198)
Counting objects:  86% (171/198)
Counting objects:  87% (173/198)
Counting objects:  88% (175/198)
Counting objects:  89% (177/198)
Counting objects:  90% (179/198)
Counting objects:  91% (181/198)
Counting objects:  92% (183/198)
Counting objects:  93% (185/198)
Counting objects:  94% (187/198)
Counting objects:  95% (189/198)
Counting objects:  96% (191/198)
Counting objects:  97% (193/198)
Counting objects:  98% (195/198)
Counting objects:  99% (197/198)
Counting objects: 100% (198/198)
Counting objects: 100% (198/198), done.
Delta compression using up to 2 threads
Compressing objects:   0% (1/187)
Compressing objects:   1% (2/187)
Compressing objects:   2% (4/187)
Compressing objects:   3% (6/187)
Compressing objects:   4% (8/187)
Compressing objects:   5% (10/187)
Compressing objects:   6% (12/187)
Compressing objects:   7% (14/187)
Compressing objects:   8% (15/187)
Compressing objects:   9% (17/187)
Compressing objects:  10% (19/187)
Compressing objects:  11% (21/187)
Compressing objects:  12% (23/187)
Compressing objects:  13% (25/187)
Compressing objects:  14% (27/187)
Compressing objects:  15% (29/187)
Compressing objects:  16% (30/187)
Compressing objects:  17% (32/187)
Compressing objects:  18% (34/187)
Compressing objects:  19% (36/187)
Compressing objects:  20% (38/187)
Compressing objects:  21% (40/187)
Compressing objects:  22% (42/187)
Compressing objects:  23% (44/187)
Compressing objects:  24% (45/187)
Compressing objects:  25% (47/187)
Compressing objects:  26% (49/187)
Compressing objects:  27% (51/187)
Compressing objects:  28% (53/187)
Compressing objects:  29% (55/187)
Compressing objects:  30% (57/187)
Compressing objects:  31% (58/187)
Compressing objects:  32% (60/187)
Compressing objects:  33% (62/187)
Compressing objects:  34% (64/187)
Compressing objects:  35% (66/187)
Compressing objects:  36% (68/187)
Compressing objects:  37% (70/187)
Compressing objects:  38% (72/187)
Compressing objects:  39% (73/187)
Compressing objects:  40% (75/187)
Compressing objects:  41% (77/187)
Compressing objects:  42% (79/187)
Compressing objects:  43% (81/187)
Compressing objects:  44% (83/187)
Compressing objects:  45% (85/187)
Compressing objects:  46% (87/187)
Compressing objects:  47% (88/187)
Compressing objects:  48% (90/187)
Compressing objects:  49% (92/187)
Compressing objects:  50% (94/187)
Compressing objects:  51% (96/187)
Compressing objects:  52% (98/187)
Compressing objects:  53% (100/187)
Compressing objects:  54% (101/187)
Compressing objects:  54% (102/187)
Compressing objects:  55% (103/187)
Compressing objects:  56% (105/187)
Compressing objects:  57% (107/187)
Compressing objects:  58% (109/187)
Compressing objects:  59% (111/187)
Compressing objects:  60% (113/187)
Compressing objects:  61% (115/187)
Compressing objects:  62% (116/187)
Compressing objects:  63% (118/187)
Compressing objects:  64% (120/187)
Compressing objects:  65% (122/187)
Compressing objects:  66% (124/187)
Compressing objects:  67% (126/187)
Compressing objects:  68% (128/187)
Compressing objects:  69% (130/187)
Compressing objects:  70% (131/187)
Compressing objects:  71% (133/187)
Compressing objects:  72% (135/187)
Compressing objects:  73% (137/187)
Compressing objects:  74% (139/187)
Compressing objects:  75% (141/187)
Compressing objects:  76% (143/187)
Compressing objects:  77% (144/187)
Compressing objects:  78% (146/187)
Compressing objects:  79% (148/187)
Compressing objects:  80% (150/187)
Compressing objects:  81% (152/187)
Compressing objects:  82% (154/187)
Compressing objects:  83% (156/187)
Compressing objects:  84% (158/187)
Compressing objects:  85% (159/187)
Compressing objects:  86% (161/187)
Compressing objects:  87% (163/187)
Compressing objects:  88% (165/187)
Compressing objects:  89% (167/187)
Compressing objects:  90% (169/187)
Compressing objects:  91% (171/187)
Compressing objects:  92% (173/187)
Compressing objects:  93% (174/187)
Compressing objects:  94% (176/187)
Compressing objects:  95% (178/187)
Compressing objects:  96% (180/187)
Compressing objects:  97% (182/187)
Compressing objects:  98% (184/187)
Compressing objects:  99% (186/187)
Compressing objects: 100% (187/187)
Compressing objects: 100% (187/187), done.
Writing objects:   0% (1/187)
Writing objects:   1% (2/187)
Writing objects:   2% (4/187)
Writing objects:   3% (6/187)
Writing objects:   4% (8/187)
Writing objects:   5% (10/187)
Writing objects:   6% (12/187)
Writing objects:   7% (14/187)
Writing objects:   8% (16/187)
Writing objects:   9% (17/187)
Writing objects:  10% (19/187)
Writing objects:  11% (21/187)
Writing objects:  12% (23/187)
Writing objects:  13% (25/187)
Writing objects:  14% (27/187)
Writing objects:  15% (29/187)
Writing objects:  16% (30/187)
Writing objects:  16% (31/187), 984.00 KiB | 498.00 KiB/s
Writing objects:  16% (31/187), 1.72 MiB | 712.00 KiB/s  
Writing objects:  16% (31/187), 3.06 MiB | 895.00 KiB/s
Writing objects:  16% (31/187), 3.90 MiB | 995.00 KiB/s
Writing objects:  16% (31/187), 6.84 MiB | 1.36 MiB/s  
Writing objects:  16% (31/187), 9.13 MiB | 1.78 MiB/s
Writing objects:  16% (31/187), 12.57 MiB | 2.35 MiB/s
Writing objects:  16% (31/187), 15.86 MiB | 2.79 MiB/s
Writing objects:  16% (31/187), 18.28 MiB | 2.86 MiB/s
Writing objects:  16% (31/187), 21.55 MiB | 2.98 MiB/s
Writing objects:  16% (31/187), 23.76 MiB | 2.90 MiB/s
Writing objects:  16% (31/187), 26.38 MiB | 2.66 MiB/s
Writing objects:  16% (31/187), 29.96 MiB | 2.87 MiB/s
Writing objects:  16% (31/187), 32.84 MiB | 2.87 MiB/s
Writing objects:  16% (31/187), 35.52 MiB | 2.81 MiB/s
Writing objects:  16% (31/187), 37.10 MiB | 2.67 MiB/s
Writing objects:  16% (31/187), 38.52 MiB | 2.26 MiB/s
Writing objects:  16% (31/187), 40.09 MiB | 1.94 MiB/s
Writing objects:  16% (31/187), 42.14 MiB | 1.69 MiB/s
Writing objects:  16% (31/187), 45.39 MiB | 1.97 MiB/s
Writing objects:  16% (31/187), 47.76 MiB | 2.20 MiB/s
Writing objects:  17% (32/187), 47.76 MiB | 2.20 MiB/s
Writing objects:  17% (32/187), 48.04 MiB | 1.87 MiB/s
Writing objects:  17% (32/187), 50.88 MiB | 2.12 MiB/s
Writing objects:  17% (32/187), 54.65 MiB | 2.46 MiB/s
Writing objects:  17% (32/187), 57.48 MiB | 2.38 MiB/s
Writing objects:  17% (32/187), 61.54 MiB | 2.72 MiB/s
Writing objects:  17% (32/187), 65.43 MiB | 3.54 MiB/s
Writing objects:  17% (32/187), 68.03 MiB | 3.36 MiB/s
Writing objects:  17% (32/187), 70.77 MiB | 3.28 MiB/s
Writing objects:  17% (32/187), 74.53 MiB | 3.36 MiB/s
Writing objects:  17% (32/187), 79.09 MiB | 3.38 MiB/s
Writing objects:  17% (32/187), 82.56 MiB | 3.51 MiB/s
Writing objects:  17% (32/187), 87.19 MiB | 3.94 MiB/s
Writing objects:  17% (32/187), 90.05 MiB | 3.88 MiB/s
Writing objects:  17% (32/187), 93.31 MiB | 3.57 MiB/s
Writing objects:  17% (33/187), 96.05 MiB | 3.02 MiB/s
Writing objects:  17% (33/187), 97.52 MiB | 2.94 MiB/s
Writing objects:  17% (33/187), 100.85 MiB | 2.69 MiB/s
Writing objects:  17% (33/187), 105.52 MiB | 3.04 MiB/s
Writing objects:  17% (33/187), 108.99 MiB | 3.08 MiB/s
Writing objects:  17% (33/187), 111.48 MiB | 3.40 MiB/s
Writing objects:  17% (33/187), 114.27 MiB | 3.34 MiB/s
Writing objects:  17% (33/187), 118.77 MiB | 3.50 MiB/s
Writing objects:  17% (33/187), 122.55 MiB | 3.33 MiB/s
Writing objects:  17% (33/187), 125.42 MiB | 3.29 MiB/s
Writing objects:  17% (33/187), 129.98 MiB | 3.80 MiB/s
Writing objects:  17% (33/187), 134.24 MiB | 3.94 MiB/s
Writing objects:  17% (33/187), 137.97 MiB | 3.66 MiB/s
Writing objects:  17% (33/187), 140.73 MiB | 3.73 MiB/s
Writing objects:  17% (33/187), 144.02 MiB | 3.68 MiB/s
Writing objects:  18% (34/187), 144.02 MiB | 3.68 MiB/s
Writing objects:  18% (34/187), 144.07 MiB | 2.83 MiB/s
Writing objects:  18% (34/187), 146.71 MiB | 2.51 MiB/s
Writing objects:  18% (34/187), 150.07 MiB | 2.43 MiB/s
Writing objects:  18% (34/187), 154.96 MiB | 2.87 MiB/s
Writing objects:  18% (34/187), 157.36 MiB | 2.68 MiB/s
Writing objects:  18% (34/187), 160.90 MiB | 3.42 MiB/s
Writing objects:  18% (34/187), 161.88 MiB | 2.97 MiB/s
Writing objects:  18% (34/187), 162.57 MiB | 2.18 MiB/s
Writing objects:  18% (34/187), 163.15 MiB | 1.50 MiB/s
Writing objects:  18% (34/187), 164.65 MiB | 1.21 MiB/s
Writing objects:  18% (34/187), 168.29 MiB | 1.43 MiB/s
Writing objects:  18% (34/187), 171.93 MiB | 2.07 MiB/s
Writing objects:  18% (34/187), 176.66 MiB | 2.99 MiB/s
Writing objects:  18% (34/187), 180.07 MiB | 3.64 MiB/s
Writing objects:  18% (34/187), 183.12 MiB | 3.71 MiB/s
Writing objects:  18% (34/187), 187.49 MiB | 3.84 MiB/s
Writing objects:  18% (34/187), 191.30 MiB | 3.77 MiB/s
Writing objects:  18% (34/187), 192.06 MiB | 3.14 MiB/s
Writing objects:  19% (36/187), 193.61 MiB | 3.00 MiB/s
Writing objects:  20% (38/187), 193.61 MiB | 3.00 MiB/s
Writing objects:  21% (40/187), 193.61 MiB | 3.00 MiB/s
Writing objects:  21% (40/187), 194.08 MiB | 2.85 MiB/s
Writing objects:  23% (44/187), 194.08 MiB | 2.85 MiB/s
Writing objects:  25% (47/187), 194.08 MiB | 2.85 MiB/s
Writing objects:  26% (49/187), 194.08 MiB | 2.85 MiB/s
Writing objects:  26% (50/187), 195.11 MiB | 2.50 MiB/s
Writing objects:  27% (51/187), 195.11 MiB | 2.50 MiB/s
Writing objects:  27% (51/187), 195.95 MiB | 2.14 MiB/s
Writing objects:  27% (52/187), 196.82 MiB | 1.79 MiB/s
Writing objects:  28% (53/187), 196.82 MiB | 1.79 MiB/s
Writing objects:  28% (53/187), 197.68 MiB | 1.39 MiB/s
Writing objects:  28% (53/187), 198.97 MiB | 1.27 MiB/s
Writing objects:  28% (53/187), 201.81 MiB | 1.40 MiB/s
Writing objects:  28% (53/187), 205.15 MiB | 1.59 MiB/s
Writing objects:  28% (53/187), 208.18 MiB | 2.08 MiB/s
Writing objects:  28% (53/187), 211.26 MiB | 2.99 MiB/s
Writing objects:  28% (53/187), 213.89 MiB | 3.00 MiB/s
Writing objects:  28% (53/187), 215.72 MiB | 2.59 MiB/s
Writing objects:  28% (53/187), 217.24 MiB | 2.34 MiB/s
Writing objects:  28% (53/187), 219.60 MiB | 2.09 MiB/s
Writing objects:  28% (53/187), 223.02 MiB | 2.26 MiB/s
Writing objects:  28% (53/187), 225.81 MiB | 2.39 MiB/s
Writing objects:  28% (53/187), 229.95 MiB | 2.94 MiB/s
Writing objects:  28% (53/187), 233.97 MiB | 3.45 MiB/s
Writing objects:  28% (53/187), 237.59 MiB | 3.55 MiB/s
Writing objects:  28% (53/187), 240.54 MiB | 3.57 MiB/s
Writing objects:  28% (53/187), 243.67 MiB | 3.51 MiB/s
Writing objects:  28% (53/187), 245.70 MiB | 3.01 MiB/s
Writing objects:  28% (53/187), 248.40 MiB | 2.76 MiB/s
Writing objects:  29% (55/187), 248.40 MiB | 2.76 MiB/s
Writing objects:  30% (57/187), 248.40 MiB | 2.76 MiB/s
Writing objects:  31% (58/187), 248.40 MiB | 2.76 MiB/s
Writing objects:  32% (60/187), 248.40 MiB | 2.76 MiB/s
Writing objects:  33% (62/187), 248.40 MiB | 2.76 MiB/s
Writing objects:  33% (63/187), 249.05 MiB | 2.37 MiB/s
Writing objects:  34% (64/187), 250.39 MiB | 2.26 MiB/s
Writing objects:  34% (64/187), 250.77 MiB | 1.92 MiB/s
Writing objects:  34% (64/187), 252.48 MiB | 1.95 MiB/s
Writing objects:  34% (64/187), 255.94 MiB | 2.01 MiB/s
Writing objects:  34% (64/187), 258.10 MiB | 2.04 MiB/s
Writing objects:  34% (64/187), 259.52 MiB | 2.09 MiB/s
Writing objects:  34% (64/187), 260.64 MiB | 2.17 MiB/s
Writing objects:  34% (64/187), 262.73 MiB | 1.86 MiB/s
Writing objects:  34% (64/187), 266.30 MiB | 2.02 MiB/s
Writing objects:  34% (64/187), 269.05 MiB | 2.25 MiB/s
Writing objects:  34% (64/187), 272.85 MiB | 2.79 MiB/s
Writing objects:  34% (64/187), 277.57 MiB | 3.54 MiB/s
Writing objects:  34% (64/187), 280.95 MiB | 3.64 MiB/s
Writing objects:  34% (64/187), 283.25 MiB | 3.42 MiB/s
Writing objects:  34% (64/187), 283.55 MiB | 2.73 MiB/s
Writing objects:  34% (64/187), 283.74 MiB | 2.24 MiB/s
Writing objects:  34% (64/187), 284.00 MiB | 1.19 MiB/s
Writing objects:  34% (64/187), 284.03 MiB | 925.00 KiB/s
Writing objects:  34% (64/187), 284.16 MiB | 239.00 KiB/s
Writing objects:  34% (64/187), 284.22 MiB | 155.00 KiB/s
Writing objects:  34% (64/187), 284.25 MiB | 104.00 KiB/s
Writing objects:  34% (64/187), 284.27 MiB | 73.00 KiB/s 
Writing objects:  34% (64/187), 284.28 MiB | 39.00 KiB/s
Writing objects:  34% (64/187), 284.39 MiB | 34.00 KiB/s
Writing objects:  34% (64/187), 284.44 MiB | 32.00 KiB/s
Writing objects:  34% (64/187), 284.64 MiB | 42.00 KiB/s
Writing objects:  34% (64/187), 284.66 MiB | 22.00 KiB/s
Writing objects:  34% (64/187), 284.86 MiB | 30.00 KiB/s
Writing objects:  34% (64/187), 285.13 MiB | 48.00 KiB/s
Writing objects:  34% (64/187), 285.22 MiB | 65.00 KiB/s
Writing objects:  34% (64/187), 285.82 MiB | 98.00 KiB/s
Writing objects:  34% (64/187), 285.98 MiB | 95.00 KiB/s
Writing objects:  34% (64/187), 287.02 MiB | 413.00 KiB/s
Writing objects:  34% (64/187), 287.69 MiB | 518.00 KiB/s
Writing objects:  34% (64/187), 287.97 MiB | 595.00 KiB/s
Writing objects:  34% (64/187), 288.17 MiB | 487.00 KiB/s
Writing objects:  34% (64/187), 288.20 MiB | 321.00 KiB/s
Writing objects:  34% (64/187), 288.33 MiB | 316.00 KiB/s
Writing objects:  34% (64/187), 288.67 MiB | 220.00 KiB/s
Writing objects:  34% (64/187), 288.86 MiB | 139.00 KiB/s
Writing objects:  34% (64/187), 288.89 MiB | 108.00 KiB/s
Writing objects:  34% (64/187), 289.08 MiB | 108.00 KiB/s
Writing objects:  34% (64/187), 289.53 MiB | 136.00 KiB/s
Writing objects:  34% (64/187), 291.11 MiB | 380.00 KiB/s
Writing objects:  34% (64/187), 292.27 MiB | 513.00 KiB/s
Writing objects:  35% (66/187), 292.96 MiB | 585.00 KiB/s
Writing objects:  36% (68/187), 292.96 MiB | 585.00 KiB/s
Writing objects:  36% (68/187), 293.07 MiB | 656.00 KiB/s
Writing objects:  36% (68/187), 295.41 MiB | 1.37 MiB/s  
Writing objects:  36% (68/187), 297.76 MiB | 1.59 MiB/s
Writing objects:  36% (68/187), 300.13 MiB | 1.86 MiB/s
Writing objects:  36% (68/187), 302.96 MiB | 2.18 MiB/s
Writing objects:  36% (68/187), 306.55 MiB | 2.67 MiB/s
Writing objects:  36% (68/187), 309.58 MiB | 2.85 MiB/s
Writing objects:  36% (68/187), 313.89 MiB | 3.27 MiB/s
Writing objects:  36% (68/187), 317.30 MiB | 3.50 MiB/s
Writing objects:  37% (71/187), 317.30 MiB | 3.50 MiB/s
Writing objects:  38% (72/187), 317.30 MiB | 3.50 MiB/s
Writing objects:  39% (73/187), 317.30 MiB | 3.50 MiB/s
Writing objects:  40% (75/187), 317.30 MiB | 3.50 MiB/s
Writing objects:  41% (77/187), 317.30 MiB | 3.50 MiB/s
Writing objects:  42% (79/187), 317.30 MiB | 3.50 MiB/s
Writing objects:  43% (81/187), 317.30 MiB | 3.50 MiB/s
Writing objects:  44% (83/187), 317.30 MiB | 3.50 MiB/s
Writing objects:  45% (85/187), 317.30 MiB | 3.50 MiB/s
Writing objects:  46% (87/187), 317.30 MiB | 3.50 MiB/s
Writing objects:  47% (88/187), 317.30 MiB | 3.50 MiB/s
Writing objects:  48% (90/187), 317.30 MiB | 3.50 MiB/s
Writing objects:  49% (93/187), 317.30 MiB | 3.50 MiB/s
Writing objects:  50% (94/187), 317.30 MiB | 3.50 MiB/s
Writing objects:  51% (96/187), 317.30 MiB | 3.50 MiB/s
Writing objects:  52% (98/187), 317.30 MiB | 3.50 MiB/s
Writing objects:  53% (100/187), 317.30 MiB | 3.50 MiB/s
Writing objects:  54% (102/187), 317.30 MiB | 3.50 MiB/s
Writing objects:  55% (103/187), 317.30 MiB | 3.50 MiB/s
Writing objects:  56% (105/187), 317.30 MiB | 3.50 MiB/s
Writing objects:  57% (107/187), 317.30 MiB | 3.50 MiB/s
Writing objects:  58% (109/187), 317.30 MiB | 3.50 MiB/s
Writing objects:  59% (111/187), 317.30 MiB | 3.50 MiB/s
Writing objects:  60% (113/187), 317.30 MiB | 3.50 MiB/s
Writing objects:  61% (115/187), 317.30 MiB | 3.50 MiB/s
Writing objects:  62% (116/187), 317.30 MiB | 3.50 MiB/s
Writing objects:  63% (118/187), 317.30 MiB | 3.50 MiB/s
Writing objects:  64% (120/187), 317.30 MiB | 3.50 MiB/s
Writing objects:  65% (122/187), 317.30 MiB | 3.50 MiB/s
Writing objects:  66% (124/187), 317.30 MiB | 3.50 MiB/s
Writing objects:  67% (126/187), 317.30 MiB | 3.50 MiB/s
Writing objects:  68% (128/187), 317.30 MiB | 3.50 MiB/s
Writing objects:  69% (130/187), 317.30 MiB | 3.50 MiB/s
Writing objects:  70% (131/187), 317.30 MiB | 3.50 MiB/s
Writing objects:  71% (133/187), 317.30 MiB | 3.50 MiB/s
Writing objects:  72% (135/187), 317.30 MiB | 3.50 MiB/s
Writing objects:  73% (137/187), 317.30 MiB | 3.50 MiB/s
Writing objects:  74% (140/187), 317.30 MiB | 3.50 MiB/s
Writing objects:  75% (141/187), 317.30 MiB | 3.50 MiB/s
Writing objects:  76% (143/187), 317.30 MiB | 3.50 MiB/s
Writing objects:  77% (144/187), 317.30 MiB | 3.50 MiB/s
Writing objects:  78% (146/187), 317.30 MiB | 3.50 MiB/s
Writing objects:  79% (148/187), 317.30 MiB | 3.50 MiB/s
Writing objects:  80% (150/187), 317.30 MiB | 3.50 MiB/s
Writing objects:  81% (152/187), 317.30 MiB | 3.50 MiB/s
Writing objects:  82% (154/187), 317.30 MiB | 3.50 MiB/s
Writing objects:  83% (156/187), 317.30 MiB | 3.50 MiB/s
Writing objects:  84% (158/187), 317.30 MiB | 3.50 MiB/s
Writing objects:  85% (159/187), 317.30 MiB | 3.50 MiB/s
Writing objects:  86% (161/187), 317.30 MiB | 3.50 MiB/s
Writing objects:  87% (163/187), 317.30 MiB | 3.50 MiB/s
Writing objects:  88% (165/187), 317.30 MiB | 3.50 MiB/s
Writing objects:  89% (167/187), 317.30 MiB | 3.50 MiB/s
Writing objects:  90% (169/187), 317.30 MiB | 3.50 MiB/s
Writing objects:  91% (171/187), 317.30 MiB | 3.50 MiB/s
Writing objects:  92% (173/187), 317.30 MiB | 3.50 MiB/s
Writing objects:  93% (174/187), 317.30 MiB | 3.50 MiB/s
Writing objects:  94% (176/187), 317.30 MiB | 3.50 MiB/s
Writing objects:  95% (178/187), 317.30 MiB | 3.50 MiB/s
Writing objects:  96% (180/187), 317.30 MiB | 3.50 MiB/s
Writing objects:  97% (182/187), 317.30 MiB | 3.50 MiB/s
Writing objects:  98% (184/187), 317.30 MiB | 3.50 MiB/s
Writing objects:  99% (186/187), 317.30 MiB | 3.50 MiB/s
Writing objects: 100% (187/187), 317.30 MiB | 3.50 MiB/s
Writing objects: 100% (187/187), 318.33 MiB | 1.94 MiB/s, done.
Total 187 (delta 108), reused 0 (delta 0), pack-reused 0 (from 0)
remote: Resolving deltas:   0% (0/108)        
remote: Resolving deltas:   1% (2/108)        
remote: Resolving deltas:   2% (3/108)        
remote: Resolving deltas:   3% (4/108)        
remote: Resolving deltas:   4% (5/108)        
remote: Resolving deltas:   5% (6/108)        
remote: Resolving deltas:   6% (7/108)        
remote: Resolving deltas:   7% (8/108)        
remote: Resolving deltas:   8% (9/108)        
remote: Resolving deltas:   9% (10/108)        
remote: Resolving deltas:  10% (11/108)        
remote: Resolving deltas:  11% (12/108)        
remote: Resolving deltas:  12% (13/108)        
remote: Resolving deltas:  12% (14/108)        
remote: Resolving deltas:  13% (15/108)        
remote: Resolving deltas:  14% (16/108)        
remote: Resolving deltas:  15% (17/108)        
remote: Resolving deltas:  16% (18/108)        
remote: Resolving deltas:  17% (19/108)        
remote: Resolving deltas:  18% (20/108)        
remote: Resolving deltas:  19% (21/108)        
remote: Resolving deltas:  20% (22/108)        
remote: Resolving deltas:  21% (23/108)        
remote: Resolving deltas:  22% (24/108)        
remote: Resolving deltas:  23% (25/108)        
remote: Resolving deltas:  24% (26/108)        
remote: Resolving deltas:  25% (27/108)        
remote: Resolving deltas:  26% (29/108)        
remote: Resolving deltas:  27% (30/108)        
remote: Resolving deltas:  28% (31/108)        
remote: Resolving deltas:  29% (32/108)        
remote: Resolving deltas:  30% (33/108)        
remote: Resolving deltas:  31% (34/108)        
remote: Resolving deltas:  32% (35/108)        
remote: Resolving deltas:  33% (36/108)        
remote: Resolving deltas:  34% (37/108)        
remote: Resolving deltas:  35% (38/108)        
remote: Resolving deltas:  36% (39/108)        
remote: Resolving deltas:  37% (40/108)        
remote: Resolving deltas:  38% (42/108)        
remote: Resolving deltas:  39% (43/108)        
remote: Resolving deltas:  40% (44/108)        
remote: Resolving deltas:  41% (45/108)        
remote: Resolving deltas:  42% (46/108)        
remote: Resolving deltas:  43% (47/108)        
remote: Resolving deltas:  44% (48/108)        
remote: Resolving deltas:  45% (49/108)        
remote: Resolving deltas:  46% (50/108)        
remote: Resolving deltas:  47% (51/108)        
remote: Resolving deltas:  48% (52/108)        
remote: Resolving deltas:  49% (53/108)        
remote: Resolving deltas:  50% (54/108)        
remote: Resolving deltas:  51% (56/108)        
remote: Resolving deltas:  52% (57/108)        
remote: Resolving deltas:  53% (58/108)        
remote: Resolving deltas:  54% (59/108)        
remote: Resolving deltas:  55% (60/108)        
remote: Resolving deltas:  56% (61/108)        
remote: Resolving deltas:  57% (62/108)        
remote: Resolving deltas:  58% (63/108)        
remote: Resolving deltas:  59% (64/108)        
remote: Resolving deltas:  60% (65/108)        
remote: Resolving deltas:  61% (66/108)        
remote: Resolving deltas:  62% (67/108)        
remote: Resolving deltas:  63% (69/108)        
remote: Resolving deltas:  64% (70/108)        
remote: Resolving deltas:  65% (71/108)        
remote: Resolving deltas:  66% (72/108)        
remote: Resolving deltas:  67% (73/108)        
remote: Resolving deltas:  68% (74/108)        
remote: Resolving deltas:  69% (75/108)        
remote: Resolving deltas:  70% (76/108)        
remote: Resolving deltas:  71% (77/108)        
remote: Resolving deltas:  72% (78/108)        
remote: Resolving deltas:  73% (79/108)        
remote: Resolving deltas:  74% (80/108)        
remote: Resolving deltas:  75% (81/108)        
remote: Resolving deltas:  76% (83/108)        
remote: Resolving deltas:  77% (84/108)        
remote: Resolving deltas:  78% (85/108)        
remote: Resolving deltas:  79% (86/108)        
remote: Resolving deltas:  80% (87/108)        
remote: Resolving deltas:  81% (88/108)        
remote: Resolving deltas:  82% (89/108)        
remote: Resolving deltas:  83% (90/108)        
remote: Resolving deltas:  84% (91/108)        
remote: Resolving deltas:  85% (92/108)        
remote: Resolving deltas:  86% (93/108)        
remote: Resolving deltas:  87% (94/108)        
remote: Resolving deltas:  88% (96/108)        
remote: Resolving deltas:  89% (97/108)        
remote: Resolving deltas:  90% (98/108)        
remote: Resolving deltas:  91% (99/108)        
remote: Resolving deltas:  92% (100/108)        
remote: Resolving deltas:  93% (101/108)        
remote: Resolving deltas:  94% (102/108)        
remote: Resolving deltas:  95% (103/108)        
remote: Resolving deltas:  96% (104/108)        
remote: Resolving deltas:  97% (105/108)        
remote: Resolving deltas:  98% (106/108)        
remote: Resolving deltas:  99% (107/108)        
remote: Resolving deltas: 100% (108/108)        
remote: Resolving deltas: 100% (108/108), completed with 10 local objects.        
To https://github.com/A-lan-Z/Token-Reconstruction-Research.git
 	d68b4f668c615c85877cf508f6678f4919f94007:refs/heads/task/TRR-0020	2a3b31a..d68b4f6
Done
