Traceback (most recent call last):
  File "/home/alanz/spartan/punim2939/Token-Reconstruction-Research/.worktrees/TRR-0004/scripts/trr0004_affine_coverage_diagnostic.py", line 485, in <module>
    raise SystemExit(main())
                     ^^^^^^
  File "/home/alanz/spartan/punim2939/Token-Reconstruction-Research/.worktrees/TRR-0004/scripts/trr0004_affine_coverage_diagnostic.py", line 480, in main
    return run(_parser().parse_args(argv))
           ^^^^^^^^^^^^^^^^^^^^^^^^^^^^^^^
  File "/home/alanz/spartan/punim2939/Token-Reconstruction-Research/.worktrees/TRR-0004/scripts/trr0004_affine_coverage_diagnostic.py", line 458, in run
    output.write_text(json.dumps(result, indent=2, sort_keys=True) + "\n", encoding="utf-8")
                      ^^^^^^^^^^^^^^^^^^^^^^^^^^^^^^^^^^^^^^^^^^^^
  File "/usr/lib/python3.12/json/__init__.py", line 238, in dumps
    **kw).encode(obj)
          ^^^^^^^^^^^
  File "/usr/lib/python3.12/json/encoder.py", line 202, in encode
    chunks = list(chunks)
             ^^^^^^^^^^^^
  File "/usr/lib/python3.12/json/encoder.py", line 432, in _iterencode
    yield from _iterencode_dict(o, _current_indent_level)
  File "/usr/lib/python3.12/json/encoder.py", line 406, in _iterencode_dict
    yield from chunks
  File "/usr/lib/python3.12/json/encoder.py", line 406, in _iterencode_dict
    yield from chunks
  File "/usr/lib/python3.12/json/encoder.py", line 439, in _iterencode
    o = _default(o)
        ^^^^^^^^^^^
  File "/usr/lib/python3.12/json/encoder.py", line 180, in default
    raise TypeError(f'Object of type {o.__class__.__name__} '
TypeError: Object of type PosixPath is not JSON serializable
