Token indices sequence length is longer than the specified maximum sequence length for this model (242066 > 131072). Running this sequence through the model will result in indexing errors
Loading weights:   0%|          | 0/146 [00:00<?, ?it/s]Loading weights: 100%|██████████| 146/146 [00:00<00:00, 1954.61it/s]
Loading weights:   0%|          | 0/146 [00:00<?, ?it/s]Loading weights: 100%|██████████| 146/146 [00:00<00:00, 1984.74it/s]
{
  "capture": {
    "bytes": 24234,
    "path": "/home/alanz/spartan/punim2939/Token-Reconstruction-Research/.worktrees/TRR-0006/experiments/TRR-0006/panel_capture_v1/capture.json",
    "sha256": "a367deb88bc02466a1de7aff2a9928e1c9d8109a43869e7ab2aabbe2972a2977"
  },
  "observation_manifest": {
    "bytes": 5318,
    "path": "/home/alanz/spartan/punim2939/Token-Reconstruction-Research/.worktrees/TRR-0006/experiments/TRR-0006/panel_capture_v1/observations.json",
    "sha256": "abeb22804a38947ad67b7cf3a4584fcb569e7dcad7fba48234f64c773511ff0e"
  },
  "panel": {
    "bytes": 1579,
    "path": "/home/alanz/spartan/punim2939/Token-Reconstruction-Research/.worktrees/TRR-0006/experiments/TRR-0006/panel_capture_v1/panel.json",
    "sha256": "951ded7d07d5be848af9c55ac0eb202b77053b27da7339b9ac43c64bce75b04a"
  },
  "records_per_domain": 1536,
  "status": "PUBLIC_OBSERVATIONS_CAPTURE_COMPLETE_NO_TRUTH",
  "task_id": "TRR-0006",
  "truth_opened": false
}
