GPU queue: 0 s; other compute processes [] free 14113 MiB
Exclusive GPU preflight passed; launching ['python3', 'scripts/trr0020_canonical/run.py']
PHASE_START a1_native 0 2026-09-19T16:26:26Z
QUALIFIED a1_native 0 11.595
FROZEN a1_native 0 8 192
FROZEN a1_native 0 16 192
FROZEN a1_native 0 24 192
FROZEN a1_native 0 32 192
FROZEN a1_native 0 40 192
FROZEN a1_native 0 48 192
FROZEN a1_native 0 56 192
FROZEN a1_native 0 64 192
FROZEN a1_native 0 72 192
FROZEN a1_native 0 80 192
FROZEN a1_native 0 88 192
FROZEN a1_native 0 96 192
FROZEN a1_native 0 104 192
FROZEN a1_native 0 112 192
FROZEN a1_native 0 120 192
FROZEN a1_native 0 128 192
FROZEN a1_native 0 136 192
FROZEN a1_native 0 144 192
FROZEN a1_native 0 152 192
FROZEN a1_native 0 160 192
FROZEN a1_native 0 168 192
FROZEN a1_native 0 176 192
FROZEN a1_native 0 184 192
FROZEN a1_native 0 192 192
PHASE_COMPLETE a1_native 0
PHASE_START gini128 0 2026-09-19T16:28:26Z
QUALIFIED gini128 0 11.37
FROZEN gini128 0 8 192
FROZEN gini128 0 16 192
FROZEN gini128 0 24 192
FROZEN gini128 0 32 192
FROZEN gini128 0 40 192
FROZEN gini128 0 48 192
FROZEN gini128 0 56 192
FROZEN gini128 0 64 192
FROZEN gini128 0 72 192
FROZEN gini128 0 80 192
FROZEN gini128 0 88 192
FROZEN gini128 0 96 192
FROZEN gini128 0 104 192
FROZEN gini128 0 112 192
FROZEN gini128 0 120 192
FROZEN gini128 0 128 192
FROZEN gini128 0 136 192
FROZEN gini128 0 144 192
FROZEN gini128 0 152 192
FROZEN gini128 0 160 192
FROZEN gini128 0 168 192
FROZEN gini128 0 176 192
FROZEN gini128 0 184 192
FROZEN gini128 0 192 192
PHASE_COMPLETE gini128 0
PHASE_START a1_graph 0 2026-09-19T16:31:37Z
QUALIFIED a1_graph 0 11.712
FROZEN a1_graph 0 8 192
FROZEN a1_graph 0 16 192
FROZEN a1_graph 0 24 192
FROZEN a1_graph 0 32 192
FROZEN a1_graph 0 40 192
FROZEN a1_graph 0 48 192
FROZEN a1_graph 0 56 192
FROZEN a1_graph 0 64 192
FROZEN a1_graph 0 72 192
FROZEN a1_graph 0 80 192
FROZEN a1_graph 0 88 192
FROZEN a1_graph 0 96 192
FROZEN a1_graph 0 104 192
FROZEN a1_graph 0 112 192
FROZEN a1_graph 0 120 192
FROZEN a1_graph 0 128 192
FROZEN a1_graph 0 136 192
FROZEN a1_graph 0 144 192
FROZEN a1_graph 0 152 192
FROZEN a1_graph 0 160 192
FROZEN a1_graph 0 168 192
FROZEN a1_graph 0 176 192
FROZEN a1_graph 0 184 192
FROZEN a1_graph 0 192 192
PHASE_COMPLETE a1_graph 0
PHASE_START halfhard256 0 2026-09-19T16:33:00Z
QUALIFIED halfhard256 0 11.37
FROZEN halfhard256 0 8 192
FROZEN halfhard256 0 16 192
FROZEN halfhard256 0 24 192
FROZEN halfhard256 0 32 192
FROZEN halfhard256 0 40 192
FROZEN halfhard256 0 48 192
FROZEN halfhard256 0 56 192
FROZEN halfhard256 0 64 192
FROZEN halfhard256 0 72 192
FROZEN halfhard256 0 80 192
FROZEN halfhard256 0 88 192
FROZEN halfhard256 0 96 192
FROZEN halfhard256 0 104 192
FROZEN halfhard256 0 112 192
FROZEN halfhard256 0 120 192
FROZEN halfhard256 0 128 192
FROZEN halfhard256 0 136 192
FROZEN halfhard256 0 144 192
FROZEN halfhard256 0 152 192
FROZEN halfhard256 0 160 192
FROZEN halfhard256 0 168 192
FROZEN halfhard256 0 176 192
FROZEN halfhard256 0 184 192
FROZEN halfhard256 0 192 192
PHASE_COMPLETE halfhard256 0
PHASE_START gini128 1 2026-09-19T16:38:45Z
QUALIFIED gini128 1 11.37
FROZEN gini128 1 8 192
FROZEN gini128 1 16 192
FROZEN gini128 1 24 192
FROZEN gini128 1 32 192
FROZEN gini128 1 40 192
FROZEN gini128 1 48 192
FROZEN gini128 1 56 192
FROZEN gini128 1 64 192
FROZEN gini128 1 72 192
FROZEN gini128 1 80 192
FROZEN gini128 1 88 192
FROZEN gini128 1 96 192
FROZEN gini128 1 104 192
FROZEN gini128 1 112 192
FROZEN gini128 1 120 192
FROZEN gini128 1 128 192
FROZEN gini128 1 136 192
FROZEN gini128 1 144 192
FROZEN gini128 1 152 192
FROZEN gini128 1 160 192
FROZEN gini128 1 168 192
FROZEN gini128 1 176 192
FROZEN gini128 1 184 192
FROZEN gini128 1 192 192
PHASE_COMPLETE gini128 1
PHASE_START a1_graph 1 2026-09-19T16:41:54Z
QUALIFIED a1_graph 1 11.712
FROZEN a1_graph 1 8 192
FROZEN a1_graph 1 16 192
FROZEN a1_graph 1 24 192
FROZEN a1_graph 1 32 192
FROZEN a1_graph 1 40 192
FROZEN a1_graph 1 48 192
FROZEN a1_graph 1 56 192
FROZEN a1_graph 1 64 192
FROZEN a1_graph 1 72 192
FROZEN a1_graph 1 80 192
FROZEN a1_graph 1 88 192
FROZEN a1_graph 1 96 192
FROZEN a1_graph 1 104 192
FROZEN a1_graph 1 112 192
FROZEN a1_graph 1 120 192
FROZEN a1_graph 1 128 192
FROZEN a1_graph 1 136 192
FROZEN a1_graph 1 144 192
FROZEN a1_graph 1 152 192
FROZEN a1_graph 1 160 192
FROZEN a1_graph 1 168 192
FROZEN a1_graph 1 176 192
FROZEN a1_graph 1 184 192
FROZEN a1_graph 1 192 192
PHASE_COMPLETE a1_graph 1
PHASE_START halfhard256 1 2026-09-19T16:43:17Z
QUALIFIED halfhard256 1 11.37
FROZEN halfhard256 1 8 192
FROZEN halfhard256 1 16 192
FROZEN halfhard256 1 24 192
FROZEN halfhard256 1 32 192
FROZEN halfhard256 1 40 192
FROZEN halfhard256 1 48 192
FROZEN halfhard256 1 56 192
FROZEN halfhard256 1 64 192
FROZEN halfhard256 1 72 192
FROZEN halfhard256 1 80 192
FROZEN halfhard256 1 88 192
FROZEN halfhard256 1 96 192
FROZEN halfhard256 1 104 192
FROZEN halfhard256 1 112 192
FROZEN halfhard256 1 120 192
FROZEN halfhard256 1 128 192
FROZEN halfhard256 1 136 192
FROZEN halfhard256 1 144 192
FROZEN halfhard256 1 152 192
FROZEN halfhard256 1 160 192
FROZEN halfhard256 1 168 192
FROZEN halfhard256 1 176 192
FROZEN halfhard256 1 184 192
FROZEN halfhard256 1 192 192
PHASE_COMPLETE halfhard256 1
PHASE_START a1_native 1 2026-09-19T16:49:04Z
QUALIFIED a1_native 1 11.595
FROZEN a1_native 1 8 192
FROZEN a1_native 1 16 192
FROZEN a1_native 1 24 192
FROZEN a1_native 1 32 192
FROZEN a1_native 1 40 192
FROZEN a1_native 1 48 192
FROZEN a1_native 1 56 192
FROZEN a1_native 1 64 192
FROZEN a1_native 1 72 192
FROZEN a1_native 1 80 192
FROZEN a1_native 1 88 192
FROZEN a1_native 1 96 192
FROZEN a1_native 1 104 192
FROZEN a1_native 1 112 192
FROZEN a1_native 1 120 192
FROZEN a1_native 1 128 192
FROZEN a1_native 1 136 192
FROZEN a1_native 1 144 192
FROZEN a1_native 1 152 192
FROZEN a1_native 1 160 192
FROZEN a1_native 1 168 192
FROZEN a1_native 1 176 192
FROZEN a1_native 1 184 192
FROZEN a1_native 1 192 192
PHASE_COMPLETE a1_native 1
PHASE_START a1_graph 2 2026-09-19T16:51:05Z
QUALIFIED a1_graph 2 11.712
FROZEN a1_graph 2 8 192
FROZEN a1_graph 2 16 192
FROZEN a1_graph 2 24 192
FROZEN a1_graph 2 32 192
FROZEN a1_graph 2 40 192
FROZEN a1_graph 2 48 192
FROZEN a1_graph 2 56 192
FROZEN a1_graph 2 64 192
FROZEN a1_graph 2 72 192
FROZEN a1_graph 2 80 192
FROZEN a1_graph 2 88 192
FROZEN a1_graph 2 96 192
FROZEN a1_graph 2 104 192
FROZEN a1_graph 2 112 192
FROZEN a1_graph 2 120 192
FROZEN a1_graph 2 128 192
FROZEN a1_graph 2 136 192
FROZEN a1_graph 2 144 192
FROZEN a1_graph 2 152 192
FROZEN a1_graph 2 160 192
FROZEN a1_graph 2 168 192
FROZEN a1_graph 2 176 192
FROZEN a1_graph 2 184 192
FROZEN a1_graph 2 192 192
PHASE_COMPLETE a1_graph 2
PHASE_START halfhard256 2 2026-09-19T16:52:30Z
QUALIFIED halfhard256 2 11.37
FROZEN halfhard256 2 8 192
FROZEN halfhard256 2 16 192
FROZEN halfhard256 2 24 192
FROZEN halfhard256 2 32 192
FROZEN halfhard256 2 40 192
FROZEN halfhard256 2 48 192
FROZEN halfhard256 2 56 192
FROZEN halfhard256 2 64 192
FROZEN halfhard256 2 72 192
FROZEN halfhard256 2 80 192
FROZEN halfhard256 2 88 192
FROZEN halfhard256 2 96 192
FROZEN halfhard256 2 104 192
FROZEN halfhard256 2 112 192
FROZEN halfhard256 2 120 192
FROZEN halfhard256 2 128 192
FROZEN halfhard256 2 136 192
FROZEN halfhard256 2 144 192
FROZEN halfhard256 2 152 192
FROZEN halfhard256 2 160 192
FROZEN halfhard256 2 168 192
FROZEN halfhard256 2 176 192
FROZEN halfhard256 2 184 192
FROZEN halfhard256 2 192 192
PHASE_COMPLETE halfhard256 2
PHASE_START a1_native 2 2026-09-19T16:58:20Z
QUALIFIED a1_native 2 11.595
FROZEN a1_native 2 8 192
FROZEN a1_native 2 16 192
FROZEN a1_native 2 24 192
FROZEN a1_native 2 32 192
FROZEN a1_native 2 40 192
FROZEN a1_native 2 48 192
FROZEN a1_native 2 56 192
FROZEN a1_native 2 64 192
FROZEN a1_native 2 72 192
FROZEN a1_native 2 80 192
FROZEN a1_native 2 88 192
FROZEN a1_native 2 96 192
FROZEN a1_native 2 104 192
FROZEN a1_native 2 112 192
FROZEN a1_native 2 120 192
FROZEN a1_native 2 128 192
FROZEN a1_native 2 136 192
FROZEN a1_native 2 144 192
FROZEN a1_native 2 152 192
FROZEN a1_native 2 160 192
FROZEN a1_native 2 168 192
FROZEN a1_native 2 176 192
FROZEN a1_native 2 184 192
FROZEN a1_native 2 192 192
PHASE_COMPLETE a1_native 2
PHASE_START gini128 2 2026-09-19T17:00:23Z
QUALIFIED gini128 2 11.37
FROZEN gini128 2 8 192
FROZEN gini128 2 16 192
FROZEN gini128 2 24 192
FROZEN gini128 2 32 192
FROZEN gini128 2 40 192
FROZEN gini128 2 48 192
FROZEN gini128 2 56 192
FROZEN gini128 2 64 192
FROZEN gini128 2 72 192
FROZEN gini128 2 80 192
FROZEN gini128 2 88 192
FROZEN gini128 2 96 192
FROZEN gini128 2 104 192
FROZEN gini128 2 112 192
FROZEN gini128 2 120 192
FROZEN gini128 2 128 192
FROZEN gini128 2 136 192
FROZEN gini128 2 144 192
FROZEN gini128 2 152 192
FROZEN gini128 2 160 192
FROZEN gini128 2 168 192
FROZEN gini128 2 176 192
FROZEN gini128 2 184 192
FROZEN gini128 2 192 192
PHASE_COMPLETE gini128 2
FULL2304RUNFREEZE_COMPLETE
