{
  "capture_sequence_tokens": 192,
  "method_freeze_sha256": "96330c8b935ff33ab3f69600c4456e556f901084ad2958e49287d2d329caa422",
  "method_ids": [
    "historical_alpaca_a1",
    "frozen_a1_a2_k256",
    "original__joint_full_affine",
    "original__affine_causal_h_attention128",
    "original__affine_trained_diagonal_attention128",
    "enriched__joint_full_affine",
    "enriched__affine_causal_h_attention128",
    "enriched__affine_trained_diagonal_attention128"
  ],
  "records_per_domain": 128,
  "selection_seed": 5005,
  "sequence_tokens": 128,
  "source_pool_contents_scanned": false,
  "source_ranges_half_open": {
    "finance": [
      12000,
      20000
    ],
    "pile": [
      7000,
      10000
    ]
  },
  "status": "PREFLIGHT_METHOD_FREEZE_ACCEPTED_NO_SOURCE_READ",
  "task_id": "TRR-0005",
  "truth_opened": false
}
